training-machine5@training-machine5:~/docker-training-java/standalone$ docker pa
docker: 'pa' is not a docker command.
See 'docker --help'
training-machine5@training-machine5:~/docker-training-java/standalone$ docker ps
CONTAINER ID        IMAGE               COMMAND                  CREATED             STATUS              PORTS               NAMES
d152dd0ad831        java8-app           "java -jar /standalo…"   35 seconds ago      Up 33 seconds                           java8-app-c1
training-machine5@training-machine5:~/docker-training-java/standalone$ docker ps -a
CONTAINER ID        IMAGE               COMMAND                  CREATED             STATUS                      PORTS               NAMES
d152dd0ad831        java8-app           "java -jar /standalo…"   43 seconds ago      Up 41 seconds                                   java8-app-c1
efb62ef35ea9        hello-world         "/hello"                 12 minutes ago      Exited (0) 12 minutes ago                       silly_chaplygin
training-machine5@training-machine5:~/docker-training-java/standalone$ docker ps -a
CONTAINER ID        IMAGE               COMMAND                  CREATED             STATUS                      PORTS               NAMES
a12287d73cc7        java8-app           "java -jar /standalo…"   7 seconds ago       Up 5 seconds                                    java8-app-c2
d152dd0ad831        java8-app           "java -jar /standalo…"   2 minutes ago       Up 2 minutes                                    java8-app-c1
efb62ef35ea9        hello-world         "/hello"                 14 minutes ago      Exited (0) 14 minutes ago                       silly_chaplygin
training-machine5@training-machine5:~/docker-training-java/standalone$ docker ps -a ls
"docker ps" accepts no arguments.
See 'docker ps --help'.

Usage:  docker ps [OPTIONS]

List containers
training-machine5@training-machine5:~/docker-training-java/standalone$ docker ps -a\dir
unknown shorthand flag: 'd' in -dir
See 'docker ps --help'.
training-machine5@training-machine5:~/docker-training-java/standalone$ docker ps -a
CONTAINER ID        IMAGE               COMMAND                  CREATED             STATUS                      PORTS               NAMES
a12287d73cc7        java8-app           "java -jar /standalo…"   24 seconds ago      Up 22 seconds                                   java8-app-c2
d152dd0ad831        java8-app           "java -jar /standalo…"   2 minutes ago       Up 2 minutes                                    java8-app-c1
efb62ef35ea9        hello-world         "/hello"                 14 minutes ago      Exited (0) 14 minutes ago                       silly_chaplygin
training-machine5@training-machine5:~/docker-training-java/standalone$ docker ps -a
CONTAINER ID        IMAGE               COMMAND                  CREATED             STATUS                      PORTS               NAMES
a12287d73cc7        java8-app           "java -jar /standalo…"   31 seconds ago      Up 29 seconds                                   java8-app-c2
d152dd0ad831        java8-app           "java -jar /standalo…"   3 minutes ago       Up 3 minutes                                    java8-app-c1
efb62ef35ea9        hello-world         "/hello"                 14 minutes ago      Exited (0) 14 minutes ago                       silly_chaplygin
training-machine5@training-machine5:~/docker-training-java/standalone$ docker ps -a
CONTAINER ID        IMAGE               COMMAND                  CREATED             STATUS                        PORTS               NAMES
2059a0081b2e        java8-app           "java -jar /standalo…"   5 seconds ago       Up 3 seconds                                      festive_mahavira
0a6613916504        java8-app           "java -jar /standalo…"   9 seconds ago       Up 7 seconds                                      competent_davinci
5b52603c7a3e        java8-app           "java -jar /standalo…"   13 seconds ago      Up 11 seconds                                     frosty_beaver
a12287d73cc7        java8-app           "java -jar /standalo…"   3 minutes ago       Up 3 minutes                                      java8-app-c2
d152dd0ad831        java8-app           "java -jar /standalo…"   5 minutes ago       Exited (130) 25 seconds ago                       java8-app-c1
efb62ef35ea9        hello-world         "/hello"                 17 minutes ago      Exited (0) 17 minutes ago                         silly_chaplygin
training-machine5@training-machine5:~/docker-training-java/standalone$ 
training-machine5@training-machine5:~/docker-training-java/standalone$ docker exec -it java-app-c2
"docker exec" requires at least 2 arguments.
See 'docker exec --help'.

Usage:  docker exec [OPTIONS] CONTAINER COMMAND [ARG...]

Run a command in a running container
training-machine5@training-machine5:~/docker-training-java/standalone$ docker exec -it java-app-c2 bash
Error: No such container: java-app-c2
training-machine5@training-machine5:~/docker-training-java/standalone$ docker exec -it silly_chaplyin  bash
Error: No such container: silly_chaplyin
training-machine5@training-machine5:~/docker-training-java/standalone$ docker ps -a
CONTAINER ID        IMAGE               COMMAND                  CREATED             STATUS                       PORTS               NAMES
2059a0081b2e        java8-app           "java -jar /standalo…"   4 minutes ago       Up 4 minutes                                     festive_mahavira
0a6613916504        java8-app           "java -jar /standalo…"   4 minutes ago       Up 4 minutes                                     competent_davinci
5b52603c7a3e        java8-app           "java -jar /standalo…"   4 minutes ago       Up 4 minutes                                     frosty_beaver
a12287d73cc7        java8-app           "java -jar /standalo…"   7 minutes ago       Up 7 minutes                                     java8-app-c2
d152dd0ad831        java8-app           "java -jar /standalo…"   10 minutes ago      Exited (130) 4 minutes ago                       java8-app-c1
efb62ef35ea9        hello-world         "/hello"                 21 minutes ago      Exited (0) 21 minutes ago                        silly_chaplygin
training-machine5@training-machine5:~/docker-training-java/standalone$ docker exec -it silly_chaplygin  bash
Error response from daemon: Container efb62ef35ea98ebcd446b063c9b20ac2dcd0d2b82d55b7167473a855979c2136 is not running
training-machine5@training-machine5:~/docker-training-java/standalone$ docker login
Login with your Docker ID to push and pull images from Docker Hub. If you don't have a Docker ID, head over to https://hub.docker.com to create one.
Username: vasanthakumar.ss@gmail.com
Password: 
Error response from daemon: Get https://registry-1.docker.io/v2/: unauthorized: incorrect username or password
training-machine5@training-machine5:~/docker-training-java/standalone$ docker login
Login with your Docker ID to push and pull images from Docker Hub. If you don't have a Docker ID, head over to https://hub.docker.com to create one.
Username: vasanthakumar.ss@gmail.com
Password: 
Error response from daemon: Get https://registry-1.docker.io/v2/: unauthorized: incorrect username or password
training-machine5@training-machine5:~/docker-training-java/standalone$ docker login
Login with your Docker ID to push and pull images from Docker Hub. If you don't have a Docker ID, head over to https://hub.docker.com to create one.
Username: vasanthakumar.ss@gmail.com
Password: 
Error response from daemon: Get https://registry-1.docker.io/v2/: unauthorized: incorrect username or password
training-machine5@training-machine5:~/docker-training-java/standalone$ docker login
Login with your Docker ID to push and pull images from Docker Hub. If you don't have a Docker ID, head over to https://hub.docker.com to create one.
Username: vasanthakumar.ss@gmail.com
Password: 
Error response from daemon: Get https://registry-1.docker.io/v2/: unauthorized: incorrect username or password
training-machine5@training-machine5:~/docker-training-java/standalone$ docker login
Login with your Docker ID to push and pull images from Docker Hub. If you don't have a Docker ID, head over to https://hub.docker.com to create one.
Username: vasanthakumar.ss@gmail.com
Password: 
Error response from daemon: Get https://registry-1.docker.io/v2/: unauthorized: incorrect username or password
training-machine5@training-machine5:~/docker-training-java/standalone$ docker login
Login with your Docker ID to push and pull images from Docker Hub. If you don't have a Docker ID, head over to https://hub.docker.com to create one.
Username: vasanthakumarss
Password: 
Login Succeeded
training-machine5@training-machine5:~/docker-training-java/standalone$ docker tag java8-app docker push vasanthakumarss/java-8-app-test:v1.0
"docker tag" requires exactly 2 arguments.
See 'docker tag --help'.

Usage:  docker tag SOURCE_IMAGE[:TAG] TARGET_IMAGE[:TAG]

Create a tag TARGET_IMAGE that refers to SOURCE_IMAGE
training-machine5@training-machine5:~/docker-training-java/standalone$ docker tag java8-app vasanthakumarss/java-8-app-test:v1.0
training-machine5@training-machine5:~/docker-training-java/standalone$ docker push vasanthakumarss/java-8-app-test:v1.0
The push refers to repository [docker.io/vasanthakumarss/java-8-app-test]
b3bf557a7f93: Pushed 
795c58d007a6: Mounted from library/openjdk 
32c83575bd30: Mounted from library/openjdk 
c109878b2e37: Mounted from library/openjdk 
e7c6a88ad7ae: Mounted from library/openjdk 
057abc6c6937: Mounted from library/openjdk 
d09a13f05627: Mounted from library/openjdk 
f73e7e79899a: Mounted from library/openjdk 
v1.0: digest: sha256:4d87fb55d8d77fed32e3c4ed96633524eac46d81b62e3d5c864ac3329a3ae8e9 size: 2003
training-machine5@training-machine5:~/docker-training-java/standalone$ docker push vasanthakumarss/java-8-app-test:v2.0
The push refers to repository [docker.io/vasanthakumarss/java-8-app-test]
tag does not exist: vasanthakumarss/java-8-app-test:v2.0
training-machine5@training-machine5:~/docker-training-java/standalone$ docker tag java8-app vasanthakumarss/java-8-app-test:v2.0
training-machine5@training-machine5:~/docker-training-java/standalone$ docker push vasanthakumarss/java-8-app-test:v2.0
The push refers to repository [docker.io/vasanthakumarss/java-8-app-test]
b3bf557a7f93: Layer already exists 
795c58d007a6: Layer already exists 
32c83575bd30: Layer already exists 
c109878b2e37: Layer already exists 
e7c6a88ad7ae: Layer already exists 
057abc6c6937: Layer already exists 
d09a13f05627: Layer already exists 
f73e7e79899a: Layer already exists 
v2.0: digest: sha256:4d87fb55d8d77fed32e3c4ed96633524eac46d81b62e3d5c864ac3329a3ae8e9 size: 2003
training-machine5@training-machine5:~/docker-training-java/standalone$ mvn dockerfile:build
[INFO] Scanning for projects...
Downloading from central: https://repo.maven.apache.org/maven2/org/apache/maven/plugins/maven-surefire-plugin/2.12.4/maven-surefire-plugin-2.12.4.pom
Downloaded from central: https://repo.maven.apache.org/maven2/org/apache/maven/plugins/maven-surefire-plugin/2.12.4/maven-surefire-plugin-2.12.4.pom (10 kB at 3.2 kB/s)
Downloading from central: https://repo.maven.apache.org/maven2/org/apache/maven/surefire/surefire/2.12.4/surefire-2.12.4.pom
Downloaded from central: https://repo.maven.apache.org/maven2/org/apache/maven/surefire/surefire/2.12.4/surefire-2.12.4.pom (14 kB at 25 kB/s)
Downloading from central: https://repo.maven.apache.org/maven2/org/apache/maven/plugins/maven-surefire-plugin/2.12.4/maven-surefire-plugin-2.12.4.jar
Downloaded from central: https://repo.maven.apache.org/maven2/org/apache/maven/plugins/maven-surefire-plugin/2.12.4/maven-surefire-plugin-2.12.4.jar (30 kB at 28 kB/s)
Downloading from central: https://repo.maven.apache.org/maven2/org/apache/maven/plugins/maven-install-plugin/2.4/maven-install-plugin-2.4.pom
Downloaded from central: https://repo.maven.apache.org/maven2/org/apache/maven/plugins/maven-install-plugin/2.4/maven-install-plugin-2.4.pom (6.4 kB at 14 kB/s)
Downloading from central: https://repo.maven.apache.org/maven2/org/apache/maven/plugins/maven-install-plugin/2.4/maven-install-plugin-2.4.jar
Downloaded from central: https://repo.maven.apache.org/maven2/org/apache/maven/plugins/maven-install-plugin/2.4/maven-install-plugin-2.4.jar (27 kB at 19 kB/s)
Downloading from central: https://repo.maven.apache.org/maven2/org/apache/maven/plugins/maven-deploy-plugin/2.7/maven-deploy-plugin-2.7.pom
Downloaded from central: https://repo.maven.apache.org/maven2/org/apache/maven/plugins/maven-deploy-plugin/2.7/maven-deploy-plugin-2.7.pom (5.6 kB at 12 kB/s)
Downloading from central: https://repo.maven.apache.org/maven2/org/apache/maven/plugins/maven-deploy-plugin/2.7/maven-deploy-plugin-2.7.jar
Downloaded from central: https://repo.maven.apache.org/maven2/org/apache/maven/plugins/maven-deploy-plugin/2.7/maven-deploy-plugin-2.7.jar (27 kB at 20 kB/s)
Downloading from central: https://repo.maven.apache.org/maven2/org/apache/maven/plugins/maven-site-plugin/3.3/maven-site-plugin-3.3.pom
Downloaded from central: https://repo.maven.apache.org/maven2/org/apache/maven/plugins/maven-site-plugin/3.3/maven-site-plugin-3.3.pom (21 kB at 29 kB/s)
Downloading from central: https://repo.maven.apache.org/maven2/org/apache/maven/plugins/maven-site-plugin/3.3/maven-site-plugin-3.3.jar
Downloaded from central: https://repo.maven.apache.org/maven2/org/apache/maven/plugins/maven-site-plugin/3.3/maven-site-plugin-3.3.jar (124 kB at 40 kB/s)
Downloading from central: https://repo.maven.apache.org/maven2/org/apache/maven/plugins/maven-antrun-plugin/1.3/maven-antrun-plugin-1.3.pom
Downloaded from central: https://repo.maven.apache.org/maven2/org/apache/maven/plugins/maven-antrun-plugin/1.3/maven-antrun-plugin-1.3.pom (4.7 kB at 10 kB/s)
Downloading from central: https://repo.maven.apache.org/maven2/org/apache/maven/plugins/maven-plugins/12/maven-plugins-12.pom
Downloaded from central: https://repo.maven.apache.org/maven2/org/apache/maven/plugins/maven-plugins/12/maven-plugins-12.pom (12 kB at 16 kB/s)
Downloading from central: https://repo.maven.apache.org/maven2/org/apache/maven/maven-parent/9/maven-parent-9.pom
Downloaded from central: https://repo.maven.apache.org/maven2/org/apache/maven/maven-parent/9/maven-parent-9.pom (33 kB at 24 kB/s)
Downloading from central: https://repo.maven.apache.org/maven2/org/apache/maven/plugins/maven-antrun-plugin/1.3/maven-antrun-plugin-1.3.jar
Downloaded from central: https://repo.maven.apache.org/maven2/org/apache/maven/plugins/maven-antrun-plugin/1.3/maven-antrun-plugin-1.3.jar (24 kB at 21 kB/s)
Downloading from central: https://repo.maven.apache.org/maven2/org/apache/maven/plugins/maven-assembly-plugin/2.2-beta-5/maven-assembly-plugin-2.2-beta-5.pom
Downloaded from central: https://repo.maven.apache.org/maven2/org/apache/maven/plugins/maven-assembly-plugin/2.2-beta-5/maven-assembly-plugin-2.2-beta-5.pom (15 kB at 15 kB/s)
Downloading from central: https://repo.maven.apache.org/maven2/org/apache/maven/plugins/maven-plugins/16/maven-plugins-16.pom
Downloaded from central: https://repo.maven.apache.org/maven2/org/apache/maven/plugins/maven-plugins/16/maven-plugins-16.pom (13 kB at 16 kB/s)
Downloading from central: https://repo.maven.apache.org/maven2/org/apache/maven/maven-parent/15/maven-parent-15.pom
Downloaded from central: https://repo.maven.apache.org/maven2/org/apache/maven/maven-parent/15/maven-parent-15.pom (24 kB at 15 kB/s)
Downloading from central: https://repo.maven.apache.org/maven2/org/apache/apache/6/apache-6.pom
Downloaded from central: https://repo.maven.apache.org/maven2/org/apache/apache/6/apache-6.pom (13 kB at 19 kB/s)
Downloading from central: https://repo.maven.apache.org/maven2/org/apache/maven/plugins/maven-assembly-plugin/2.2-beta-5/maven-assembly-plugin-2.2-beta-5.jar
Downloaded from central: https://repo.maven.apache.org/maven2/org/apache/maven/plugins/maven-assembly-plugin/2.2-beta-5/maven-assembly-plugin-2.2-beta-5.jar (209 kB at 42 kB/s)
Downloading from central: https://repo.maven.apache.org/maven2/org/apache/maven/plugins/maven-dependency-plugin/2.8/maven-dependency-plugin-2.8.pom
Downloaded from central: https://repo.maven.apache.org/maven2/org/apache/maven/plugins/maven-dependency-plugin/2.8/maven-dependency-plugin-2.8.pom (11 kB at 20 kB/s)
Downloading from central: https://repo.maven.apache.org/maven2/org/apache/maven/plugins/maven-dependency-plugin/2.8/maven-dependency-plugin-2.8.jar
Downloaded from central: https://repo.maven.apache.org/maven2/org/apache/maven/plugins/maven-dependency-plugin/2.8/maven-dependency-plugin-2.8.jar (153 kB at 34 kB/s)
Downloading from central: https://repo.maven.apache.org/maven2/org/apache/maven/plugins/maven-release-plugin/2.5.3/maven-release-plugin-2.5.3.pom
Downloaded from central: https://repo.maven.apache.org/maven2/org/apache/maven/plugins/maven-release-plugin/2.5.3/maven-release-plugin-2.5.3.pom (11 kB at 16 kB/s)
Downloading from central: https://repo.maven.apache.org/maven2/org/apache/maven/release/maven-release/2.5.3/maven-release-2.5.3.pom
Downloaded from central: https://repo.maven.apache.org/maven2/org/apache/maven/release/maven-release/2.5.3/maven-release-2.5.3.pom (5.0 kB at 8.6 kB/s)
Downloading from central: https://repo.maven.apache.org/maven2/org/apache/maven/maven-parent/27/maven-parent-27.pom
Downloaded from central: https://repo.maven.apache.org/maven2/org/apache/maven/maven-parent/27/maven-parent-27.pom (41 kB at 28 kB/s)
Downloading from central: https://repo.maven.apache.org/maven2/org/apache/apache/17/apache-17.pom
Downloaded from central: https://repo.maven.apache.org/maven2/org/apache/apache/17/apache-17.pom (16 kB at 24 kB/s)
Downloading from central: https://repo.maven.apache.org/maven2/org/apache/maven/plugins/maven-release-plugin/2.5.3/maven-release-plugin-2.5.3.jar
Downloaded from central: https://repo.maven.apache.org/maven2/org/apache/maven/plugins/maven-release-plugin/2.5.3/maven-release-plugin-2.5.3.jar (53 kB at 22 kB/s)
Downloading from central: https://repo.maven.apache.org/maven2/com/spotify/dockerfile-maven-plugin/1.4.10/dockerfile-maven-plugin-1.4.10.pom
Downloaded from central: https://repo.maven.apache.org/maven2/com/spotify/dockerfile-maven-plugin/1.4.10/dockerfile-maven-plugin-1.4.10.pom (5.6 kB at 7.4 kB/s)
Downloading from central: https://repo.maven.apache.org/maven2/com/spotify/dockerfile-maven/1.4.10/dockerfile-maven-1.4.10.pom
Downloaded from central: https://repo.maven.apache.org/maven2/com/spotify/dockerfile-maven/1.4.10/dockerfile-maven-1.4.10.pom (2.4 kB at 3.1 kB/s)
Downloading from central: https://repo.maven.apache.org/maven2/com/spotify/foss-root/6/foss-root-6.pom
Downloaded from central: https://repo.maven.apache.org/maven2/com/spotify/foss-root/6/foss-root-6.pom (8.3 kB at 12 kB/s)
Downloading from central: https://repo.maven.apache.org/maven2/com/spotify/dockerfile-maven-plugin/1.4.10/dockerfile-maven-plugin-1.4.10.jar
Downloaded from central: https://repo.maven.apache.org/maven2/com/spotify/dockerfile-maven-plugin/1.4.10/dockerfile-maven-plugin-1.4.10.jar (39 kB at 24 kB/s)
[INFO] 
[INFO] ----------------------< zama.training:standalone >----------------------
[INFO] Building Standalone java app 1.0
[INFO] --------------------------------[ jar ]---------------------------------
[INFO] 
[INFO] --- dockerfile-maven-plugin:1.4.10:build (default-cli) @ standalone ---
Downloading from central: https://repo.maven.apache.org/maven2/com/spotify/docker-client/8.14.3/docker-client-8.14.3.pom
Downloaded from central: https://repo.maven.apache.org/maven2/com/spotify/docker-client/8.14.3/docker-client-8.14.3.pom (14 kB at 26 kB/s)
Downloading from central: https://repo.maven.apache.org/maven2/com/spotify/foss-root/5/foss-root-5.pom
Downloaded from central: https://repo.maven.apache.org/maven2/com/spotify/foss-root/5/foss-root-5.pom (8.3 kB at 15 kB/s)
Downloading from central: https://repo.maven.apache.org/maven2/org/slf4j/slf4j-api/1.7.22/slf4j-api-1.7.22.pom
Downloaded from central: https://repo.maven.apache.org/maven2/org/slf4j/slf4j-api/1.7.22/slf4j-api-1.7.22.pom (2.8 kB at 6.7 kB/s)
Downloading from central: https://repo.maven.apache.org/maven2/org/slf4j/slf4j-parent/1.7.22/slf4j-parent-1.7.22.pom
Downloaded from central: https://repo.maven.apache.org/maven2/org/slf4j/slf4j-parent/1.7.22/slf4j-parent-1.7.22.pom (14 kB at 20 kB/s)
Downloading from central: https://repo.maven.apache.org/maven2/com/google/guava/guava/20.0/guava-20.0.pom
Downloaded from central: https://repo.maven.apache.org/maven2/com/google/guava/guava/20.0/guava-20.0.pom (6.8 kB at 12 kB/s)
Downloading from central: https://repo.maven.apache.org/maven2/com/google/guava/guava-parent/20.0/guava-parent-20.0.pom
Downloaded from central: https://repo.maven.apache.org/maven2/com/google/guava/guava-parent/20.0/guava-parent-20.0.pom (9.9 kB at 13 kB/s)
Downloading from central: https://repo.maven.apache.org/maven2/org/sonatype/oss/oss-parent/7/oss-parent-7.pom
Downloaded from central: https://repo.maven.apache.org/maven2/org/sonatype/oss/oss-parent/7/oss-parent-7.pom (4.8 kB at 12 kB/s)
Downloading from central: https://repo.maven.apache.org/maven2/com/fasterxml/jackson/jaxrs/jackson-jaxrs-json-provider/2.9.6/jackson-jaxrs-json-provider-2.9.6.pom
Downloaded from central: https://repo.maven.apache.org/maven2/com/fasterxml/jackson/jaxrs/jackson-jaxrs-json-provider/2.9.6/jackson-jaxrs-json-provider-2.9.6.pom (3.9 kB at 8.7 kB/s)
Downloading from central: https://repo.maven.apache.org/maven2/com/fasterxml/jackson/jaxrs/jackson-jaxrs-providers/2.9.6/jackson-jaxrs-providers-2.9.6.pom
Downloaded from central: https://repo.maven.apache.org/maven2/com/fasterxml/jackson/jaxrs/jackson-jaxrs-providers/2.9.6/jackson-jaxrs-providers-2.9.6.pom (4.1 kB at 9.6 kB/s)
Downloading from central: https://repo.maven.apache.org/maven2/com/fasterxml/jackson/jackson-base/2.9.6/jackson-base-2.9.6.pom
Downloaded from central: https://repo.maven.apache.org/maven2/com/fasterxml/jackson/jackson-base/2.9.6/jackson-base-2.9.6.pom (5.4 kB at 13 kB/s)
Downloading from central: https://repo.maven.apache.org/maven2/com/fasterxml/jackson/jackson-bom/2.9.6/jackson-bom-2.9.6.pom
Downloaded from central: https://repo.maven.apache.org/maven2/com/fasterxml/jackson/jackson-bom/2.9.6/jackson-bom-2.9.6.pom (12 kB at 21 kB/s)
Downloading from central: https://repo.maven.apache.org/maven2/com/fasterxml/jackson/jackson-parent/2.9.1.1/jackson-parent-2.9.1.1.pom
Downloaded from central: https://repo.maven.apache.org/maven2/com/fasterxml/jackson/jackson-parent/2.9.1.1/jackson-parent-2.9.1.1.pom (8.0 kB at 19 kB/s)
Downloading from central: https://repo.maven.apache.org/maven2/com/fasterxml/oss-parent/33/oss-parent-33.pom
Downloaded from central: https://repo.maven.apache.org/maven2/com/fasterxml/oss-parent/33/oss-parent-33.pom (22 kB at 19 kB/s)
Downloading from central: https://repo.maven.apache.org/maven2/com/fasterxml/jackson/jaxrs/jackson-jaxrs-base/2.9.6/jackson-jaxrs-base-2.9.6.pom
Downloaded from central: https://repo.maven.apache.org/maven2/com/fasterxml/jackson/jaxrs/jackson-jaxrs-base/2.9.6/jackson-jaxrs-base-2.9.6.pom (1.5 kB at 5.4 kB/s)
Downloading from central: https://repo.maven.apache.org/maven2/com/fasterxml/jackson/core/jackson-core/2.9.6/jackson-core-2.9.6.pom
Downloaded from central: https://repo.maven.apache.org/maven2/com/fasterxml/jackson/core/jackson-core/2.9.6/jackson-core-2.9.6.pom (4.1 kB at 9.9 kB/s)
Downloading from central: https://repo.maven.apache.org/maven2/com/fasterxml/jackson/core/jackson-databind/2.9.6/jackson-databind-2.9.6.pom
Downloaded from central: https://repo.maven.apache.org/maven2/com/fasterxml/jackson/core/jackson-databind/2.9.6/jackson-databind-2.9.6.pom (6.3 kB at 13 kB/s)
Downloading from central: https://repo.maven.apache.org/maven2/com/fasterxml/jackson/core/jackson-annotations/2.9.0/jackson-annotations-2.9.0.pom
Downloaded from central: https://repo.maven.apache.org/maven2/com/fasterxml/jackson/core/jackson-annotations/2.9.0/jackson-annotations-2.9.0.pom (1.9 kB at 6.9 kB/s)
Downloading from central: https://repo.maven.apache.org/maven2/com/fasterxml/jackson/jackson-parent/2.9.0/jackson-parent-2.9.0.pom
Downloaded from central: https://repo.maven.apache.org/maven2/com/fasterxml/jackson/jackson-parent/2.9.0/jackson-parent-2.9.0.pom (7.8 kB at 14 kB/s)
Downloading from central: https://repo.maven.apache.org/maven2/com/fasterxml/oss-parent/28/oss-parent-28.pom
Downloaded from central: https://repo.maven.apache.org/maven2/com/fasterxml/oss-parent/28/oss-parent-28.pom (20 kB at 21 kB/s)
Downloading from central: https://repo.maven.apache.org/maven2/com/fasterxml/jackson/module/jackson-module-jaxb-annotations/2.9.6/jackson-module-jaxb-annotations-2.9.6.pom
Downloaded from central: https://repo.maven.apache.org/maven2/com/fasterxml/jackson/module/jackson-module-jaxb-annotations/2.9.6/jackson-module-jaxb-annotations-2.9.6.pom (2.0 kB at 7.1 kB/s)
Downloading from central: https://repo.maven.apache.org/maven2/com/fasterxml/jackson/module/jackson-modules-base/2.9.6/jackson-modules-base-2.9.6.pom
Downloaded from central: https://repo.maven.apache.org/maven2/com/fasterxml/jackson/module/jackson-modules-base/2.9.6/jackson-modules-base-2.9.6.pom (3.0 kB at 4.0 kB/s)
Downloading from central: https://repo.maven.apache.org/maven2/com/fasterxml/jackson/datatype/jackson-datatype-guava/2.9.6/jackson-datatype-guava-2.9.6.pom
Downloaded from central: https://repo.maven.apache.org/maven2/com/fasterxml/jackson/datatype/jackson-datatype-guava/2.9.6/jackson-datatype-guava-2.9.6.pom (2.7 kB at 6.5 kB/s)
Downloading from central: https://repo.maven.apache.org/maven2/com/fasterxml/jackson/datatype/jackson-datatypes-collections/2.9.6/jackson-datatypes-collections-2.9.6.pom
Downloaded from central: https://repo.maven.apache.org/maven2/com/fasterxml/jackson/datatype/jackson-datatypes-collections/2.9.6/jackson-datatypes-collections-2.9.6.pom (2.1 kB at 7.6 kB/s)
Downloading from central: https://repo.maven.apache.org/maven2/com/google/guava/guava/18.0/guava-18.0.pom
Downloaded from central: https://repo.maven.apache.org/maven2/com/google/guava/guava/18.0/guava-18.0.pom (5.7 kB at 14 kB/s)
Downloading from central: https://repo.maven.apache.org/maven2/com/google/guava/guava-parent/18.0/guava-parent-18.0.pom
Downloaded from central: https://repo.maven.apache.org/maven2/com/google/guava/guava-parent/18.0/guava-parent-18.0.pom (7.7 kB at 19 kB/s)
Downloading from central: https://repo.maven.apache.org/maven2/org/glassfish/jersey/core/jersey-client/2.22.2/jersey-client-2.22.2.pom
Downloaded from central: https://repo.maven.apache.org/maven2/org/glassfish/jersey/core/jersey-client/2.22.2/jersey-client-2.22.2.pom (7.6 kB at 17 kB/s)
Downloading from central: https://repo.maven.apache.org/maven2/org/glassfish/jersey/project/2.22.2/project-2.22.2.pom
Downloaded from central: https://repo.maven.apache.org/maven2/org/glassfish/jersey/project/2.22.2/project-2.22.2.pom (84 kB at 31 kB/s)
Downloading from central: https://repo.maven.apache.org/maven2/net/java/jvnet-parent/4/jvnet-parent-4.pom
Downloaded from central: https://repo.maven.apache.org/maven2/net/java/jvnet-parent/4/jvnet-parent-4.pom (7.8 kB at 8.5 kB/s)
Downloading from central: https://repo.maven.apache.org/maven2/org/glassfish/hk2/hk2-bom/2.4.0-b34/hk2-bom-2.4.0-b34.pom
Downloaded from central: https://repo.maven.apache.org/maven2/org/glassfish/hk2/hk2-bom/2.4.0-b34/hk2-bom-2.4.0-b34.pom (21 kB at 18 kB/s)
Downloading from central: https://repo.maven.apache.org/maven2/net/java/jvnet-parent/5/jvnet-parent-5.pom
Downloaded from central: https://repo.maven.apache.org/maven2/net/java/jvnet-parent/5/jvnet-parent-5.pom (8.9 kB at 16 kB/s)
Downloading from central: https://repo.maven.apache.org/maven2/javax/ws/rs/javax.ws.rs-api/2.0.1/javax.ws.rs-api-2.0.1.pom
Downloaded from central: https://repo.maven.apache.org/maven2/javax/ws/rs/javax.ws.rs-api/2.0.1/javax.ws.rs-api-2.0.1.pom (21 kB at 24 kB/s)
Downloading from central: https://repo.maven.apache.org/maven2/org/glassfish/jersey/core/jersey-common/2.22.2/jersey-common-2.22.2.pom
Downloaded from central: https://repo.maven.apache.org/maven2/org/glassfish/jersey/core/jersey-common/2.22.2/jersey-common-2.22.2.pom (10 kB at 19 kB/s)
Downloading from central: https://repo.maven.apache.org/maven2/javax/annotation/javax.annotation-api/1.2/javax.annotation-api-1.2.pom
Downloaded from central: https://repo.maven.apache.org/maven2/javax/annotation/javax.annotation-api/1.2/javax.annotation-api-1.2.pom (13 kB at 23 kB/s)
Downloading from central: https://repo.maven.apache.org/maven2/net/java/jvnet-parent/3/jvnet-parent-3.pom
Downloaded from central: https://repo.maven.apache.org/maven2/net/java/jvnet-parent/3/jvnet-parent-3.pom (4.8 kB at 11 kB/s)
Downloading from central: https://repo.maven.apache.org/maven2/org/glassfish/jersey/bundles/repackaged/jersey-guava/2.22.2/jersey-guava-2.22.2.pom
Downloaded from central: https://repo.maven.apache.org/maven2/org/glassfish/jersey/bundles/repackaged/jersey-guava/2.22.2/jersey-guava-2.22.2.pom (13 kB at 16 kB/s)
Downloading from central: https://repo.maven.apache.org/maven2/org/glassfish/jersey/bundles/repackaged/project/2.22.2/project-2.22.2.pom
Downloaded from central: https://repo.maven.apache.org/maven2/org/glassfish/jersey/bundles/repackaged/project/2.22.2/project-2.22.2.pom (2.8 kB at 10 kB/s)
Downloading from central: https://repo.maven.apache.org/maven2/org/glassfish/jersey/bundles/project/2.22.2/project-2.22.2.pom
Downloaded from central: https://repo.maven.apache.org/maven2/org/glassfish/jersey/bundles/project/2.22.2/project-2.22.2.pom (3.1 kB at 11 kB/s)
Downloading from central: https://repo.maven.apache.org/maven2/org/glassfish/hk2/hk2-api/2.4.0-b34/hk2-api-2.4.0-b34.pom
Downloaded from central: https://repo.maven.apache.org/maven2/org/glassfish/hk2/hk2-api/2.4.0-b34/hk2-api-2.4.0-b34.pom (4.6 kB at 11 kB/s)
Downloading from central: https://repo.maven.apache.org/maven2/org/glassfish/hk2/hk2-parent/2.4.0-b34/hk2-parent-2.4.0-b34.pom
Downloaded from central: https://repo.maven.apache.org/maven2/org/glassfish/hk2/hk2-parent/2.4.0-b34/hk2-parent-2.4.0-b34.pom (48 kB at 32 kB/s)
Downloading from central: https://repo.maven.apache.org/maven2/org/glassfish/hk2/hk2-utils/2.4.0-b34/hk2-utils-2.4.0-b34.pom
Downloaded from central: https://repo.maven.apache.org/maven2/org/glassfish/hk2/hk2-utils/2.4.0-b34/hk2-utils-2.4.0-b34.pom (5.1 kB at 8.9 kB/s)
Downloading from central: https://repo.maven.apache.org/maven2/org/glassfish/hk2/external/aopalliance-repackaged/2.4.0-b34/aopalliance-repackaged-2.4.0-b34.pom
Downloaded from central: https://repo.maven.apache.org/maven2/org/glassfish/hk2/external/aopalliance-repackaged/2.4.0-b34/aopalliance-repackaged-2.4.0-b34.pom (6.8 kB at 12 kB/s)
Downloading from central: https://repo.maven.apache.org/maven2/org/glassfish/hk2/external/2.4.0-b34/external-2.4.0-b34.pom
Downloaded from central: https://repo.maven.apache.org/maven2/org/glassfish/hk2/external/2.4.0-b34/external-2.4.0-b34.pom (2.9 kB at 11 kB/s)
Downloading from central: https://repo.maven.apache.org/maven2/org/glassfish/hk2/external/javax.inject/2.4.0-b34/javax.inject-2.4.0-b34.pom
Downloaded from central: https://repo.maven.apache.org/maven2/org/glassfish/hk2/external/javax.inject/2.4.0-b34/javax.inject-2.4.0-b34.pom (6.5 kB at 12 kB/s)
Downloading from central: https://repo.maven.apache.org/maven2/org/glassfish/hk2/hk2-locator/2.4.0-b34/hk2-locator-2.4.0-b34.pom
Downloaded from central: https://repo.maven.apache.org/maven2/org/glassfish/hk2/hk2-locator/2.4.0-b34/hk2-locator-2.4.0-b34.pom (5.6 kB at 14 kB/s)
Downloading from central: https://repo.maven.apache.org/maven2/javax/inject/javax.inject/1/javax.inject-1.pom
Downloaded from central: https://repo.maven.apache.org/maven2/javax/inject/javax.inject/1/javax.inject-1.pom (612 B at 2.2 kB/s)
Downloading from central: https://repo.maven.apache.org/maven2/org/javassist/javassist/3.18.1-GA/javassist-3.18.1-GA.pom
Downloaded from central: https://repo.maven.apache.org/maven2/org/javassist/javassist/3.18.1-GA/javassist-3.18.1-GA.pom (9.5 kB at 13 kB/s)
Downloading from central: https://repo.maven.apache.org/maven2/org/glassfish/hk2/osgi-resource-locator/1.0.1/osgi-resource-locator-1.0.1.pom
Downloaded from central: https://repo.maven.apache.org/maven2/org/glassfish/hk2/osgi-resource-locator/1.0.1/osgi-resource-locator-1.0.1.pom (6.2 kB at 11 kB/s)
Downloading from central: https://repo.maven.apache.org/maven2/org/glassfish/pom/8/pom-8.pom
Downloaded from central: https://repo.maven.apache.org/maven2/org/glassfish/pom/8/pom-8.pom (11 kB at 20 kB/s)
Downloading from central: https://repo.maven.apache.org/maven2/org/glassfish/jersey/connectors/jersey-apache-connector/2.22.2/jersey-apache-connector-2.22.2.pom
Downloaded from central: https://repo.maven.apache.org/maven2/org/glassfish/jersey/connectors/jersey-apache-connector/2.22.2/jersey-apache-connector-2.22.2.pom (4.5 kB at 16 kB/s)
Downloading from central: https://repo.maven.apache.org/maven2/org/glassfish/jersey/connectors/project/2.22.2/project-2.22.2.pom
Downloaded from central: https://repo.maven.apache.org/maven2/org/glassfish/jersey/connectors/project/2.22.2/project-2.22.2.pom (3.8 kB at 12 kB/s)
Downloading from central: https://repo.maven.apache.org/maven2/org/apache/httpcomponents/httpclient/4.5/httpclient-4.5.pom
Downloaded from central: https://repo.maven.apache.org/maven2/org/apache/httpcomponents/httpclient/4.5/httpclient-4.5.pom (6.4 kB at 14 kB/s)
Downloading from central: https://repo.maven.apache.org/maven2/org/apache/httpcomponents/httpcomponents-client/4.5/httpcomponents-client-4.5.pom
Downloaded from central: https://repo.maven.apache.org/maven2/org/apache/httpcomponents/httpcomponents-client/4.5/httpcomponents-client-4.5.pom (16 kB at 18 kB/s)
Downloading from central: https://repo.maven.apache.org/maven2/org/apache/httpcomponents/project/7/project-7.pom
Downloaded from central: https://repo.maven.apache.org/maven2/org/apache/httpcomponents/project/7/project-7.pom (27 kB at 32 kB/s)
Downloading from central: https://repo.maven.apache.org/maven2/org/apache/httpcomponents/httpcore/4.4.1/httpcore-4.4.1.pom
Downloaded from central: https://repo.maven.apache.org/maven2/org/apache/httpcomponents/httpcore/4.4.1/httpcore-4.4.1.pom (4.6 kB at 17 kB/s)
Downloading from central: https://repo.maven.apache.org/maven2/org/apache/httpcomponents/httpcomponents-core/4.4.1/httpcomponents-core-4.4.1.pom
Downloaded from central: https://repo.maven.apache.org/maven2/org/apache/httpcomponents/httpcomponents-core/4.4.1/httpcomponents-core-4.4.1.pom (13 kB at 24 kB/s)
Downloading from central: https://repo.maven.apache.org/maven2/commons-logging/commons-logging/1.2/commons-logging-1.2.pom
Downloaded from central: https://repo.maven.apache.org/maven2/commons-logging/commons-logging/1.2/commons-logging-1.2.pom (19 kB at 28 kB/s)
Downloading from central: https://repo.maven.apache.org/maven2/org/apache/commons/commons-parent/34/commons-parent-34.pom
Downloaded from central: https://repo.maven.apache.org/maven2/org/apache/commons/commons-parent/34/commons-parent-34.pom (56 kB at 45 kB/s)
Downloading from central: https://repo.maven.apache.org/maven2/commons-codec/commons-codec/1.9/commons-codec-1.9.pom
Downloaded from central: https://repo.maven.apache.org/maven2/commons-codec/commons-codec/1.9/commons-codec-1.9.pom (12 kB at 21 kB/s)
Downloading from central: https://repo.maven.apache.org/maven2/org/apache/commons/commons-parent/32/commons-parent-32.pom
Downloaded from central: https://repo.maven.apache.org/maven2/org/apache/commons/commons-parent/32/commons-parent-32.pom (53 kB at 30 kB/s)
Downloading from central: https://repo.maven.apache.org/maven2/org/glassfish/jersey/media/jersey-media-json-jackson/2.22.2/jersey-media-json-jackson-2.22.2.pom
Downloaded from central: https://repo.maven.apache.org/maven2/org/glassfish/jersey/media/jersey-media-json-jackson/2.22.2/jersey-media-json-jackson-2.22.2.pom (4.8 kB at 17 kB/s)
Downloading from central: https://repo.maven.apache.org/maven2/org/glassfish/jersey/media/project/2.22.2/project-2.22.2.pom
Downloaded from central: https://repo.maven.apache.org/maven2/org/glassfish/jersey/media/project/2.22.2/project-2.22.2.pom (3.0 kB at 3.9 kB/s)
Downloading from central: https://repo.maven.apache.org/maven2/org/glassfish/jersey/ext/jersey-entity-filtering/2.22.2/jersey-entity-filtering-2.22.2.pom
Downloaded from central: https://repo.maven.apache.org/maven2/org/glassfish/jersey/ext/jersey-entity-filtering/2.22.2/jersey-entity-filtering-2.22.2.pom (4.6 kB at 7.7 kB/s)
Downloading from central: https://repo.maven.apache.org/maven2/org/glassfish/jersey/ext/project/2.22.2/project-2.22.2.pom
Downloaded from central: https://repo.maven.apache.org/maven2/org/glassfish/jersey/ext/project/2.22.2/project-2.22.2.pom (3.8 kB at 9.3 kB/s)
Downloading from central: https://repo.maven.apache.org/maven2/com/fasterxml/jackson/jaxrs/jackson-jaxrs-base/2.5.4/jackson-jaxrs-base-2.5.4.pom
Downloaded from central: https://repo.maven.apache.org/maven2/com/fasterxml/jackson/jaxrs/jackson-jaxrs-base/2.5.4/jackson-jaxrs-base-2.5.4.pom (1.9 kB at 7.1 kB/s)
Downloading from central: https://repo.maven.apache.org/maven2/com/fasterxml/jackson/jaxrs/jackson-jaxrs-providers/2.5.4/jackson-jaxrs-providers-2.5.4.pom
Downloaded from central: https://repo.maven.apache.org/maven2/com/fasterxml/jackson/jaxrs/jackson-jaxrs-providers/2.5.4/jackson-jaxrs-providers-2.5.4.pom (3.9 kB at 13 kB/s)
Downloading from central: https://repo.maven.apache.org/maven2/com/fasterxml/jackson/jackson-parent/2.5.1/jackson-parent-2.5.1.pom
Downloaded from central: https://repo.maven.apache.org/maven2/com/fasterxml/jackson/jackson-parent/2.5.1/jackson-parent-2.5.1.pom (7.8 kB at 12 kB/s)
Downloading from central: https://repo.maven.apache.org/maven2/com/fasterxml/oss-parent/19/oss-parent-19.pom
Downloaded from central: https://repo.maven.apache.org/maven2/com/fasterxml/oss-parent/19/oss-parent-19.pom (19 kB at 17 kB/s)
Downloading from central: https://repo.maven.apache.org/maven2/com/fasterxml/jackson/core/jackson-core/2.5.4/jackson-core-2.5.4.pom
Downloaded from central: https://repo.maven.apache.org/maven2/com/fasterxml/jackson/core/jackson-core/2.5.4/jackson-core-2.5.4.pom (4.8 kB at 17 kB/s)
Downloading from central: https://repo.maven.apache.org/maven2/com/fasterxml/jackson/core/jackson-databind/2.5.4/jackson-databind-2.5.4.pom
Downloaded from central: https://repo.maven.apache.org/maven2/com/fasterxml/jackson/core/jackson-databind/2.5.4/jackson-databind-2.5.4.pom (5.9 kB at 13 kB/s)
Downloading from central: https://repo.maven.apache.org/maven2/com/fasterxml/jackson/core/jackson-annotations/2.5.0/jackson-annotations-2.5.0.pom
Downloaded from central: https://repo.maven.apache.org/maven2/com/fasterxml/jackson/core/jackson-annotations/2.5.0/jackson-annotations-2.5.0.pom (1.2 kB at 4.4 kB/s)
Downloading from central: https://repo.maven.apache.org/maven2/com/fasterxml/jackson/jackson-parent/2.5/jackson-parent-2.5.pom
Downloaded from central: https://repo.maven.apache.org/maven2/com/fasterxml/jackson/jackson-parent/2.5/jackson-parent-2.5.pom (7.8 kB at 14 kB/s)
Downloading from central: https://repo.maven.apache.org/maven2/com/fasterxml/oss-parent/18/oss-parent-18.pom
Downloaded from central: https://repo.maven.apache.org/maven2/com/fasterxml/oss-parent/18/oss-parent-18.pom (19 kB at 15 kB/s)
Downloading from central: https://repo.maven.apache.org/maven2/com/fasterxml/jackson/jaxrs/jackson-jaxrs-json-provider/2.5.4/jackson-jaxrs-json-provider-2.5.4.pom
Downloaded from central: https://repo.maven.apache.org/maven2/com/fasterxml/jackson/jaxrs/jackson-jaxrs-json-provider/2.5.4/jackson-jaxrs-json-provider-2.5.4.pom (3.4 kB at 8.4 kB/s)
Downloading from central: https://repo.maven.apache.org/maven2/com/fasterxml/jackson/module/jackson-module-jaxb-annotations/2.5.4/jackson-module-jaxb-annotations-2.5.4.pom
Downloaded from central: https://repo.maven.apache.org/maven2/com/fasterxml/jackson/module/jackson-module-jaxb-annotations/2.5.4/jackson-module-jaxb-annotations-2.5.4.pom (4.3 kB at 7.3 kB/s)
Downloading from central: https://repo.maven.apache.org/maven2/com/fasterxml/jackson/core/jackson-annotations/2.5.4/jackson-annotations-2.5.4.pom
Downloaded from central: https://repo.maven.apache.org/maven2/com/fasterxml/jackson/core/jackson-annotations/2.5.4/jackson-annotations-2.5.4.pom (1.2 kB at 4.4 kB/s)
Downloading from central: https://repo.maven.apache.org/maven2/javax/activation/activation/1.1/activation-1.1.pom
Downloaded from central: https://repo.maven.apache.org/maven2/javax/activation/activation/1.1/activation-1.1.pom (1.1 kB at 3.8 kB/s)
Downloading from central: https://repo.maven.apache.org/maven2/org/apache/commons/commons-compress/1.18/commons-compress-1.18.pom
Downloaded from central: https://repo.maven.apache.org/maven2/org/apache/commons/commons-compress/1.18/commons-compress-1.18.pom (18 kB at 19 kB/s)
Downloading from central: https://repo.maven.apache.org/maven2/org/apache/commons/commons-parent/47/commons-parent-47.pom
Downloaded from central: https://repo.maven.apache.org/maven2/org/apache/commons/commons-parent/47/commons-parent-47.pom (78 kB at 27 kB/s)
Downloading from central: https://repo.maven.apache.org/maven2/org/apache/apache/19/apache-19.pom
Downloaded from central: https://repo.maven.apache.org/maven2/org/apache/apache/19/apache-19.pom (15 kB at 27 kB/s)
Downloading from central: https://repo.maven.apache.org/maven2/commons-io/commons-io/2.5/commons-io-2.5.pom
Downloaded from central: https://repo.maven.apache.org/maven2/commons-io/commons-io/2.5/commons-io-2.5.pom (13 kB at 24 kB/s)
Downloading from central: https://repo.maven.apache.org/maven2/org/apache/commons/commons-parent/39/commons-parent-39.pom
Downloaded from central: https://repo.maven.apache.org/maven2/org/apache/commons/commons-parent/39/commons-parent-39.pom (62 kB at 31 kB/s)
Downloading from central: https://repo.maven.apache.org/maven2/org/apache/apache/16/apache-16.pom
Downloaded from central: https://repo.maven.apache.org/maven2/org/apache/apache/16/apache-16.pom (15 kB at 23 kB/s)
Downloading from central: https://repo.maven.apache.org/maven2/org/apache/httpcomponents/httpcore/4.4.5/httpcore-4.4.5.pom
Downloaded from central: https://repo.maven.apache.org/maven2/org/apache/httpcomponents/httpcore/4.4.5/httpcore-4.4.5.pom (5.5 kB at 12 kB/s)
Downloading from central: https://repo.maven.apache.org/maven2/org/apache/httpcomponents/httpcomponents-core/4.4.5/httpcomponents-core-4.4.5.pom
Downloaded from central: https://repo.maven.apache.org/maven2/org/apache/httpcomponents/httpcomponents-core/4.4.5/httpcomponents-core-4.4.5.pom (13 kB at 15 kB/s)
Downloading from central: https://repo.maven.apache.org/maven2/com/github/jnr/jnr-unixsocket/0.18/jnr-unixsocket-0.18.pom
Downloaded from central: https://repo.maven.apache.org/maven2/com/github/jnr/jnr-unixsocket/0.18/jnr-unixsocket-0.18.pom (10 kB at 15 kB/s)
Downloading from central: https://repo.maven.apache.org/maven2/com/github/jnr/jnr-ffi/2.1.4/jnr-ffi-2.1.4.pom
Downloaded from central: https://repo.maven.apache.org/maven2/com/github/jnr/jnr-ffi/2.1.4/jnr-ffi-2.1.4.pom (8.2 kB at 11 kB/s)
Downloading from central: https://repo.maven.apache.org/maven2/com/github/jnr/jffi/1.2.15/jffi-1.2.15.pom
Downloaded from central: https://repo.maven.apache.org/maven2/com/github/jnr/jffi/1.2.15/jffi-1.2.15.pom (9.2 kB at 17 kB/s)
Downloading from central: https://repo.maven.apache.org/maven2/org/ow2/asm/asm/5.0.3/asm-5.0.3.pom
Downloaded from central: https://repo.maven.apache.org/maven2/org/ow2/asm/asm/5.0.3/asm-5.0.3.pom (1.9 kB at 6.9 kB/s)
Downloading from central: https://repo.maven.apache.org/maven2/org/ow2/asm/asm-parent/5.0.3/asm-parent-5.0.3.pom
Downloaded from central: https://repo.maven.apache.org/maven2/org/ow2/asm/asm-parent/5.0.3/asm-parent-5.0.3.pom (5.5 kB at 13 kB/s)
Downloading from central: https://repo.maven.apache.org/maven2/org/ow2/ow2/1.3/ow2-1.3.pom
Downloaded from central: https://repo.maven.apache.org/maven2/org/ow2/ow2/1.3/ow2-1.3.pom (9.5 kB at 14 kB/s)
Downloading from central: https://repo.maven.apache.org/maven2/org/ow2/asm/asm-commons/5.0.3/asm-commons-5.0.3.pom
Downloaded from central: https://repo.maven.apache.org/maven2/org/ow2/asm/asm-commons/5.0.3/asm-commons-5.0.3.pom (2.1 kB at 7.4 kB/s)
Downloading from central: https://repo.maven.apache.org/maven2/org/ow2/asm/asm-tree/5.0.3/asm-tree-5.0.3.pom
Downloaded from central: https://repo.maven.apache.org/maven2/org/ow2/asm/asm-tree/5.0.3/asm-tree-5.0.3.pom (2.1 kB at 7.5 kB/s)
Downloading from central: https://repo.maven.apache.org/maven2/org/ow2/asm/asm-analysis/5.0.3/asm-analysis-5.0.3.pom
Downloaded from central: https://repo.maven.apache.org/maven2/org/ow2/asm/asm-analysis/5.0.3/asm-analysis-5.0.3.pom (2.1 kB at 7.6 kB/s)
Downloading from central: https://repo.maven.apache.org/maven2/org/ow2/asm/asm-util/5.0.3/asm-util-5.0.3.pom
Downloaded from central: https://repo.maven.apache.org/maven2/org/ow2/asm/asm-util/5.0.3/asm-util-5.0.3.pom (2.1 kB at 7.6 kB/s)
Downloading from central: https://repo.maven.apache.org/maven2/com/github/jnr/jnr-x86asm/1.0.2/jnr-x86asm-1.0.2.pom
Downloaded from central: https://repo.maven.apache.org/maven2/com/github/jnr/jnr-x86asm/1.0.2/jnr-x86asm-1.0.2.pom (1.6 kB at 6.0 kB/s)
Downloading from central: https://repo.maven.apache.org/maven2/com/github/jnr/jnr-constants/0.9.8/jnr-constants-0.9.8.pom
Downloaded from central: https://repo.maven.apache.org/maven2/com/github/jnr/jnr-constants/0.9.8/jnr-constants-0.9.8.pom (3.5 kB at 4.6 kB/s)
Downloading from central: https://repo.maven.apache.org/maven2/com/github/jnr/jnr-enxio/0.16/jnr-enxio-0.16.pom
Downloaded from central: https://repo.maven.apache.org/maven2/com/github/jnr/jnr-enxio/0.16/jnr-enxio-0.16.pom (4.1 kB at 10 kB/s)
Downloading from central: https://repo.maven.apache.org/maven2/com/github/jnr/jnr-posix/3.0.35/jnr-posix-3.0.35.pom
Downloaded from central: https://repo.maven.apache.org/maven2/com/github/jnr/jnr-posix/3.0.35/jnr-posix-3.0.35.pom (6.3 kB at 11 kB/s)
Downloading from central: https://repo.maven.apache.org/maven2/commons-lang/commons-lang/2.6/commons-lang-2.6.pom
Downloaded from central: https://repo.maven.apache.org/maven2/commons-lang/commons-lang/2.6/commons-lang-2.6.pom (17 kB at 18 kB/s)
Downloading from central: https://repo.maven.apache.org/maven2/org/apache/commons/commons-parent/17/commons-parent-17.pom
Downloaded from central: https://repo.maven.apache.org/maven2/org/apache/commons/commons-parent/17/commons-parent-17.pom (31 kB at 20 kB/s)
Downloading from central: https://repo.maven.apache.org/maven2/org/apache/apache/7/apache-7.pom
Downloaded from central: https://repo.maven.apache.org/maven2/org/apache/apache/7/apache-7.pom (14 kB at 21 kB/s)
Downloading from central: https://repo.maven.apache.org/maven2/org/bouncycastle/bcpkix-jdk15on/1.59/bcpkix-jdk15on-1.59.pom
Downloaded from central: https://repo.maven.apache.org/maven2/org/bouncycastle/bcpkix-jdk15on/1.59/bcpkix-jdk15on-1.59.pom (1.5 kB at 5.3 kB/s)
Downloading from central: https://repo.maven.apache.org/maven2/org/bouncycastle/bcprov-jdk15on/1.59/bcprov-jdk15on-1.59.pom
Downloaded from central: https://repo.maven.apache.org/maven2/org/bouncycastle/bcprov-jdk15on/1.59/bcprov-jdk15on-1.59.pom (1.1 kB at 4.1 kB/s)
Downloading from central: https://repo.maven.apache.org/maven2/com/google/auth/google-auth-library-oauth2-http/0.6.0/google-auth-library-oauth2-http-0.6.0.pom
Downloaded from central: https://repo.maven.apache.org/maven2/com/google/auth/google-auth-library-oauth2-http/0.6.0/google-auth-library-oauth2-http-0.6.0.pom (2.2 kB at 7.9 kB/s)
Downloading from central: https://repo.maven.apache.org/maven2/com/google/auth/google-auth-library-parent/0.6.0/google-auth-library-parent-0.6.0.pom
Downloaded from central: https://repo.maven.apache.org/maven2/com/google/auth/google-auth-library-parent/0.6.0/google-auth-library-parent-0.6.0.pom (8.1 kB at 15 kB/s)
Downloading from central: https://repo.maven.apache.org/maven2/com/google/auth/google-auth-library-credentials/0.6.0/google-auth-library-credentials-0.6.0.pom
Downloaded from central: https://repo.maven.apache.org/maven2/com/google/auth/google-auth-library-credentials/0.6.0/google-auth-library-credentials-0.6.0.pom (1.5 kB at 3.8 kB/s)
Downloading from central: https://repo.maven.apache.org/maven2/com/google/http-client/google-http-client/1.19.0/google-http-client-1.19.0.pom
Downloaded from central: https://repo.maven.apache.org/maven2/com/google/http-client/google-http-client/1.19.0/google-http-client-1.19.0.pom (5.1 kB at 8.8 kB/s)
Downloading from central: https://repo.maven.apache.org/maven2/com/google/http-client/google-http-client-parent/1.19.0/google-http-client-parent-1.19.0.pom
Downloaded from central: https://repo.maven.apache.org/maven2/com/google/http-client/google-http-client-parent/1.19.0/google-http-client-parent-1.19.0.pom (23 kB at 24 kB/s)
Downloading from central: https://repo.maven.apache.org/maven2/org/apache/httpcomponents/httpclient/4.0.1/httpclient-4.0.1.pom
Downloaded from central: https://repo.maven.apache.org/maven2/org/apache/httpcomponents/httpclient/4.0.1/httpclient-4.0.1.pom (6.8 kB at 13 kB/s)
Downloading from central: https://repo.maven.apache.org/maven2/org/apache/httpcomponents/httpcomponents-client/4.0.1/httpcomponents-client-4.0.1.pom
Downloaded from central: https://repo.maven.apache.org/maven2/org/apache/httpcomponents/httpcomponents-client/4.0.1/httpcomponents-client-4.0.1.pom (9.2 kB at 17 kB/s)
Downloading from central: https://repo.maven.apache.org/maven2/org/apache/httpcomponents/project/4.0/project-4.0.pom
Downloaded from central: https://repo.maven.apache.org/maven2/org/apache/httpcomponents/project/4.0/project-4.0.pom (13 kB at 24 kB/s)
Downloading from central: https://repo.maven.apache.org/maven2/org/apache/httpcomponents/httpcore/4.0.1/httpcore-4.0.1.pom
Downloaded from central: https://repo.maven.apache.org/maven2/org/apache/httpcomponents/httpcore/4.0.1/httpcore-4.0.1.pom (4.9 kB at 12 kB/s)
Downloading from central: https://repo.maven.apache.org/maven2/org/apache/httpcomponents/httpcomponents-core/4.0.1/httpcomponents-core-4.0.1.pom
Downloaded from central: https://repo.maven.apache.org/maven2/org/apache/httpcomponents/httpcomponents-core/4.0.1/httpcomponents-core-4.0.1.pom (9.4 kB at 14 kB/s)
Downloading from central: https://repo.maven.apache.org/maven2/commons-logging/commons-logging/1.1.1/commons-logging-1.1.1.pom
Downloaded from central: https://repo.maven.apache.org/maven2/commons-logging/commons-logging/1.1.1/commons-logging-1.1.1.pom (18 kB at 22 kB/s)
Downloading from central: https://repo.maven.apache.org/maven2/org/apache/commons/commons-parent/5/commons-parent-5.pom
Downloaded from central: https://repo.maven.apache.org/maven2/org/apache/commons/commons-parent/5/commons-parent-5.pom (16 kB at 17 kB/s)
Downloading from central: https://repo.maven.apache.org/maven2/commons-codec/commons-codec/1.3/commons-codec-1.3.pom
Downloaded from central: https://repo.maven.apache.org/maven2/commons-codec/commons-codec/1.3/commons-codec-1.3.pom (6.1 kB at 15 kB/s)
Downloading from central: https://repo.maven.apache.org/maven2/com/google/http-client/google-http-client-jackson2/1.19.0/google-http-client-jackson2-1.19.0.pom
Downloaded from central: https://repo.maven.apache.org/maven2/com/google/http-client/google-http-client-jackson2/1.19.0/google-http-client-jackson2-1.19.0.pom (2.8 kB at 9.9 kB/s)
Downloading from central: https://repo.maven.apache.org/maven2/com/fasterxml/jackson/core/jackson-core/2.1.3/jackson-core-2.1.3.pom
Downloaded from central: https://repo.maven.apache.org/maven2/com/fasterxml/jackson/core/jackson-core/2.1.3/jackson-core-2.1.3.pom (5.6 kB at 9.7 kB/s)
Downloading from central: https://repo.maven.apache.org/maven2/com/fasterxml/oss-parent/4/oss-parent-4.pom
Downloaded from central: https://repo.maven.apache.org/maven2/com/fasterxml/oss-parent/4/oss-parent-4.pom (18 kB at 23 kB/s)
Downloading from central: https://repo.maven.apache.org/maven2/com/google/guava/guava/19.0/guava-19.0.pom
Downloaded from central: https://repo.maven.apache.org/maven2/com/google/guava/guava/19.0/guava-19.0.pom (6.8 kB at 17 kB/s)
Downloading from central: https://repo.maven.apache.org/maven2/com/google/guava/guava-parent/19.0/guava-parent-19.0.pom
Downloaded from central: https://repo.maven.apache.org/maven2/com/google/guava/guava-parent/19.0/guava-parent-19.0.pom (9.9 kB at 13 kB/s)
Downloading from central: https://repo.maven.apache.org/maven2/com/google/guava/guava/23.6.1-jre/guava-23.6.1-jre.pom
Downloaded from central: https://repo.maven.apache.org/maven2/com/google/guava/guava/23.6.1-jre/guava-23.6.1-jre.pom (7.8 kB at 15 kB/s)
Downloading from central: https://repo.maven.apache.org/maven2/com/google/guava/guava-parent/23.6.1-jre/guava-parent-23.6.1-jre.pom
Downloaded from central: https://repo.maven.apache.org/maven2/com/google/guava/guava-parent/23.6.1-jre/guava-parent-23.6.1-jre.pom (10 kB at 25 kB/s)
Downloading from central: https://repo.maven.apache.org/maven2/org/sonatype/oss/oss-parent/9/oss-parent-9.pom
Downloaded from central: https://repo.maven.apache.org/maven2/org/sonatype/oss/oss-parent/9/oss-parent-9.pom (6.6 kB at 16 kB/s)
Downloading from central: https://repo.maven.apache.org/maven2/org/checkerframework/checker-compat-qual/2.0.0/checker-compat-qual-2.0.0.pom
Downloaded from central: https://repo.maven.apache.org/maven2/org/checkerframework/checker-compat-qual/2.0.0/checker-compat-qual-2.0.0.pom (4.2 kB at 15 kB/s)
Downloading from central: https://repo.maven.apache.org/maven2/com/google/errorprone/error_prone_annotations/2.1.3/error_prone_annotations-2.1.3.pom
Downloaded from central: https://repo.maven.apache.org/maven2/com/google/errorprone/error_prone_annotations/2.1.3/error_prone_annotations-2.1.3.pom (1.8 kB at 6.5 kB/s)
Downloading from central: https://repo.maven.apache.org/maven2/com/google/errorprone/error_prone_parent/2.1.3/error_prone_parent-2.1.3.pom
Downloaded from central: https://repo.maven.apache.org/maven2/com/google/errorprone/error_prone_parent/2.1.3/error_prone_parent-2.1.3.pom (5.1 kB at 18 kB/s)
Downloading from central: https://repo.maven.apache.org/maven2/com/google/j2objc/j2objc-annotations/1.1/j2objc-annotations-1.1.pom
Downloaded from central: https://repo.maven.apache.org/maven2/com/google/j2objc/j2objc-annotations/1.1/j2objc-annotations-1.1.pom (2.8 kB at 10 kB/s)
Downloading from central: https://repo.maven.apache.org/maven2/org/codehaus/mojo/animal-sniffer-annotations/1.14/animal-sniffer-annotations-1.14.pom
Downloaded from central: https://repo.maven.apache.org/maven2/org/codehaus/mojo/animal-sniffer-annotations/1.14/animal-sniffer-annotations-1.14.pom (2.5 kB at 9.1 kB/s)
Downloading from central: https://repo.maven.apache.org/maven2/org/codehaus/mojo/animal-sniffer-parent/1.14/animal-sniffer-parent-1.14.pom
Downloaded from central: https://repo.maven.apache.org/maven2/org/codehaus/mojo/animal-sniffer-parent/1.14/animal-sniffer-parent-1.14.pom (4.4 kB at 16 kB/s)
Downloading from central: https://repo.maven.apache.org/maven2/org/codehaus/mojo/mojo-parent/34/mojo-parent-34.pom
Downloaded from central: https://repo.maven.apache.org/maven2/org/codehaus/mojo/mojo-parent/34/mojo-parent-34.pom (24 kB at 30 kB/s)
Downloading from central: https://repo.maven.apache.org/maven2/org/codehaus/codehaus-parent/4/codehaus-parent-4.pom
Downloaded from central: https://repo.maven.apache.org/maven2/org/codehaus/codehaus-parent/4/codehaus-parent-4.pom (4.8 kB at 17 kB/s)
Downloading from central: https://repo.maven.apache.org/maven2/com/spotify/dockerfile-maven-extension/1.4.10/dockerfile-maven-extension-1.4.10.pom
Downloaded from central: https://repo.maven.apache.org/maven2/com/spotify/dockerfile-maven-extension/1.4.10/dockerfile-maven-extension-1.4.10.pom (606 B at 2.2 kB/s)
Downloading from central: https://repo.maven.apache.org/maven2/org/apache/maven/maven-plugin-api/3.5.4/maven-plugin-api-3.5.4.pom
Downloaded from central: https://repo.maven.apache.org/maven2/org/apache/maven/maven-plugin-api/3.5.4/maven-plugin-api-3.5.4.pom (2.9 kB at 3.8 kB/s)
Downloading from central: https://repo.maven.apache.org/maven2/org/apache/maven/maven/3.5.4/maven-3.5.4.pom
Downloaded from central: https://repo.maven.apache.org/maven2/org/apache/maven/maven/3.5.4/maven-3.5.4.pom (23 kB at 18 kB/s)
Downloading from central: https://repo.maven.apache.org/maven2/org/apache/maven/maven-parent/31/maven-parent-31.pom
Downloaded from central: https://repo.maven.apache.org/maven2/org/apache/maven/maven-parent/31/maven-parent-31.pom (43 kB at 29 kB/s)
Downloading from central: https://repo.maven.apache.org/maven2/org/apache/maven/maven-model/3.5.4/maven-model-3.5.4.pom
Downloaded from central: https://repo.maven.apache.org/maven2/org/apache/maven/maven-model/3.5.4/maven-model-3.5.4.pom (4.0 kB at 6.9 kB/s)
Downloading from central: https://repo.maven.apache.org/maven2/org/codehaus/plexus/plexus-utils/3.1.0/plexus-utils-3.1.0.pom
Downloaded from central: https://repo.maven.apache.org/maven2/org/codehaus/plexus/plexus-utils/3.1.0/plexus-utils-3.1.0.pom (4.7 kB at 11 kB/s)
Downloading from central: https://repo.maven.apache.org/maven2/org/codehaus/plexus/plexus/4.0/plexus-4.0.pom
Downloaded from central: https://repo.maven.apache.org/maven2/org/codehaus/plexus/plexus/4.0/plexus-4.0.pom (22 kB at 24 kB/s)
Downloading from central: https://repo.maven.apache.org/maven2/org/apache/commons/commons-lang3/3.5/commons-lang3-3.5.pom
Downloaded from central: https://repo.maven.apache.org/maven2/org/apache/commons/commons-lang3/3.5/commons-lang3-3.5.pom (23 kB at 27 kB/s)
Downloading from central: https://repo.maven.apache.org/maven2/org/apache/commons/commons-parent/41/commons-parent-41.pom
Downloaded from central: https://repo.maven.apache.org/maven2/org/apache/commons/commons-parent/41/commons-parent-41.pom (65 kB at 28 kB/s)
Downloading from central: https://repo.maven.apache.org/maven2/org/apache/apache/18/apache-18.pom
Downloaded from central: https://repo.maven.apache.org/maven2/org/apache/apache/18/apache-18.pom (16 kB at 19 kB/s)
Downloading from central: https://repo.maven.apache.org/maven2/org/apache/maven/maven-artifact/3.5.4/maven-artifact-3.5.4.pom
Downloaded from central: https://repo.maven.apache.org/maven2/org/apache/maven/maven-artifact/3.5.4/maven-artifact-3.5.4.pom (2.1 kB at 7.7 kB/s)
Downloading from central: https://repo.maven.apache.org/maven2/org/eclipse/sisu/org.eclipse.sisu.plexus/0.3.3/org.eclipse.sisu.plexus-0.3.3.pom
Downloaded from central: https://repo.maven.apache.org/maven2/org/eclipse/sisu/org.eclipse.sisu.plexus/0.3.3/org.eclipse.sisu.plexus-0.3.3.pom (4.2 kB at 7.2 kB/s)
Downloading from central: https://repo.maven.apache.org/maven2/org/eclipse/sisu/sisu-plexus/0.3.3/sisu-plexus-0.3.3.pom
Downloaded from central: https://repo.maven.apache.org/maven2/org/eclipse/sisu/sisu-plexus/0.3.3/sisu-plexus-0.3.3.pom (14 kB at 17 kB/s)
Downloading from central: https://repo.maven.apache.org/maven2/javax/enterprise/cdi-api/1.0/cdi-api-1.0.pom
Downloaded from central: https://repo.maven.apache.org/maven2/javax/enterprise/cdi-api/1.0/cdi-api-1.0.pom (1.4 kB at 5.2 kB/s)
Downloading from central: https://repo.maven.apache.org/maven2/org/jboss/weld/weld-api-parent/1.0/weld-api-parent-1.0.pom
Downloaded from central: https://repo.maven.apache.org/maven2/org/jboss/weld/weld-api-parent/1.0/weld-api-parent-1.0.pom (2.4 kB at 8.5 kB/s)
Downloading from central: https://repo.maven.apache.org/maven2/org/jboss/weld/weld-api-bom/1.0/weld-api-bom-1.0.pom
Downloaded from central: https://repo.maven.apache.org/maven2/org/jboss/weld/weld-api-bom/1.0/weld-api-bom-1.0.pom (7.9 kB at 13 kB/s)
Downloading from central: https://repo.maven.apache.org/maven2/org/jboss/weld/weld-parent/6/weld-parent-6.pom
Downloaded from central: https://repo.maven.apache.org/maven2/org/jboss/weld/weld-parent/6/weld-parent-6.pom (21 kB at 19 kB/s)
Downloading from central: https://repo.maven.apache.org/maven2/javax/annotation/jsr250-api/1.0/jsr250-api-1.0.pom
Downloaded from central: https://repo.maven.apache.org/maven2/javax/annotation/jsr250-api/1.0/jsr250-api-1.0.pom (1.0 kB at 3.7 kB/s)
Downloading from central: https://repo.maven.apache.org/maven2/org/eclipse/sisu/org.eclipse.sisu.inject/0.3.3/org.eclipse.sisu.inject-0.3.3.pom
Downloaded from central: https://repo.maven.apache.org/maven2/org/eclipse/sisu/org.eclipse.sisu.inject/0.3.3/org.eclipse.sisu.inject-0.3.3.pom (2.6 kB at 9.5 kB/s)
Downloading from central: https://repo.maven.apache.org/maven2/org/eclipse/sisu/sisu-inject/0.3.3/sisu-inject-0.3.3.pom
Downloaded from central: https://repo.maven.apache.org/maven2/org/eclipse/sisu/sisu-inject/0.3.3/sisu-inject-0.3.3.pom (14 kB at 20 kB/s)
Downloading from central: https://repo.maven.apache.org/maven2/org/codehaus/plexus/plexus-classworlds/2.5.2/plexus-classworlds-2.5.2.pom
Downloaded from central: https://repo.maven.apache.org/maven2/org/codehaus/plexus/plexus-classworlds/2.5.2/plexus-classworlds-2.5.2.pom (7.3 kB at 13 kB/s)
Downloading from central: https://repo.maven.apache.org/maven2/org/codehaus/plexus/plexus-utils/3.0.17/plexus-utils-3.0.17.pom
Downloaded from central: https://repo.maven.apache.org/maven2/org/codehaus/plexus/plexus-utils/3.0.17/plexus-utils-3.0.17.pom (3.4 kB at 12 kB/s)
Downloading from central: https://repo.maven.apache.org/maven2/org/apache/maven/maven-core/3.5.4/maven-core-3.5.4.pom
Downloaded from central: https://repo.maven.apache.org/maven2/org/apache/maven/maven-core/3.5.4/maven-core-3.5.4.pom (8.5 kB at 16 kB/s)
Downloading from central: https://repo.maven.apache.org/maven2/org/apache/maven/maven-settings/3.5.4/maven-settings-3.5.4.pom
Downloaded from central: https://repo.maven.apache.org/maven2/org/apache/maven/maven-settings/3.5.4/maven-settings-3.5.4.pom (1.8 kB at 6.7 kB/s)
Downloading from central: https://repo.maven.apache.org/maven2/org/apache/maven/maven-settings-builder/3.5.4/maven-settings-builder-3.5.4.pom
Downloaded from central: https://repo.maven.apache.org/maven2/org/apache/maven/maven-settings-builder/3.5.4/maven-settings-builder-3.5.4.pom (2.6 kB at 3.4 kB/s)
Downloading from central: https://repo.maven.apache.org/maven2/org/apache/maven/maven-builder-support/3.5.4/maven-builder-support-3.5.4.pom
Downloaded from central: https://repo.maven.apache.org/maven2/org/apache/maven/maven-builder-support/3.5.4/maven-builder-support-3.5.4.pom (1.5 kB at 5.5 kB/s)
Downloading from central: https://repo.maven.apache.org/maven2/org/codehaus/plexus/plexus-interpolation/1.24/plexus-interpolation-1.24.pom
Downloaded from central: https://repo.maven.apache.org/maven2/org/codehaus/plexus/plexus-interpolation/1.24/plexus-interpolation-1.24.pom (2.6 kB at 3.5 kB/s)
Downloading from central: https://repo.maven.apache.org/maven2/org/codehaus/plexus/plexus-component-annotations/1.7.1/plexus-component-annotations-1.7.1.pom
Downloaded from central: https://repo.maven.apache.org/maven2/org/codehaus/plexus/plexus-component-annotations/1.7.1/plexus-component-annotations-1.7.1.pom (770 B at 2.8 kB/s)
Downloading from central: https://repo.maven.apache.org/maven2/org/codehaus/plexus/plexus-containers/1.7.1/plexus-containers-1.7.1.pom
Downloaded from central: https://repo.maven.apache.org/maven2/org/codehaus/plexus/plexus-containers/1.7.1/plexus-containers-1.7.1.pom (5.0 kB at 5.6 kB/s)
Downloading from central: https://repo.maven.apache.org/maven2/org/sonatype/plexus/plexus-sec-dispatcher/1.4/plexus-sec-dispatcher-1.4.pom
Downloaded from central: https://repo.maven.apache.org/maven2/org/sonatype/plexus/plexus-sec-dispatcher/1.4/plexus-sec-dispatcher-1.4.pom (3.0 kB at 7.3 kB/s)
Downloading from central: https://repo.maven.apache.org/maven2/org/apache/maven/maven-repository-metadata/3.5.4/maven-repository-metadata-3.5.4.pom
Downloaded from central: https://repo.maven.apache.org/maven2/org/apache/maven/maven-repository-metadata/3.5.4/maven-repository-metadata-3.5.4.pom (1.9 kB at 6.9 kB/s)
Downloading from central: https://repo.maven.apache.org/maven2/org/apache/maven/maven-model-builder/3.5.4/maven-model-builder-3.5.4.pom
Downloaded from central: https://repo.maven.apache.org/maven2/org/apache/maven/maven-model-builder/3.5.4/maven-model-builder-3.5.4.pom (3.1 kB at 11 kB/s)
Downloading from central: https://repo.maven.apache.org/maven2/org/apache/maven/maven-resolver-provider/3.5.4/maven-resolver-provider-3.5.4.pom
Downloaded from central: https://repo.maven.apache.org/maven2/org/apache/maven/maven-resolver-provider/3.5.4/maven-resolver-provider-3.5.4.pom (4.1 kB at 6.9 kB/s)
Downloading from central: https://repo.maven.apache.org/maven2/org/apache/maven/resolver/maven-resolver-api/1.1.1/maven-resolver-api-1.1.1.pom
Downloaded from central: https://repo.maven.apache.org/maven2/org/apache/maven/resolver/maven-resolver-api/1.1.1/maven-resolver-api-1.1.1.pom (1.9 kB at 6.9 kB/s)
Downloading from central: https://repo.maven.apache.org/maven2/org/apache/maven/resolver/maven-resolver/1.1.1/maven-resolver-1.1.1.pom
Downloaded from central: https://repo.maven.apache.org/maven2/org/apache/maven/resolver/maven-resolver/1.1.1/maven-resolver-1.1.1.pom (16 kB at 16 kB/s)
Downloading from central: https://repo.maven.apache.org/maven2/org/apache/maven/resolver/maven-resolver-spi/1.1.1/maven-resolver-spi-1.1.1.pom
Downloaded from central: https://repo.maven.apache.org/maven2/org/apache/maven/resolver/maven-resolver-spi/1.1.1/maven-resolver-spi-1.1.1.pom (2.1 kB at 7.5 kB/s)
Downloading from central: https://repo.maven.apache.org/maven2/org/apache/maven/resolver/maven-resolver-util/1.1.1/maven-resolver-util-1.1.1.pom
Downloaded from central: https://repo.maven.apache.org/maven2/org/apache/maven/resolver/maven-resolver-util/1.1.1/maven-resolver-util-1.1.1.pom (2.2 kB at 8.1 kB/s)
Downloading from central: https://repo.maven.apache.org/maven2/org/apache/maven/resolver/maven-resolver-impl/1.1.1/maven-resolver-impl-1.1.1.pom
Downloaded from central: https://repo.maven.apache.org/maven2/org/apache/maven/resolver/maven-resolver-impl/1.1.1/maven-resolver-impl-1.1.1.pom (3.5 kB at 4.6 kB/s)
Downloading from central: https://repo.maven.apache.org/maven2/org/apache/maven/shared/maven-shared-utils/3.2.1/maven-shared-utils-3.2.1.pom
Downloaded from central: https://repo.maven.apache.org/maven2/org/apache/maven/shared/maven-shared-utils/3.2.1/maven-shared-utils-3.2.1.pom (5.6 kB at 14 kB/s)
Downloading from central: https://repo.maven.apache.org/maven2/org/apache/maven/shared/maven-shared-components/30/maven-shared-components-30.pom
Downloaded from central: https://repo.maven.apache.org/maven2/org/apache/maven/shared/maven-shared-components/30/maven-shared-components-30.pom (4.6 kB at 11 kB/s)
Downloading from central: https://repo.maven.apache.org/maven2/org/apache/maven/maven-parent/30/maven-parent-30.pom
Downloaded from central: https://repo.maven.apache.org/maven2/org/apache/maven/maven-parent/30/maven-parent-30.pom (41 kB at 37 kB/s)
Downloading from central: https://repo.maven.apache.org/maven2/com/google/inject/guice/4.2.0/guice-4.2.0.pom
Downloaded from central: https://repo.maven.apache.org/maven2/com/google/inject/guice/4.2.0/guice-4.2.0.pom (11 kB at 20 kB/s)
Downloading from central: https://repo.maven.apache.org/maven2/com/google/inject/guice-parent/4.2.0/guice-parent-4.2.0.pom
Downloaded from central: https://repo.maven.apache.org/maven2/com/google/inject/guice-parent/4.2.0/guice-parent-4.2.0.pom (16 kB at 24 kB/s)
Downloading from central: https://repo.maven.apache.org/maven2/com/google/google/5/google-5.pom
Downloaded from central: https://repo.maven.apache.org/maven2/com/google/google/5/google-5.pom (2.5 kB at 8.9 kB/s)
Downloading from central: https://repo.maven.apache.org/maven2/aopalliance/aopalliance/1.0/aopalliance-1.0.pom
Downloaded from central: https://repo.maven.apache.org/maven2/aopalliance/aopalliance/1.0/aopalliance-1.0.pom (363 B at 1.3 kB/s)
Downloading from central: https://repo.maven.apache.org/maven2/com/google/guava/guava/23.6-android/guava-23.6-android.pom
Downloaded from central: https://repo.maven.apache.org/maven2/com/google/guava/guava/23.6-android/guava-23.6-android.pom (7.8 kB at 14 kB/s)
Downloading from central: https://repo.maven.apache.org/maven2/com/google/guava/guava-parent/23.6-android/guava-parent-23.6-android.pom
Downloaded from central: https://repo.maven.apache.org/maven2/com/google/guava/guava-parent/23.6-android/guava-parent-23.6-android.pom (9.9 kB at 18 kB/s)
Downloading from central: https://repo.maven.apache.org/maven2/org/apache/maven/maven-archiver/3.2.0/maven-archiver-3.2.0.pom
Downloaded from central: https://repo.maven.apache.org/maven2/org/apache/maven/maven-archiver/3.2.0/maven-archiver-3.2.0.pom (4.3 kB at 9.6 kB/s)
Downloading from central: https://repo.maven.apache.org/maven2/org/apache/maven/maven-artifact/3.0/maven-artifact-3.0.pom
Downloaded from central: https://repo.maven.apache.org/maven2/org/apache/maven/maven-artifact/3.0/maven-artifact-3.0.pom (1.9 kB at 7.0 kB/s)
Downloading from central: https://repo.maven.apache.org/maven2/org/apache/maven/maven/3.0/maven-3.0.pom
Downloaded from central: https://repo.maven.apache.org/maven2/org/apache/maven/maven/3.0/maven-3.0.pom (22 kB at 26 kB/s)
Downloading from central: https://repo.maven.apache.org/maven2/org/codehaus/plexus/plexus-utils/2.0.4/plexus-utils-2.0.4.pom
Downloaded from central: https://repo.maven.apache.org/maven2/org/codehaus/plexus/plexus-utils/2.0.4/plexus-utils-2.0.4.pom (3.3 kB at 12 kB/s)
Downloading from central: https://repo.maven.apache.org/maven2/org/apache/maven/maven-model/3.0/maven-model-3.0.pom
Downloaded from central: https://repo.maven.apache.org/maven2/org/apache/maven/maven-model/3.0/maven-model-3.0.pom (3.9 kB at 14 kB/s)
Downloading from central: https://repo.maven.apache.org/maven2/org/apache/maven/maven-core/3.0/maven-core-3.0.pom
Downloaded from central: https://repo.maven.apache.org/maven2/org/apache/maven/maven-core/3.0/maven-core-3.0.pom (6.6 kB at 12 kB/s)
Downloading from central: https://repo.maven.apache.org/maven2/org/apache/maven/maven-settings/3.0/maven-settings-3.0.pom
Downloaded from central: https://repo.maven.apache.org/maven2/org/apache/maven/maven-settings/3.0/maven-settings-3.0.pom (1.9 kB at 6.9 kB/s)
Downloading from central: https://repo.maven.apache.org/maven2/org/apache/maven/maven-settings-builder/3.0/maven-settings-builder-3.0.pom
Downloaded from central: https://repo.maven.apache.org/maven2/org/apache/maven/maven-settings-builder/3.0/maven-settings-builder-3.0.pom (2.2 kB at 8.0 kB/s)
Downloading from central: https://repo.maven.apache.org/maven2/org/apache/maven/maven-repository-metadata/3.0/maven-repository-metadata-3.0.pom
Downloaded from central: https://repo.maven.apache.org/maven2/org/apache/maven/maven-repository-metadata/3.0/maven-repository-metadata-3.0.pom (1.9 kB at 7.1 kB/s)
Downloading from central: https://repo.maven.apache.org/maven2/org/apache/maven/maven-plugin-api/3.0/maven-plugin-api-3.0.pom
Downloaded from central: https://repo.maven.apache.org/maven2/org/apache/maven/maven-plugin-api/3.0/maven-plugin-api-3.0.pom (2.3 kB at 8.3 kB/s)
Downloading from central: https://repo.maven.apache.org/maven2/org/sonatype/sisu/sisu-inject-plexus/1.4.2/sisu-inject-plexus-1.4.2.pom
Downloaded from central: https://repo.maven.apache.org/maven2/org/sonatype/sisu/sisu-inject-plexus/1.4.2/sisu-inject-plexus-1.4.2.pom (5.4 kB at 13 kB/s)
Downloading from central: https://repo.maven.apache.org/maven2/org/sonatype/sisu/inject/guice-plexus/1.4.2/guice-plexus-1.4.2.pom
Downloaded from central: https://repo.maven.apache.org/maven2/org/sonatype/sisu/inject/guice-plexus/1.4.2/guice-plexus-1.4.2.pom (3.1 kB at 12 kB/s)
Downloading from central: https://repo.maven.apache.org/maven2/org/sonatype/sisu/inject/guice-bean/1.4.2/guice-bean-1.4.2.pom
Downloaded from central: https://repo.maven.apache.org/maven2/org/sonatype/sisu/inject/guice-bean/1.4.2/guice-bean-1.4.2.pom (2.6 kB at 9.5 kB/s)
Downloading from central: https://repo.maven.apache.org/maven2/org/sonatype/sisu/sisu-inject/1.4.2/sisu-inject-1.4.2.pom
Downloaded from central: https://repo.maven.apache.org/maven2/org/sonatype/sisu/sisu-inject/1.4.2/sisu-inject-1.4.2.pom (1.2 kB at 4.5 kB/s)
Downloading from central: https://repo.maven.apache.org/maven2/org/sonatype/sisu/sisu-parent/1.4.2/sisu-parent-1.4.2.pom
Downloaded from central: https://repo.maven.apache.org/maven2/org/sonatype/sisu/sisu-parent/1.4.2/sisu-parent-1.4.2.pom (7.8 kB at 14 kB/s)
Downloading from central: https://repo.maven.apache.org/maven2/org/sonatype/forge/forge-parent/6/forge-parent-6.pom
Downloaded from central: https://repo.maven.apache.org/maven2/org/sonatype/forge/forge-parent/6/forge-parent-6.pom (11 kB at 16 kB/s)
Downloading from central: https://repo.maven.apache.org/maven2/org/codehaus/plexus/plexus-component-annotations/1.5.4/plexus-component-annotations-1.5.4.pom
Downloaded from central: https://repo.maven.apache.org/maven2/org/codehaus/plexus/plexus-component-annotations/1.5.4/plexus-component-annotations-1.5.4.pom (815 B at 3.0 kB/s)
Downloading from central: https://repo.maven.apache.org/maven2/org/codehaus/plexus/plexus-containers/1.5.4/plexus-containers-1.5.4.pom
Downloaded from central: https://repo.maven.apache.org/maven2/org/codehaus/plexus/plexus-containers/1.5.4/plexus-containers-1.5.4.pom (4.2 kB at 15 kB/s)
Downloading from central: https://repo.maven.apache.org/maven2/org/codehaus/plexus/plexus/2.0.5/plexus-2.0.5.pom
Downloaded from central: https://repo.maven.apache.org/maven2/org/codehaus/plexus/plexus/2.0.5/plexus-2.0.5.pom (17 kB at 32 kB/s)
Downloading from central: https://repo.maven.apache.org/maven2/org/codehaus/plexus/plexus-classworlds/2.2.3/plexus-classworlds-2.2.3.pom
Downloaded from central: https://repo.maven.apache.org/maven2/org/codehaus/plexus/plexus-classworlds/2.2.3/plexus-classworlds-2.2.3.pom (4.0 kB at 5.2 kB/s)
Downloading from central: https://repo.maven.apache.org/maven2/org/sonatype/sisu/sisu-inject-bean/1.4.2/sisu-inject-bean-1.4.2.pom
Downloaded from central: https://repo.maven.apache.org/maven2/org/sonatype/sisu/sisu-inject-bean/1.4.2/sisu-inject-bean-1.4.2.pom (5.5 kB at 13 kB/s)
Downloading from central: https://repo.maven.apache.org/maven2/org/sonatype/sisu/sisu-guice/2.1.7/sisu-guice-2.1.7.pom
Downloaded from central: https://repo.maven.apache.org/maven2/org/sonatype/sisu/sisu-guice/2.1.7/sisu-guice-2.1.7.pom (11 kB at 27 kB/s)
Downloading from central: https://repo.maven.apache.org/maven2/org/apache/maven/maven-model-builder/3.0/maven-model-builder-3.0.pom
Downloaded from central: https://repo.maven.apache.org/maven2/org/apache/maven/maven-model-builder/3.0/maven-model-builder-3.0.pom (2.2 kB at 8.2 kB/s)
Downloading from central: https://repo.maven.apache.org/maven2/org/apache/maven/maven-aether-provider/3.0/maven-aether-provider-3.0.pom
Downloaded from central: https://repo.maven.apache.org/maven2/org/apache/maven/maven-aether-provider/3.0/maven-aether-provider-3.0.pom (2.5 kB at 9.0 kB/s)
Downloading from central: https://repo.maven.apache.org/maven2/org/sonatype/aether/aether-api/1.7/aether-api-1.7.pom
Downloaded from central: https://repo.maven.apache.org/maven2/org/sonatype/aether/aether-api/1.7/aether-api-1.7.pom (1.7 kB at 6.1 kB/s)
Downloading from central: https://repo.maven.apache.org/maven2/org/sonatype/aether/aether-parent/1.7/aether-parent-1.7.pom
Downloaded from central: https://repo.maven.apache.org/maven2/org/sonatype/aether/aether-parent/1.7/aether-parent-1.7.pom (7.7 kB at 19 kB/s)
Downloading from central: https://repo.maven.apache.org/maven2/org/sonatype/aether/aether-util/1.7/aether-util-1.7.pom
Downloaded from central: https://repo.maven.apache.org/maven2/org/sonatype/aether/aether-util/1.7/aether-util-1.7.pom (2.1 kB at 6.4 kB/s)
Downloading from central: https://repo.maven.apache.org/maven2/org/sonatype/aether/aether-impl/1.7/aether-impl-1.7.pom
Downloaded from central: https://repo.maven.apache.org/maven2/org/sonatype/aether/aether-impl/1.7/aether-impl-1.7.pom (3.7 kB at 13 kB/s)
Downloading from central: https://repo.maven.apache.org/maven2/org/sonatype/aether/aether-spi/1.7/aether-spi-1.7.pom
Downloaded from central: https://repo.maven.apache.org/maven2/org/sonatype/aether/aether-spi/1.7/aether-spi-1.7.pom (1.7 kB at 6.3 kB/s)
Downloading from central: https://repo.maven.apache.org/maven2/org/apache/maven/shared/maven-shared-utils/3.2.0/maven-shared-utils-3.2.0.pom
Downloaded from central: https://repo.maven.apache.org/maven2/org/apache/maven/shared/maven-shared-utils/3.2.0/maven-shared-utils-3.2.0.pom (4.9 kB at 6.4 kB/s)
Downloading from central: https://repo.maven.apache.org/maven2/org/codehaus/plexus/plexus-archiver/3.5/plexus-archiver-3.5.pom
Downloaded from central: https://repo.maven.apache.org/maven2/org/codehaus/plexus/plexus-archiver/3.5/plexus-archiver-3.5.pom (4.8 kB at 17 kB/s)
Downloading from central: https://repo.maven.apache.org/maven2/org/codehaus/plexus/plexus/5.0/plexus-5.0.pom
Downloaded from central: https://repo.maven.apache.org/maven2/org/codehaus/plexus/plexus/5.0/plexus-5.0.pom (21 kB at 22 kB/s)
Downloading from central: https://repo.maven.apache.org/maven2/org/codehaus/plexus/plexus-utils/3.0.24/plexus-utils-3.0.24.pom
Downloaded from central: https://repo.maven.apache.org/maven2/org/codehaus/plexus/plexus-utils/3.0.24/plexus-utils-3.0.24.pom (4.1 kB at 10 kB/s)
Downloading from central: https://repo.maven.apache.org/maven2/org/codehaus/plexus/plexus-io/3.0.0/plexus-io-3.0.0.pom
Downloaded from central: https://repo.maven.apache.org/maven2/org/codehaus/plexus/plexus-io/3.0.0/plexus-io-3.0.0.pom (4.5 kB at 11 kB/s)
Downloading from central: https://repo.maven.apache.org/maven2/org/iq80/snappy/snappy/0.4/snappy-0.4.pom
Downloaded from central: https://repo.maven.apache.org/maven2/org/iq80/snappy/snappy/0.4/snappy-0.4.pom (15 kB at 18 kB/s)
Downloading from central: https://repo.maven.apache.org/maven2/org/tukaani/xz/1.6/xz-1.6.pom
Downloaded from central: https://repo.maven.apache.org/maven2/org/tukaani/xz/1.6/xz-1.6.pom (1.9 kB at 7.0 kB/s)
Downloading from central: https://repo.maven.apache.org/maven2/com/google/code/gson/gson/2.8.0/gson-2.8.0.pom
Downloaded from central: https://repo.maven.apache.org/maven2/com/google/code/gson/gson/2.8.0/gson-2.8.0.pom (1.4 kB at 5.2 kB/s)
Downloading from central: https://repo.maven.apache.org/maven2/com/google/code/gson/gson-parent/2.8.0/gson-parent-2.8.0.pom
Downloaded from central: https://repo.maven.apache.org/maven2/com/google/code/gson/gson-parent/2.8.0/gson-parent-2.8.0.pom (3.5 kB at 4.5 kB/s)
Downloading from central: https://repo.maven.apache.org/maven2/org/slf4j/slf4j-api/1.7.22/slf4j-api-1.7.22.jar
Downloading from central: https://repo.maven.apache.org/maven2/com/spotify/docker-client/8.14.3/docker-client-8.14.3-shaded.jar
Downloading from central: https://repo.maven.apache.org/maven2/com/fasterxml/jackson/jaxrs/jackson-jaxrs-json-provider/2.9.6/jackson-jaxrs-json-provider-2.9.6.jar
Downloading from central: https://repo.maven.apache.org/maven2/com/fasterxml/jackson/jaxrs/jackson-jaxrs-base/2.9.6/jackson-jaxrs-base-2.9.6.jar
Downloading from central: https://repo.maven.apache.org/maven2/com/fasterxml/jackson/module/jackson-module-jaxb-annotations/2.9.6/jackson-module-jaxb-annotations-2.9.6.jar
Downloaded from central: https://repo.maven.apache.org/maven2/com/fasterxml/jackson/jaxrs/jackson-jaxrs-json-provider/2.9.6/jackson-jaxrs-json-provider-2.9.6.jar (16 kB at 15 kB/s)
Downloading from central: https://repo.maven.apache.org/maven2/com/fasterxml/jackson/datatype/jackson-datatype-guava/2.9.6/jackson-datatype-guava-2.9.6.jar
Downloaded from central: https://repo.maven.apache.org/maven2/com/fasterxml/jackson/jaxrs/jackson-jaxrs-base/2.9.6/jackson-jaxrs-base-2.9.6.jar (33 kB at 23 kB/s)
Downloading from central: https://repo.maven.apache.org/maven2/com/fasterxml/jackson/core/jackson-core/2.9.6/jackson-core-2.9.6.jar
Downloaded from central: https://repo.maven.apache.org/maven2/com/fasterxml/jackson/module/jackson-module-jaxb-annotations/2.9.6/jackson-module-jaxb-annotations-2.9.6.jar (33 kB at 13 kB/s)
Downloading from central: https://repo.maven.apache.org/maven2/com/fasterxml/jackson/core/jackson-databind/2.9.6/jackson-databind-2.9.6.jar
Downloaded from central: https://repo.maven.apache.org/maven2/org/slf4j/slf4j-api/1.7.22/slf4j-api-1.7.22.jar (41 kB at 17 kB/s)
Downloading from central: https://repo.maven.apache.org/maven2/com/fasterxml/jackson/core/jackson-annotations/2.9.0/jackson-annotations-2.9.0.jar
Downloaded from central: https://repo.maven.apache.org/maven2/com/fasterxml/jackson/datatype/jackson-datatype-guava/2.9.6/jackson-datatype-guava-2.9.6.jar (78 kB at 24 kB/s)
Downloading from central: https://repo.maven.apache.org/maven2/org/glassfish/jersey/core/jersey-client/2.22.2/jersey-client-2.22.2.jar
Downloaded from central: https://repo.maven.apache.org/maven2/com/fasterxml/jackson/core/jackson-annotations/2.9.0/jackson-annotations-2.9.0.jar (67 kB at 15 kB/s)
Downloading from central: https://repo.maven.apache.org/maven2/javax/ws/rs/javax.ws.rs-api/2.0.1/javax.ws.rs-api-2.0.1.jar
Downloaded from central: https://repo.maven.apache.org/maven2/org/glassfish/jersey/core/jersey-client/2.22.2/jersey-client-2.22.2.jar (167 kB at 24 kB/s)
Downloading from central: https://repo.maven.apache.org/maven2/org/glassfish/jersey/core/jersey-common/2.22.2/jersey-common-2.22.2.jar
Downloaded from central: https://repo.maven.apache.org/maven2/javax/ws/rs/javax.ws.rs-api/2.0.1/javax.ws.rs-api-2.0.1.jar (116 kB at 14 kB/s)
Downloading from central: https://repo.maven.apache.org/maven2/javax/annotation/javax.annotation-api/1.2/javax.annotation-api-1.2.jar
Downloaded from central: https://repo.maven.apache.org/maven2/com/fasterxml/jackson/core/jackson-core/2.9.6/jackson-core-2.9.6.jar (324 kB at 35 kB/s)
Downloading from central: https://repo.maven.apache.org/maven2/org/glassfish/jersey/bundles/repackaged/jersey-guava/2.22.2/jersey-guava-2.22.2.jar
Downloaded from central: https://repo.maven.apache.org/maven2/javax/annotation/javax.annotation-api/1.2/javax.annotation-api-1.2.jar (26 kB at 2.8 kB/s)
Downloading from central: https://repo.maven.apache.org/maven2/org/glassfish/hk2/osgi-resource-locator/1.0.1/osgi-resource-locator-1.0.1.jar
Downloaded from central: https://repo.maven.apache.org/maven2/org/glassfish/hk2/osgi-resource-locator/1.0.1/osgi-resource-locator-1.0.1.jar (20 kB at 1.9 kB/s)
Downloading from central: https://repo.maven.apache.org/maven2/org/glassfish/hk2/hk2-api/2.4.0-b34/hk2-api-2.4.0-b34.jar
Downloaded from central: https://repo.maven.apache.org/maven2/org/glassfish/hk2/hk2-api/2.4.0-b34/hk2-api-2.4.0-b34.jar (179 kB at 12 kB/s)
Downloading from central: https://repo.maven.apache.org/maven2/org/glassfish/hk2/hk2-utils/2.4.0-b34/hk2-utils-2.4.0-b34.jar
Downloaded from central: https://repo.maven.apache.org/maven2/org/glassfish/hk2/hk2-utils/2.4.0-b34/hk2-utils-2.4.0-b34.jar (119 kB at 5.9 kB/s)
Downloading from central: https://repo.maven.apache.org/maven2/org/glassfish/hk2/external/aopalliance-repackaged/2.4.0-b34/aopalliance-repackaged-2.4.0-b34.jar
Downloaded from central: https://repo.maven.apache.org/maven2/org/glassfish/hk2/external/aopalliance-repackaged/2.4.0-b34/aopalliance-repackaged-2.4.0-b34.jar (15 kB at 713 B/s)
Downloading from central: https://repo.maven.apache.org/maven2/org/glassfish/hk2/external/javax.inject/2.4.0-b34/javax.inject-2.4.0-b34.jar
Downloaded from central: https://repo.maven.apache.org/maven2/org/glassfish/hk2/external/javax.inject/2.4.0-b34/javax.inject-2.4.0-b34.jar (6.0 kB at 281 B/s)
Downloading from central: https://repo.maven.apache.org/maven2/org/glassfish/hk2/hk2-locator/2.4.0-b34/hk2-locator-2.4.0-b34.jar
Downloaded from central: https://repo.maven.apache.org/maven2/org/glassfish/jersey/core/jersey-common/2.22.2/jersey-common-2.22.2.jar (698 kB at 31 kB/s)
Downloading from central: https://repo.maven.apache.org/maven2/org/javassist/javassist/3.18.1-GA/javassist-3.18.1-GA.jar
Downloaded from central: https://repo.maven.apache.org/maven2/org/glassfish/hk2/hk2-locator/2.4.0-b34/hk2-locator-2.4.0-b34.jar (181 kB at 7.2 kB/s)
Downloading from central: https://repo.maven.apache.org/maven2/org/glassfish/jersey/connectors/jersey-apache-connector/2.22.2/jersey-apache-connector-2.22.2.jar
Downloaded from central: https://repo.maven.apache.org/maven2/org/glassfish/jersey/connectors/jersey-apache-connector/2.22.2/jersey-apache-connector-2.22.2.jar (25 kB at 954 B/s)
Downloading from central: https://repo.maven.apache.org/maven2/org/glassfish/jersey/media/jersey-media-json-jackson/2.22.2/jersey-media-json-jackson-2.22.2.jar
Downloaded from central: https://repo.maven.apache.org/maven2/org/glassfish/jersey/media/jersey-media-json-jackson/2.22.2/jersey-media-json-jackson-2.22.2.jar (22 kB at 791 B/s)
Downloading from central: https://repo.maven.apache.org/maven2/org/glassfish/jersey/ext/jersey-entity-filtering/2.22.2/jersey-entity-filtering-2.22.2.jar
Downloaded from central: https://repo.maven.apache.org/maven2/org/glassfish/jersey/ext/jersey-entity-filtering/2.22.2/jersey-entity-filtering-2.22.2.jar (70 kB at 2.3 kB/s)
Downloading from central: https://repo.maven.apache.org/maven2/javax/activation/activation/1.1/activation-1.1.jar
Downloaded from central: https://repo.maven.apache.org/maven2/javax/activation/activation/1.1/activation-1.1.jar (63 kB at 1.9 kB/s)
Downloading from central: https://repo.maven.apache.org/maven2/org/apache/commons/commons-compress/1.18/commons-compress-1.18.jar
Downloaded from central: https://repo.maven.apache.org/maven2/org/javassist/javassist/3.18.1-GA/javassist-3.18.1-GA.jar (714 kB at 19 kB/s)
Downloading from central: https://repo.maven.apache.org/maven2/commons-io/commons-io/2.5/commons-io-2.5.jar
Downloaded from central: https://repo.maven.apache.org/maven2/org/glassfish/jersey/bundles/repackaged/jersey-guava/2.22.2/jersey-guava-2.22.2.jar (971 kB at 24 kB/s)
Downloading from central: https://repo.maven.apache.org/maven2/org/apache/httpcomponents/httpclient/4.5/httpclient-4.5.jar
Downloaded from central: https://repo.maven.apache.org/maven2/commons-io/commons-io/2.5/commons-io-2.5.jar (209 kB at 5.0 kB/s)
Downloading from central: https://repo.maven.apache.org/maven2/commons-logging/commons-logging/1.2/commons-logging-1.2.jar
Downloaded from central: https://repo.maven.apache.org/maven2/commons-logging/commons-logging/1.2/commons-logging-1.2.jar (62 kB at 1.4 kB/s)
Downloading from central: https://repo.maven.apache.org/maven2/commons-codec/commons-codec/1.9/commons-codec-1.9.jar
Downloaded from central: https://repo.maven.apache.org/maven2/org/apache/commons/commons-compress/1.18/commons-compress-1.18.jar (592 kB at 13 kB/s)
Downloading from central: https://repo.maven.apache.org/maven2/org/apache/httpcomponents/httpcore/4.4.5/httpcore-4.4.5.jar
Downloaded from central: https://repo.maven.apache.org/maven2/commons-codec/commons-codec/1.9/commons-codec-1.9.jar (264 kB at 5.1 kB/s)
Downloading from central: https://repo.maven.apache.org/maven2/com/github/jnr/jnr-unixsocket/0.18/jnr-unixsocket-0.18.jar
Downloaded from central: https://repo.maven.apache.org/maven2/org/apache/httpcomponents/httpcore/4.4.5/httpcore-4.4.5.jar (327 kB at 6.1 kB/s)
Downloading from central: https://repo.maven.apache.org/maven2/com/github/jnr/jnr-ffi/2.1.4/jnr-ffi-2.1.4.jar
Downloaded from central: https://repo.maven.apache.org/maven2/com/github/jnr/jnr-unixsocket/0.18/jnr-unixsocket-0.18.jar (45 kB at 824 B/s)
Downloading from central: https://repo.maven.apache.org/maven2/com/github/jnr/jffi/1.2.15/jffi-1.2.15.jar
Downloaded from central: https://repo.maven.apache.org/maven2/com/github/jnr/jffi/1.2.15/jffi-1.2.15.jar (151 kB at 2.6 kB/s)
Downloading from central: https://repo.maven.apache.org/maven2/com/github/jnr/jffi/1.2.15/jffi-1.2.15-native.jar
Downloaded from central: https://repo.maven.apache.org/maven2/org/apache/httpcomponents/httpclient/4.5/httpclient-4.5.jar (728 kB at 12 kB/s)
Downloading from central: https://repo.maven.apache.org/maven2/org/ow2/asm/asm/5.0.3/asm-5.0.3.jar
Downloaded from central: https://repo.maven.apache.org/maven2/org/ow2/asm/asm/5.0.3/asm-5.0.3.jar (53 kB at 880 B/s)
Downloading from central: https://repo.maven.apache.org/maven2/org/ow2/asm/asm-commons/5.0.3/asm-commons-5.0.3.jar
Downloaded from central: https://repo.maven.apache.org/maven2/com/fasterxml/jackson/core/jackson-databind/2.9.6/jackson-databind-2.9.6.jar (1.3 MB at 22 kB/s)
Downloading from central: https://repo.maven.apache.org/maven2/org/ow2/asm/asm-analysis/5.0.3/asm-analysis-5.0.3.jar
Downloaded from central: https://repo.maven.apache.org/maven2/org/ow2/asm/asm-commons/5.0.3/asm-commons-5.0.3.jar (42 kB at 673 B/s)
Downloading from central: https://repo.maven.apache.org/maven2/org/ow2/asm/asm-tree/5.0.3/asm-tree-5.0.3.jar
Downloaded from central: https://repo.maven.apache.org/maven2/org/ow2/asm/asm-analysis/5.0.3/asm-analysis-5.0.3.jar (20 kB at 328 B/s)
Downloading from central: https://repo.maven.apache.org/maven2/org/ow2/asm/asm-util/5.0.3/asm-util-5.0.3.jar
Downloaded from central: https://repo.maven.apache.org/maven2/org/ow2/asm/asm-tree/5.0.3/asm-tree-5.0.3.jar (29 kB at 459 B/s)
Downloading from central: https://repo.maven.apache.org/maven2/com/github/jnr/jnr-x86asm/1.0.2/jnr-x86asm-1.0.2.jar
Downloaded from central: https://repo.maven.apache.org/maven2/org/ow2/asm/asm-util/5.0.3/asm-util-5.0.3.jar (43 kB at 678 B/s)
Downloading from central: https://repo.maven.apache.org/maven2/com/github/jnr/jnr-constants/0.9.8/jnr-constants-0.9.8.jar
Downloaded from central: https://repo.maven.apache.org/maven2/com/github/jnr/jnr-ffi/2.1.4/jnr-ffi-2.1.4.jar (679 kB at 9.8 kB/s)
Downloading from central: https://repo.maven.apache.org/maven2/com/github/jnr/jnr-enxio/0.16/jnr-enxio-0.16.jar
Downloaded from central: https://repo.maven.apache.org/maven2/com/github/jnr/jnr-enxio/0.16/jnr-enxio-0.16.jar (28 kB at 391 B/s)
Downloading from central: https://repo.maven.apache.org/maven2/com/github/jnr/jnr-posix/3.0.35/jnr-posix-3.0.35.jar
Downloaded from central: https://repo.maven.apache.org/maven2/com/github/jnr/jnr-x86asm/1.0.2/jnr-x86asm-1.0.2.jar (220 kB at 3.1 kB/s)
Downloading from central: https://repo.maven.apache.org/maven2/commons-lang/commons-lang/2.6/commons-lang-2.6.jar
Downloaded from central: https://repo.maven.apache.org/maven2/com/github/jnr/jffi/1.2.15/jffi-1.2.15-native.jar (635 kB at 8.6 kB/s)
Downloading from central: https://repo.maven.apache.org/maven2/org/bouncycastle/bcpkix-jdk15on/1.59/bcpkix-jdk15on-1.59.jar
Downloaded from central: https://repo.maven.apache.org/maven2/com/github/jnr/jnr-posix/3.0.35/jnr-posix-3.0.35.jar (227 kB at 3.0 kB/s)
Downloading from central: https://repo.maven.apache.org/maven2/org/bouncycastle/bcprov-jdk15on/1.59/bcprov-jdk15on-1.59.jar
Downloaded from central: https://repo.maven.apache.org/maven2/com/github/jnr/jnr-constants/0.9.8/jnr-constants-0.9.8.jar (358 kB at 4.6 kB/s)
Downloading from central: https://repo.maven.apache.org/maven2/com/google/auth/google-auth-library-oauth2-http/0.6.0/google-auth-library-oauth2-http-0.6.0.jar
Downloaded from central: https://repo.maven.apache.org/maven2/commons-lang/commons-lang/2.6/commons-lang-2.6.jar (284 kB at 3.6 kB/s)
Downloading from central: https://repo.maven.apache.org/maven2/com/google/auth/google-auth-library-credentials/0.6.0/google-auth-library-credentials-0.6.0.jar
Downloaded from central: https://repo.maven.apache.org/maven2/com/google/auth/google-auth-library-credentials/0.6.0/google-auth-library-credentials-0.6.0.jar (5.7 kB at 71 B/s)
Downloading from central: https://repo.maven.apache.org/maven2/com/google/http-client/google-http-client/1.19.0/google-http-client-1.19.0.jar
Downloaded from central: https://repo.maven.apache.org/maven2/com/google/auth/google-auth-library-oauth2-http/0.6.0/google-auth-library-oauth2-http-0.6.0.jar (52 kB at 649 B/s)
Downloading from central: https://repo.maven.apache.org/maven2/com/google/http-client/google-http-client-jackson2/1.19.0/google-http-client-jackson2-1.19.0.jar
Downloaded from central: https://repo.maven.apache.org/maven2/com/google/http-client/google-http-client-jackson2/1.19.0/google-http-client-jackson2-1.19.0.jar (6.7 kB at 82 B/s)
Downloading from central: https://repo.maven.apache.org/maven2/com/google/guava/guava/23.6.1-jre/guava-23.6.1-jre.jar
Downloaded from central: https://repo.maven.apache.org/maven2/org/bouncycastle/bcpkix-jdk15on/1.59/bcpkix-jdk15on-1.59.jar (793 kB at 8.9 kB/s)
Downloading from central: https://repo.maven.apache.org/maven2/org/checkerframework/checker-compat-qual/2.0.0/checker-compat-qual-2.0.0.jar
Downloaded from central: https://repo.maven.apache.org/maven2/com/google/http-client/google-http-client/1.19.0/google-http-client-1.19.0.jar (271 kB at 3.0 kB/s)
Downloading from central: https://repo.maven.apache.org/maven2/com/google/errorprone/error_prone_annotations/2.1.3/error_prone_annotations-2.1.3.jar
Downloaded from central: https://repo.maven.apache.org/maven2/com/google/errorprone/error_prone_annotations/2.1.3/error_prone_annotations-2.1.3.jar (14 kB at 151 B/s)
Downloading from central: https://repo.maven.apache.org/maven2/com/google/j2objc/j2objc-annotations/1.1/j2objc-annotations-1.1.jar
Downloaded from central: https://repo.maven.apache.org/maven2/org/checkerframework/checker-compat-qual/2.0.0/checker-compat-qual-2.0.0.jar (32 kB at 348 B/s)
Downloading from central: https://repo.maven.apache.org/maven2/org/codehaus/mojo/animal-sniffer-annotations/1.14/animal-sniffer-annotations-1.14.jar
Downloaded from central: https://repo.maven.apache.org/maven2/com/google/j2objc/j2objc-annotations/1.1/j2objc-annotations-1.1.jar (8.8 kB at 96 B/s)
Downloading from central: https://repo.maven.apache.org/maven2/com/spotify/dockerfile-maven-extension/1.4.10/dockerfile-maven-extension-1.4.10.jar
Downloaded from central: https://repo.maven.apache.org/maven2/org/codehaus/mojo/animal-sniffer-annotations/1.14/animal-sniffer-annotations-1.14.jar (3.5 kB at 38 B/s)
Downloading from central: https://repo.maven.apache.org/maven2/org/apache/maven/maven-plugin-api/3.5.4/maven-plugin-api-3.5.4.jar
Downloaded from central: https://repo.maven.apache.org/maven2/com/spotify/dockerfile-maven-extension/1.4.10/dockerfile-maven-extension-1.4.10.jar (2.6 kB at 28 B/s)
Downloading from central: https://repo.maven.apache.org/maven2/org/apache/maven/maven-model/3.5.4/maven-model-3.5.4.jar
Downloaded from central: https://repo.maven.apache.org/maven2/org/apache/maven/maven-plugin-api/3.5.4/maven-plugin-api-3.5.4.jar (48 kB at 512 B/s)
Downloading from central: https://repo.maven.apache.org/maven2/org/apache/maven/maven-artifact/3.5.4/maven-artifact-3.5.4.jar
Downloaded from central: https://repo.maven.apache.org/maven2/org/apache/maven/maven-artifact/3.5.4/maven-artifact-3.5.4.jar (55 kB at 578 B/s)
Downloading from central: https://repo.maven.apache.org/maven2/org/eclipse/sisu/org.eclipse.sisu.plexus/0.3.3/org.eclipse.sisu.plexus-0.3.3.jar
Downloaded from central: https://repo.maven.apache.org/maven2/org/apache/maven/maven-model/3.5.4/maven-model-3.5.4.jar (165 kB at 1.7 kB/s)
Downloading from central: https://repo.maven.apache.org/maven2/javax/enterprise/cdi-api/1.0/cdi-api-1.0.jar
Downloaded from central: https://repo.maven.apache.org/maven2/javax/enterprise/cdi-api/1.0/cdi-api-1.0.jar (45 kB at 460 B/s)
Downloading from central: https://repo.maven.apache.org/maven2/javax/annotation/jsr250-api/1.0/jsr250-api-1.0.jar
Downloaded from central: https://repo.maven.apache.org/maven2/javax/annotation/jsr250-api/1.0/jsr250-api-1.0.jar (5.8 kB at 59 B/s)
Downloading from central: https://repo.maven.apache.org/maven2/org/codehaus/plexus/plexus-utils/3.1.0/plexus-utils-3.1.0.jar
Downloaded from central: https://repo.maven.apache.org/maven2/org/eclipse/sisu/org.eclipse.sisu.plexus/0.3.3/org.eclipse.sisu.plexus-0.3.3.jar (205 kB at 2.0 kB/s)
Downloading from central: https://repo.maven.apache.org/maven2/org/codehaus/plexus/plexus-classworlds/2.5.2/plexus-classworlds-2.5.2.jar
Downloaded from central: https://repo.maven.apache.org/maven2/org/codehaus/plexus/plexus-classworlds/2.5.2/plexus-classworlds-2.5.2.jar (53 kB at 514 B/s)
Downloading from central: https://repo.maven.apache.org/maven2/org/apache/maven/maven-core/3.5.4/maven-core-3.5.4.jar
Downloaded from central: https://repo.maven.apache.org/maven2/org/codehaus/plexus/plexus-utils/3.1.0/plexus-utils-3.1.0.jar (262 kB at 2.5 kB/s)
Downloading from central: https://repo.maven.apache.org/maven2/org/apache/maven/maven-settings/3.5.4/maven-settings-3.5.4.jar
Downloaded from central: https://repo.maven.apache.org/maven2/org/apache/maven/maven-settings/3.5.4/maven-settings-3.5.4.jar (45 kB at 414 B/s)
Downloading from central: https://repo.maven.apache.org/maven2/org/apache/maven/maven-settings-builder/3.5.4/maven-settings-builder-3.5.4.jar
Downloaded from central: https://repo.maven.apache.org/maven2/org/apache/maven/maven-settings-builder/3.5.4/maven-settings-builder-3.5.4.jar (43 kB at 396 B/s)
Downloading from central: https://repo.maven.apache.org/maven2/org/apache/maven/maven-builder-support/3.5.4/maven-builder-support-3.5.4.jar
Downloaded from central: https://repo.maven.apache.org/maven2/org/apache/maven/maven-builder-support/3.5.4/maven-builder-support-3.5.4.jar (15 kB at 134 B/s)
Downloading from central: https://repo.maven.apache.org/maven2/org/apache/maven/maven-repository-metadata/3.5.4/maven-repository-metadata-3.5.4.jar
Downloaded from central: https://repo.maven.apache.org/maven2/org/apache/maven/maven-repository-metadata/3.5.4/maven-repository-metadata-3.5.4.jar (27 kB at 246 B/s)
Downloading from central: https://repo.maven.apache.org/maven2/org/apache/maven/maven-model-builder/3.5.4/maven-model-builder-3.5.4.jar
Downloaded from central: https://repo.maven.apache.org/maven2/org/apache/maven/maven-core/3.5.4/maven-core-3.5.4.jar (630 kB at 5.4 kB/s)
Downloading from central: https://repo.maven.apache.org/maven2/org/apache/maven/maven-resolver-provider/3.5.4/maven-resolver-provider-3.5.4.jar
Downloaded from central: https://repo.maven.apache.org/maven2/org/apache/maven/maven-model-builder/3.5.4/maven-model-builder-3.5.4.jar (177 kB at 1.5 kB/s)
Downloading from central: https://repo.maven.apache.org/maven2/org/apache/maven/resolver/maven-resolver-impl/1.1.1/maven-resolver-impl-1.1.1.jar
Downloaded from central: https://repo.maven.apache.org/maven2/org/apache/maven/maven-resolver-provider/3.5.4/maven-resolver-provider-3.5.4.jar (67 kB at 571 B/s)
Downloading from central: https://repo.maven.apache.org/maven2/org/apache/maven/resolver/maven-resolver-api/1.1.1/maven-resolver-api-1.1.1.jar
Downloaded from central: https://repo.maven.apache.org/maven2/org/apache/maven/resolver/maven-resolver-api/1.1.1/maven-resolver-api-1.1.1.jar (146 kB at 1.2 kB/s)
Downloading from central: https://repo.maven.apache.org/maven2/org/apache/maven/resolver/maven-resolver-spi/1.1.1/maven-resolver-spi-1.1.1.jar
Downloaded from central: https://repo.maven.apache.org/maven2/org/apache/maven/resolver/maven-resolver-impl/1.1.1/maven-resolver-impl-1.1.1.jar (185 kB at 1.5 kB/s)
Downloading from central: https://repo.maven.apache.org/maven2/org/apache/maven/resolver/maven-resolver-util/1.1.1/maven-resolver-util-1.1.1.jar
Downloaded from central: https://repo.maven.apache.org/maven2/org/apache/maven/resolver/maven-resolver-spi/1.1.1/maven-resolver-spi-1.1.1.jar (36 kB at 290 B/s)
Downloading from central: https://repo.maven.apache.org/maven2/org/apache/maven/shared/maven-shared-utils/3.2.1/maven-shared-utils-3.2.1.jar
Downloaded from central: https://repo.maven.apache.org/maven2/org/apache/maven/shared/maven-shared-utils/3.2.1/maven-shared-utils-3.2.1.jar (167 kB at 1.3 kB/s)
Downloading from central: https://repo.maven.apache.org/maven2/org/eclipse/sisu/org.eclipse.sisu.inject/0.3.3/org.eclipse.sisu.inject-0.3.3.jar
Downloaded from central: https://repo.maven.apache.org/maven2/org/apache/maven/resolver/maven-resolver-util/1.1.1/maven-resolver-util-1.1.1.jar (159 kB at 1.2 kB/s)
Downloading from central: https://repo.maven.apache.org/maven2/com/google/inject/guice/4.2.0/guice-4.2.0-no_aop.jar
Downloaded from central: https://repo.maven.apache.org/maven2/org/eclipse/sisu/org.eclipse.sisu.inject/0.3.3/org.eclipse.sisu.inject-0.3.3.jar (379 kB at 2.8 kB/s)
Downloading from central: https://repo.maven.apache.org/maven2/aopalliance/aopalliance/1.0/aopalliance-1.0.jar
Downloaded from central: https://repo.maven.apache.org/maven2/aopalliance/aopalliance/1.0/aopalliance-1.0.jar (4.5 kB at 32 B/s)
Downloading from central: https://repo.maven.apache.org/maven2/javax/inject/javax.inject/1/javax.inject-1.jar
Downloaded from central: https://repo.maven.apache.org/maven2/javax/inject/javax.inject/1/javax.inject-1.jar (2.5 kB at 18 B/s)
Downloading from central: https://repo.maven.apache.org/maven2/org/codehaus/plexus/plexus-component-annotations/1.7.1/plexus-component-annotations-1.7.1.jar
Downloaded from central: https://repo.maven.apache.org/maven2/org/codehaus/plexus/plexus-component-annotations/1.7.1/plexus-component-annotations-1.7.1.jar (4.3 kB at 31 B/s)
Downloading from central: https://repo.maven.apache.org/maven2/org/apache/commons/commons-lang3/3.5/commons-lang3-3.5.jar
Downloaded from central: https://repo.maven.apache.org/maven2/com/google/inject/guice/4.2.0/guice-4.2.0-no_aop.jar (521 kB at 3.7 kB/s)
Downloading from central: https://repo.maven.apache.org/maven2/org/apache/maven/maven-archiver/3.2.0/maven-archiver-3.2.0.jar
Downloaded from central: https://repo.maven.apache.org/maven2/org/apache/maven/maven-archiver/3.2.0/maven-archiver-3.2.0.jar (24 kB at 166 B/s)
Downloading from central: https://repo.maven.apache.org/maven2/org/codehaus/plexus/plexus-archiver/3.5/plexus-archiver-3.5.jar
Downloaded from central: https://repo.maven.apache.org/maven2/org/apache/commons/commons-lang3/3.5/commons-lang3-3.5.jar (480 kB at 3.3 kB/s)
Downloading from central: https://repo.maven.apache.org/maven2/org/codehaus/plexus/plexus-io/3.0.0/plexus-io-3.0.0.jar
Downloaded from central: https://repo.maven.apache.org/maven2/org/codehaus/plexus/plexus-io/3.0.0/plexus-io-3.0.0.jar (74 kB at 502 B/s)
Downloading from central: https://repo.maven.apache.org/maven2/org/iq80/snappy/snappy/0.4/snappy-0.4.jar
Downloaded from central: https://repo.maven.apache.org/maven2/org/codehaus/plexus/plexus-archiver/3.5/plexus-archiver-3.5.jar (187 kB at 1.3 kB/s)
Downloading from central: https://repo.maven.apache.org/maven2/org/tukaani/xz/1.6/xz-1.6.jar
Downloaded from central: https://repo.maven.apache.org/maven2/org/iq80/snappy/snappy/0.4/snappy-0.4.jar (58 kB at 389 B/s)
Downloading from central: https://repo.maven.apache.org/maven2/org/codehaus/plexus/plexus-interpolation/1.24/plexus-interpolation-1.24.jar
Downloaded from central: https://repo.maven.apache.org/maven2/org/codehaus/plexus/plexus-interpolation/1.24/plexus-interpolation-1.24.jar (79 kB at 522 B/s)
Downloading from central: https://repo.maven.apache.org/maven2/org/sonatype/plexus/plexus-sec-dispatcher/1.4/plexus-sec-dispatcher-1.4.jar
Downloaded from central: https://repo.maven.apache.org/maven2/org/sonatype/plexus/plexus-sec-dispatcher/1.4/plexus-sec-dispatcher-1.4.jar (28 kB at 182 B/s)
Downloading from central: https://repo.maven.apache.org/maven2/org/sonatype/plexus/plexus-cipher/1.4/plexus-cipher-1.4.jar
Downloaded from central: https://repo.maven.apache.org/maven2/org/tukaani/xz/1.6/xz-1.6.jar (103 kB at 678 B/s)
Downloading from central: https://repo.maven.apache.org/maven2/com/google/code/gson/gson/2.8.0/gson-2.8.0.jar
Downloaded from central: https://repo.maven.apache.org/maven2/org/sonatype/plexus/plexus-cipher/1.4/plexus-cipher-1.4.jar (13 kB at 88 B/s)
Downloaded from central: https://repo.maven.apache.org/maven2/com/google/code/gson/gson/2.8.0/gson-2.8.0.jar (232 kB at 1.5 kB/s)
Downloaded from central: https://repo.maven.apache.org/maven2/org/bouncycastle/bcprov-jdk15on/1.59/bcprov-jdk15on-1.59.jar (4.1 MB at 25 kB/s)
Downloaded from central: https://repo.maven.apache.org/maven2/com/google/guava/guava/23.6.1-jre/guava-23.6.1-jre.jar (2.7 MB at 16 kB/s)
Downloaded from central: https://repo.maven.apache.org/maven2/com/spotify/docker-client/8.14.3/docker-client-8.14.3-shaded.jar (12 MB at 45 kB/s)
[INFO] dockerfile: null
[INFO] contextDirectory: /home/training-machine5/docker-training-java/standalone
[INFO] Building Docker context /home/training-machine5/docker-training-java/standalone
[INFO] Path(dockerfile): null
[INFO] Path(contextDirectory): /home/training-machine5/docker-training-java/standalone
[INFO] 
[INFO] Image will be built as zamadockertraining/standalone:1.0
[INFO] 
[INFO] Step 1/3 : FROM openjdk:8
[INFO] 
[INFO] Pulling from library/openjdk
[INFO] Digest: sha256:0a16427b68dfaea1ba1d6e462de940580d72549a694dd6cab82ce16ef9edfe66
[INFO] Status: Image is up to date for openjdk:8
[INFO]  ---> 08ded5f856cc
[INFO] Step 2/3 : ADD target/standalone-1.0.jar /standalone-1.0.jar
[INFO] 
[INFO]  ---> Using cache
[INFO]  ---> a43b4d69b12e
[INFO] Step 3/3 : CMD ["java","-jar","/standalone-1.0.jar"]
[INFO] 
[INFO]  ---> Using cache
[INFO]  ---> b3dc9e167bea
[INFO] [Warning] One or more build-args [JAR_FILE] were not consumed
[INFO] Successfully built b3dc9e167bea
[INFO] Successfully tagged zamadockertraining/standalone:1.0
[INFO] 
[INFO] Detected build of image with id b3dc9e167bea
[INFO] Building jar: /home/training-machine5/docker-training-java/standalone/target/standalone-1.0-docker-info.jar
[INFO] Successfully built zamadockertraining/standalone:1.0
[INFO] ------------------------------------------------------------------------
[INFO] BUILD SUCCESS
[INFO] ------------------------------------------------------------------------
[INFO] Total time:  07:16 min
[INFO] Finished at: 2019-08-20T13:53:00+05:30
[INFO] ------------------------------------------------------------------------
training-machine5@training-machine5:~/docker-training-java/standalone$ mvn dockerfile:run
[INFO] Scanning for projects...
[INFO] ------------------------------------------------------------------------
[INFO] BUILD FAILURE
[INFO] ------------------------------------------------------------------------
[INFO] Total time:  0.633 s
[INFO] Finished at: 2019-08-20T13:55:03+05:30
[INFO] ------------------------------------------------------------------------
[ERROR] Could not find goal 'run' in plugin com.spotify:dockerfile-maven-plugin:1.4.10 among available goals build, help, push, tag -> [Help 1]
[ERROR] 
[ERROR] To see the full stack trace of the errors, re-run Maven with the -e switch.
[ERROR] Re-run Maven using the -X switch to enable full debug logging.
[ERROR] 
[ERROR] For more information about the errors and possible solutions, please read the following articles:
[ERROR] [Help 1] http://cwiki.apache.org/confluence/display/MAVEN/MojoNotFoundException
training-machine5@training-machine5:~/docker-training-java/standalone$ 

