training-machine5@training-machine5:~$ pwd
/home/training-machine5
training-machine5@training-machine5:~$ cd docker-training-java/
training-machine5@training-machine5:~/docker-training-java$ cd s
spring-boot/ standalone/  
training-machine5@training-machine5:~/docker-training-java$ cd standalone/
training-machine5@training-machine5:~/docker-training-java/standalone$ sh data/run.sh
sh: 0: Can't open data/run.sh
training-machine5@training-machine5:~/docker-training-java/standalone$ sh data/run.sh
Hello vasantha ....... Running run.sh file - Wed Aug 21 12:43:51 IST 2019
training-machine5@training-machine5:~/docker-training-java/standalone$ clear
training-machine5@training-machine5:~/docker-training-java/standalone$ nano data/run.sh
training-machine5@training-machine5:~/docker-training-java/standalone$ sh data/run.sh
data/run.sh: 2: data/run.sh: Syntax error: Unterminated quoted string
training-machine5@training-machine5:~/docker-training-java/standalone$ sh data/run.sh
Hello Docker running from run.sh - Wed Aug 21 12:47:20 IST 2019
training-machine5@training-machine5:~/docker-training-java/standalone$ docker run -d --name java8-app-c1 java8-app
docker: Error response from daemon: Conflict. The container name "/java8-app-c1" is already in use by container "d152dd0ad831513589fea941453215f8865d2f1642ef40a4bde48af1dcf612c5". You have to remove (or rename) that container to be able to reuse that name.
See 'docker run --help'.
training-machine5@training-machine5:~/docker-training-java/standalone$ docker ps -a
CONTAINER ID        IMAGE               COMMAND                  CREATED             STATUS                        PORTS               NAMES
db64a59e4931        java8-app123        "java -jar /standalo…"   44 minutes ago      Exited (130) 42 minutes ago                       wizardly_ride
2059a0081b2e        java8-app           "java -jar /standalo…"   24 hours ago        Up 24 hours                                       festive_mahavira
0a6613916504        java8-app           "java -jar /standalo…"   24 hours ago        Up 24 hours                                       competent_davinci
5b52603c7a3e        java8-app           "java -jar /standalo…"   24 hours ago        Up 24 hours                                       frosty_beaver
a12287d73cc7        java8-app           "java -jar /standalo…"   24 hours ago        Exited (130) 23 hours ago                         java8-app-c2
d152dd0ad831        java8-app           "java -jar /standalo…"   24 hours ago        Exited (130) 24 hours ago                         java8-app-c1
efb62ef35ea9        hello-world         "/hello"                 24 hours ago        Exited (0) 24 hours ago                           silly_chaplygin
training-machine5@training-machine5:~/docker-training-java/standalone$ docker run -d --name java8-app-data java8-app
8f5185e1a9a953c2666737a547d11712274ee7aa21c50b0f6c28efa5aa13b359
training-machine5@training-machine5:~/docker-training-java/standalone$ docker cp data/ java8-app--data/data
must specify at least one container source
training-machine5@training-machine5:~/docker-training-java/standalone$ docker cp data/ java8-app-data/data
must specify at least one container source
training-machine5@training-machine5:~/docker-training-java/standalone$ docker kill db64a59e4931
Error response from daemon: Cannot kill container: db64a59e4931: Container db64a59e49318c761181cf9d69388a1e4e783b80b6b73b71e8ed4278ddc83d4a is not running
training-machine5@training-machine5:~/docker-training-java/standalone$ docker container rm *
Error: No such container: data
Error: No such container: docker-compose.yml
Error: No such container: Dockerfile
Error: No such container: Dockerfile-10
Error: No such container: Dockerfile-11
Error: No such container: Dockerfile-9
Error: No such container: pom.xml
Error: No such container: src
Error: No such container: target
training-machine5@training-machine5:~/docker-training-java/standalone$ docker container rm db64a59e4931
db64a59e4931
training-machine5@training-machine5:~/docker-training-java/standalone$ docker ps -a
CONTAINER ID        IMAGE               COMMAND                  CREATED             STATUS                      PORTS               NAMES
8f5185e1a9a9        java8-app           "java -jar /standalo…"   6 minutes ago       Up 6 minutes                                    java8-app-data
2059a0081b2e        java8-app           "java -jar /standalo…"   24 hours ago        Up 24 hours                                     festive_mahavira
0a6613916504        java8-app           "java -jar /standalo…"   24 hours ago        Up 24 hours                                     competent_davinci
5b52603c7a3e        java8-app           "java -jar /standalo…"   24 hours ago        Up 24 hours                                     frosty_beaver
a12287d73cc7        java8-app           "java -jar /standalo…"   24 hours ago        Exited (130) 23 hours ago                       java8-app-c2
d152dd0ad831        java8-app           "java -jar /standalo…"   24 hours ago        Exited (130) 24 hours ago                       java8-app-c1
efb62ef35ea9        hello-world         "/hello"                 24 hours ago        Exited (0) 24 hours ago                         silly_chaplygin
training-machine5@training-machine5:~/docker-training-java/standalone$ docker container rm 8f5185e1a9a9 2059a0081b2e 0a6613916504
Error response from daemon: You cannot remove a running container 8f5185e1a9a953c2666737a547d11712274ee7aa21c50b0f6c28efa5aa13b359. Stop the container before attempting removal or force remove
Error response from daemon: You cannot remove a running container 2059a0081b2e3cbeadb8137d6065f43126af0496dc3e9cb3ba146ba4617a8e9d. Stop the container before attempting removal or force remove
Error response from daemon: You cannot remove a running container 0a661391650413453e26b46e111b86834495f0d9dc2d218b8abcd44b64526a64. Stop the container before attempting removal or force remove
training-machine5@training-machine5:~/docker-training-java/standalone$ docker system prune
WARNING! This will remove:
        - all stopped containers
        - all networks not used by at least one container
        - all dangling images
        - all dangling build cache
Are you sure you want to continue? [y/N] y
Deleted Containers:
a12287d73cc7c4b952321a3cdc9c7ad60c856e1836839ba013cd806b65da3e91
d152dd0ad831513589fea941453215f8865d2f1642ef40a4bde48af1dcf612c5
efb62ef35ea98ebcd446b063c9b20ac2dcd0d2b82d55b7167473a855979c2136

Total reclaimed space: 0B
training-machine5@training-machine5:~/docker-training-java/standalone$ docker ps -a
CONTAINER ID        IMAGE               COMMAND                  CREATED             STATUS              PORTS               NAMES
8f5185e1a9a9        java8-app           "java -jar /standalo…"   7 minutes ago       Up 7 minutes                            java8-app-data
2059a0081b2e        java8-app           "java -jar /standalo…"   24 hours ago        Up 24 hours                             festive_mahavira
0a6613916504        java8-app           "java -jar /standalo…"   24 hours ago        Up 24 hours                             competent_davinci
5b52603c7a3e        java8-app           "java -jar /standalo…"   24 hours ago        Up 24 hours                             frosty_beaver
training-machine5@training-machine5:~/docker-training-java/standalone$ docker container rm 8f5185e1a9a9
Error response from daemon: You cannot remove a running container 8f5185e1a9a953c2666737a547d11712274ee7aa21c50b0f6c28efa5aa13b359. Stop the container before attempting removal or force remove
training-machine5@training-machine5:~/docker-training-java/standalone$ docker stop ^C
training-machine5@training-machine5:~/docker-training-java/standalone$ docker stop 8f5185e1a9a9
8f5185e1a9a9
training-machine5@training-machine5:~/docker-training-java/standalone$ docker stop 2059a0081b2e 0a6613916504 5b52603c7a3e
2059a0081b2e
0a6613916504
5b52603c7a3e
training-machine5@training-machine5:~/docker-training-java/standalone$ docker ps -a
CONTAINER ID        IMAGE               COMMAND                  CREATED             STATUS                        PORTS               NAMES
8f5185e1a9a9        java8-app           "java -jar /standalo…"   9 minutes ago       Exited (143) 34 seconds ago                       java8-app-data
2059a0081b2e        java8-app           "java -jar /standalo…"   24 hours ago        Exited (143) 8 seconds ago                        festive_mahavira
0a6613916504        java8-app           "java -jar /standalo…"   24 hours ago        Exited (143) 8 seconds ago                        competent_davinci
5b52603c7a3e        java8-app           "java -jar /standalo…"   24 hours ago        Exited (143) 8 seconds ago                        frosty_beaver
training-machine5@training-machine5:~/docker-training-java/standalone$ docker container rm 
"docker container rm" requires at least 1 argument.
See 'docker container rm --help'.

Usage:  docker container rm [OPTIONS] CONTAINER [CONTAINER...]

Remove one or more containers
training-machine5@training-machine5:~/docker-training-java/standalone$ docker stop 2059a0081b2e 0a6613916504 5b52603c7a3e
2059a0081b2e
0a6613916504
5b52603c7a3e
training-machine5@training-machine5:~/docker-training-java/standalone$ docker container rm 2059a0081b2e 0a6613916504 5b52603c7a3e
2059a0081b2e
0a6613916504
5b52603c7a3e
training-machine5@training-machine5:~/docker-training-java/standalone$ docker ps -a
CONTAINER ID        IMAGE               COMMAND                  CREATED             STATUS                            PORTS               NAMES
8f5185e1a9a9        java8-app           "java -jar /standalo…"   10 minutes ago      Exited (143) About a minute ago                       java8-app-data
training-machine5@training-machine5:~/docker-training-java/standalone$ docker container rm 8f5185e1a9a9
8f5185e1a9a9
training-machine5@training-machine5:~/docker-training-java/standalone$ docker ps -a
CONTAINER ID        IMAGE               COMMAND             CREATED             STATUS              PORTS               NAMES
training-machine5@training-machine5:~/docker-training-java/standalone$ docker ps -a
CONTAINER ID        IMAGE               COMMAND             CREATED             STATUS              PORTS               NAMES
training-machine5@training-machine5:~/docker-training-java/standalone$ docker run -d --name java8-data java8-app
53c0865741549862c0cc9d63c572bd3e80cd9071369e95b6327f6378b08bc0f4
training-machine5@training-machine5:~/docker-training-java/standalone$ docker ps -a
CONTAINER ID        IMAGE               COMMAND                  CREATED             STATUS              PORTS               NAMES
53c086574154        java8-app           "java -jar /standalo…"   5 seconds ago       Up 3 seconds                            java8-data
training-machine5@training-machine5:~/docker-training-java/standalone$ docker cp data/ java8-data:/data
training-machine5@training-machine5:~/docker-training-java/standalone$ docker exec -it java8-data bash
root@53c086574154:/# ls -1
bin
boot
data
dev
etc
home
lib
lib64
media
mnt
opt
proc
root
run
sbin
srv
standalone-1.0.jar
sys
tmp
usr
var
root@53c086574154:/# ls -1 data
run-1.sh
run.sh
root@53c086574154:/# ls -l data
total 8
-rw-r--r-- 1 1000 1000 60 Aug 21 07:11 run-1.sh
-rw-r--r-- 1 1000 1000 50 Aug 21 07:17 run.sh
root@53c086574154:/# cat data/run.sh
echo 'Hello Docker running from run.sh - '$(date)
root@53c086574154:/# ^C
root@53c086574154:/# ^C
root@53c086574154:/# exit
exit
training-machine5@training-machine5:~/docker-training-java/standalone$ docker build -t java8-app .
Sending build context to Docker daemon   51.2kB
Step 1/4 : FROM openjdk:8
 ---> 08ded5f856cc
Step 2/4 : ADD target/standalone-1.0.jar /standalone-1.0.jar
 ---> Using cache
 ---> a43b4d69b12e
Step 3/4 : copy data .
 ---> c30c81683c6c
Step 4/4 : CMD ["java","-jar","/standalone-1.0.jar"]
 ---> Running in 1336da8d624e
Removing intermediate container 1336da8d624e
 ---> 2db9e69574a6
Successfully built 2db9e69574a6
Successfully tagged java8-app:latest
training-machine5@training-machine5:~/docker-training-java/standalone$ docker rm -f java8-data 
java8-data
training-machine5@training-machine5:~/docker-training-java/standalone$ docker ps
CONTAINER ID        IMAGE               COMMAND             CREATED             STATUS              PORTS               NAMES
training-machine5@training-machine5:~/docker-training-java/standalone$ docker run -d --name java8-data java8-app
3ba3d271b698c04a3baef2fd470c4d484fcdee4320466cf656943434677b3ea8
training-machine5@training-machine5:~/docker-training-java/standalone$ docker exec -it java8-data bash
root@3ba3d271b698:/# ls -1 data
ls: cannot access 'data': No such file or directory
root@3ba3d271b698:/# ls -l data
ls: cannot access 'data': No such file or directory
root@3ba3d271b698:/# ls -l
total 84
-rw-r--r--   1 root root   60 Aug 21 07:46 add.sh
-rw-r--r--   1 root root  220 Aug 21 07:48 add.tar.xz
drwxr-xr-x   1 root root 4096 Aug 14 11:23 bin
drwxr-xr-x   2 root root 4096 Mar 28 09:12 boot
drwxr-xr-x   5 root root  340 Aug 21 07:53 dev
drwxr-xr-x   1 root root 4096 Aug 21 07:53 etc
drwxr-xr-x   2 root root 4096 Mar 28 09:12 home
drwxr-xr-x   1 root root 4096 Aug 12 00:00 lib
drwxr-xr-x   2 root root 4096 Aug 12 00:00 lib64
drwxr-xr-x   2 root root 4096 Aug 12 00:00 media
drwxr-xr-x   2 root root 4096 Aug 12 00:00 mnt
drwxr-xr-x   2 root root 4096 Aug 12 00:00 opt
dr-xr-xr-x 276 root root    0 Aug 21 07:53 proc
drwx------   1 root root 4096 Aug 14 11:25 root
drwxr-xr-x   3 root root 4096 Aug 12 00:00 run
-rw-r--r--   1 root root   50 Aug 21 07:17 run.sh
drwxr-xr-x   1 root root 4096 Aug 14 06:24 sbin
drwxr-xr-x   2 root root 4096 Aug 12 00:00 srv
-rw-r--r--   1 root root 2996 Aug 20 07:14 standalone-1.0.jar
dr-xr-xr-x  13 root root    0 Aug 21 07:53 sys
drwxrwxrwt   1 root root 4096 Aug 14 11:25 tmp
drwxr-xr-x   1 root root 4096 Aug 12 00:00 usr
drwxr-xr-x   1 root root 4096 Aug 12 00:00 var
root@3ba3d271b698:/# cat exit
cat: exit: No such file or directory
root@3ba3d271b698:/# exit
exit
training-machine5@training-machine5:~/docker-training-java/standalone$ docker build -t java8-app .
Sending build context to Docker daemon  52.22kB
Step 1/4 : FROM openjdk:8
 ---> 08ded5f856cc
Step 2/4 : ADD target/standalone-1.0.jar /standalone-1.0.jar
 ---> Using cache
 ---> a43b4d69b12e
Step 3/4 : copy data .
 ---> 7b36524c6a75
Step 4/4 : CMD ["java","-jar","/standalone-1.0.jar"]
 ---> Running in ea4a2d7f2d28
Removing intermediate container ea4a2d7f2d28
 ---> 00fdb5c43be6
Successfully built 00fdb5c43be6
Successfully tagged java8-app:latest
training-machine5@training-machine5:~/docker-training-java/standalone$ docker rm -f java8-data 
java8-data
training-machine5@training-machine5:~/docker-training-java/standalone$ docker run -d --name java8-data java8-app
df864416aea269bef98f7981be69bce9eac7982fdb785e863d38e2793fc7aca9
training-machine5@training-machine5:~/docker-training-java/standalone$ docker exec -it java8-data bash
root@df864416aea2:/# ls -l
total 76
-rw-r--r--   1 root root  247 Aug 21 07:55 add_2.zip
drwxr-xr-x   1 root root 4096 Aug 14 11:23 bin
drwxr-xr-x   2 root root 4096 Mar 28 09:12 boot
drwxr-xr-x   5 root root  340 Aug 21 07:56 dev
drwxr-xr-x   1 root root 4096 Aug 21 07:56 etc
drwxr-xr-x   2 root root 4096 Mar 28 09:12 home
drwxr-xr-x   1 root root 4096 Aug 12 00:00 lib
drwxr-xr-x   2 root root 4096 Aug 12 00:00 lib64
drwxr-xr-x   2 root root 4096 Aug 12 00:00 media
drwxr-xr-x   2 root root 4096 Aug 12 00:00 mnt
drwxr-xr-x   2 root root 4096 Aug 12 00:00 opt
dr-xr-xr-x 276 root root    0 Aug 21 07:56 proc
drwx------   1 root root 4096 Aug 14 11:25 root
drwxr-xr-x   3 root root 4096 Aug 12 00:00 run
drwxr-xr-x   1 root root 4096 Aug 14 06:24 sbin
drwxr-xr-x   2 root root 4096 Aug 12 00:00 srv
-rw-r--r--   1 root root 2996 Aug 20 07:14 standalone-1.0.jar
dr-xr-xr-x  13 root root    0 Aug 21 07:53 sys
drwxrwxrwt   1 root root 4096 Aug 14 11:25 tmp
drwxr-xr-x   1 root root 4096 Aug 12 00:00 usr
drwxr-xr-x   1 root root 4096 Aug 12 00:00 var
root@df864416aea2:/# exit
exit
training-machine5@training-machine5:~/docker-training-java/standalone$ docker build -t java8-app .
Sending build context to Docker daemon   51.2kB
Step 1/4 : FROM openjdk:8
 ---> 08ded5f856cc
Step 2/4 : ADD target/standalone-1.0.jar /standalone-1.0.jar
 ---> Using cache
 ---> a43b4d69b12e
Step 3/4 : ADD data/add.tar.xz .
 ---> 6c9df01f0c6c
Step 4/4 : CMD ["java","-jar","/standalone-1.0.jar"]
 ---> Running in fc8945d0f52d
Removing intermediate container fc8945d0f52d
 ---> bcfd9b6b1420
Successfully built bcfd9b6b1420
Successfully tagged java8-app:latest
training-machine5@training-machine5:~/docker-training-java/standalone$ docker rm -f java8-data 
java8-data
training-machine5@training-machine5:~/docker-training-java/standalone$ docker run -d --name java8-data java8-app
f822eae268504c7f09778b4af86bb483ba1fb0f39c5b15a1ba333306b2f0cc1a
training-machine5@training-machine5:~/docker-training-java/standalone$ docker exec -it java8-data bash
root@f822eae26850:/# ls -l
total 76
-rw-r--r--   1 1000 1000   60 Aug 21 07:46 add (copy).sh
drwxr-xr-x   1 root root 4096 Aug 14 11:23 bin
drwxr-xr-x   2 root root 4096 Mar 28 09:12 boot
drwxr-xr-x   5 root root  340 Aug 21 07:59 dev
drwxr-xr-x   1 root root 4096 Aug 21 07:59 etc
drwxr-xr-x   2 root root 4096 Mar 28 09:12 home
drwxr-xr-x   1 root root 4096 Aug 12 00:00 lib
drwxr-xr-x   2 root root 4096 Aug 12 00:00 lib64
drwxr-xr-x   2 root root 4096 Aug 12 00:00 media
drwxr-xr-x   2 root root 4096 Aug 12 00:00 mnt
drwxr-xr-x   2 root root 4096 Aug 12 00:00 opt
dr-xr-xr-x 277 root root    0 Aug 21 07:59 proc
drwx------   1 root root 4096 Aug 14 11:25 root
drwxr-xr-x   3 root root 4096 Aug 12 00:00 run
drwxr-xr-x   1 root root 4096 Aug 14 06:24 sbin
drwxr-xr-x   2 root root 4096 Aug 12 00:00 srv
-rw-r--r--   1 root root 2996 Aug 20 07:14 standalone-1.0.jar
dr-xr-xr-x  13 root root    0 Aug 21 07:53 sys
drwxrwxrwt   1 root root 4096 Aug 14 11:25 tmp
drwxr-xr-x   1 root root 4096 Aug 12 00:00 usr
drwxr-xr-x   1 root root 4096 Aug 12 00:00 var
root@f822eae26850:/# exit
exit
training-machine5@training-machine5:~/docker-training-java/standalone$ cd..
cd..: command not found
training-machine5@training-machine5:~/docker-training-java/standalone$ cd ..
training-machine5@training-machine5:~/docker-training-java$ pwd
/home/training-machine5/docker-training-java
training-machine5@training-machine5:~/docker-training-java$ ls
docker-cheatsheet.pdf  k8s-cheatsheet.pdf  README.md  spring-boot  standalone  Terminal-1  Terminal-2  Terminal-3
training-machine5@training-machine5:~/docker-training-java$ cd spring-boot
training-machine5@training-machine5:~/docker-training-java/spring-boot$ mvn clean jar
[INFO] Scanning for projects...
Downloading from central: https://repo.maven.apache.org/maven2/org/springframework/boot/spring-boot-starter-parent/2.1.6.RELEASE/spring-boot-starter-parent-2.1.6.RELEASE.pom
Downloaded from central: https://repo.maven.apache.org/maven2/org/springframework/boot/spring-boot-starter-parent/2.1.6.RELEASE/spring-boot-starter-parent-2.1.6.RELEASE.pom (9.5 kB at 5.6 kB/s)
Downloading from central: https://repo.maven.apache.org/maven2/org/springframework/boot/spring-boot-dependencies/2.1.6.RELEASE/spring-boot-dependencies-2.1.6.RELEASE.pom
Downloaded from central: https://repo.maven.apache.org/maven2/org/springframework/boot/spring-boot-dependencies/2.1.6.RELEASE/spring-boot-dependencies-2.1.6.RELEASE.pom (123 kB at 31 kB/s)
Downloading from central: https://repo.maven.apache.org/maven2/com/fasterxml/jackson/jackson-bom/2.9.9/jackson-bom-2.9.9.pom
Downloaded from central: https://repo.maven.apache.org/maven2/com/fasterxml/jackson/jackson-bom/2.9.9/jackson-bom-2.9.9.pom (12 kB at 21 kB/s)
Downloading from central: https://repo.maven.apache.org/maven2/com/fasterxml/jackson/jackson-parent/2.9.1.2/jackson-parent-2.9.1.2.pom
Downloaded from central: https://repo.maven.apache.org/maven2/com/fasterxml/jackson/jackson-parent/2.9.1.2/jackson-parent-2.9.1.2.pom (7.9 kB at 17 kB/s)
Downloading from central: https://repo.maven.apache.org/maven2/com/fasterxml/oss-parent/34/oss-parent-34.pom
Downloaded from central: https://repo.maven.apache.org/maven2/com/fasterxml/oss-parent/34/oss-parent-34.pom (23 kB at 26 kB/s)
Downloading from central: https://repo.maven.apache.org/maven2/io/netty/netty-bom/4.1.36.Final/netty-bom-4.1.36.Final.pom
Downloaded from central: https://repo.maven.apache.org/maven2/io/netty/netty-bom/4.1.36.Final/netty-bom-4.1.36.Final.pom (7.9 kB at 13 kB/s)
Downloading from central: https://repo.maven.apache.org/maven2/io/projectreactor/reactor-bom/Californium-SR9/reactor-bom-Californium-SR9.pom
Downloaded from central: https://repo.maven.apache.org/maven2/io/projectreactor/reactor-bom/Californium-SR9/reactor-bom-Californium-SR9.pom (4.0 kB at 9.2 kB/s)
Downloading from central: https://repo.maven.apache.org/maven2/org/apache/logging/log4j/log4j-bom/2.11.2/log4j-bom-2.11.2.pom
Downloaded from central: https://repo.maven.apache.org/maven2/org/apache/logging/log4j/log4j-bom/2.11.2/log4j-bom-2.11.2.pom (6.5 kB at 15 kB/s)
Downloading from central: https://repo.maven.apache.org/maven2/org/apache/logging/logging-parent/1/logging-parent-1.pom
Downloaded from central: https://repo.maven.apache.org/maven2/org/apache/logging/logging-parent/1/logging-parent-1.pom (3.2 kB at 11 kB/s)
Downloading from central: https://repo.maven.apache.org/maven2/org/eclipse/jetty/jetty-bom/9.4.19.v20190610/jetty-bom-9.4.19.v20190610.pom
Downloaded from central: https://repo.maven.apache.org/maven2/org/eclipse/jetty/jetty-bom/9.4.19.v20190610/jetty-bom-9.4.19.v20190610.pom (18 kB at 31 kB/s)
Downloading from central: https://repo.maven.apache.org/maven2/org/glassfish/jersey/jersey-bom/2.27/jersey-bom-2.27.pom
Downloaded from central: https://repo.maven.apache.org/maven2/org/glassfish/jersey/jersey-bom/2.27/jersey-bom-2.27.pom (22 kB at 28 kB/s)
Downloading from central: https://repo.maven.apache.org/maven2/org/junit/junit-bom/5.3.2/junit-bom-5.3.2.pom
Downloaded from central: https://repo.maven.apache.org/maven2/org/junit/junit-bom/5.3.2/junit-bom-5.3.2.pom (4.1 kB at 5.1 kB/s)
Downloading from central: https://repo.maven.apache.org/maven2/org/springframework/spring-framework-bom/5.1.8.RELEASE/spring-framework-bom-5.1.8.RELEASE.pom
Downloaded from central: https://repo.maven.apache.org/maven2/org/springframework/spring-framework-bom/5.1.8.RELEASE/spring-framework-bom-5.1.8.RELEASE.pom (5.3 kB at 11 kB/s)
Downloading from central: https://repo.maven.apache.org/maven2/org/springframework/data/spring-data-releasetrain/Lovelace-SR9/spring-data-releasetrain-Lovelace-SR9.pom
Downloaded from central: https://repo.maven.apache.org/maven2/org/springframework/data/spring-data-releasetrain/Lovelace-SR9/spring-data-releasetrain-Lovelace-SR9.pom (4.6 kB at 9.8 kB/s)
Downloading from central: https://repo.maven.apache.org/maven2/org/springframework/data/build/spring-data-build/2.1.9.RELEASE/spring-data-build-2.1.9.RELEASE.pom
Downloaded from central: https://repo.maven.apache.org/maven2/org/springframework/data/build/spring-data-build/2.1.9.RELEASE/spring-data-build-2.1.9.RELEASE.pom (6.6 kB at 14 kB/s)
Downloading from central: https://repo.maven.apache.org/maven2/org/springframework/integration/spring-integration-bom/5.1.6.RELEASE/spring-integration-bom-5.1.6.RELEASE.pom
Downloaded from central: https://repo.maven.apache.org/maven2/org/springframework/integration/spring-integration-bom/5.1.6.RELEASE/spring-integration-bom-5.1.6.RELEASE.pom (8.7 kB at 19 kB/s)
Downloading from central: https://repo.maven.apache.org/maven2/org/springframework/security/spring-security-bom/5.1.5.RELEASE/spring-security-bom-5.1.5.RELEASE.pom
Downloaded from central: https://repo.maven.apache.org/maven2/org/springframework/security/spring-security-bom/5.1.5.RELEASE/spring-security-bom-5.1.5.RELEASE.pom (5.0 kB at 8.2 kB/s)
Downloading from central: https://repo.maven.apache.org/maven2/org/springframework/session/spring-session-bom/Bean-SR6/spring-session-bom-Bean-SR6.pom
Downloaded from central: https://repo.maven.apache.org/maven2/org/springframework/session/spring-session-bom/Bean-SR6/spring-session-bom-Bean-SR6.pom (3.0 kB at 6.8 kB/s)
[INFO] 
[INFO] -------------------< zama.training:spring-boot-demo >-------------------
[INFO] Building spring-boot-demo 1.0
[INFO] --------------------------------[ jar ]---------------------------------
Downloading from central: https://repo.maven.apache.org/maven2/org/springframework/boot/spring-boot-maven-plugin/2.1.6.RELEASE/spring-boot-maven-plugin-2.1.6.RELEASE.pom
Downloaded from central: https://repo.maven.apache.org/maven2/org/springframework/boot/spring-boot-maven-plugin/2.1.6.RELEASE/spring-boot-maven-plugin-2.1.6.RELEASE.pom (4.8 kB at 7.6 kB/s)
Downloading from central: https://repo.maven.apache.org/maven2/org/springframework/boot/spring-boot-tools/2.1.6.RELEASE/spring-boot-tools-2.1.6.RELEASE.pom
Downloaded from central: https://repo.maven.apache.org/maven2/org/springframework/boot/spring-boot-tools/2.1.6.RELEASE/spring-boot-tools-2.1.6.RELEASE.pom (1.8 kB at 6.0 kB/s)
Downloading from central: https://repo.maven.apache.org/maven2/org/springframework/boot/spring-boot-parent/2.1.6.RELEASE/spring-boot-parent-2.1.6.RELEASE.pom
Downloaded from central: https://repo.maven.apache.org/maven2/org/springframework/boot/spring-boot-parent/2.1.6.RELEASE/spring-boot-parent-2.1.6.RELEASE.pom (1.8 kB at 5.9 kB/s)
Downloading from central: https://repo.maven.apache.org/maven2/org/springframework/boot/spring-boot-maven-plugin/2.1.6.RELEASE/spring-boot-maven-plugin-2.1.6.RELEASE.jar
Downloaded from central: https://repo.maven.apache.org/maven2/org/springframework/boot/spring-boot-maven-plugin/2.1.6.RELEASE/spring-boot-maven-plugin-2.1.6.RELEASE.jar (68 kB at 34 kB/s)
[INFO] ------------------------------------------------------------------------
[INFO] BUILD FAILURE
[INFO] ------------------------------------------------------------------------
[INFO] Total time:  18.989 s
[INFO] Finished at: 2019-08-21T13:34:17+05:30
[INFO] ------------------------------------------------------------------------
[ERROR] Unknown lifecycle phase "jar". You must specify a valid lifecycle phase or a goal in the format <plugin-prefix>:<goal> or <plugin-group-id>:<plugin-artifact-id>[:<plugin-version>]:<goal>. Available lifecycle phases are: validate, initialize, generate-sources, process-sources, generate-resources, process-resources, compile, process-classes, generate-test-sources, process-test-sources, generate-test-resources, process-test-resources, test-compile, process-test-classes, test, prepare-package, package, pre-integration-test, integration-test, post-integration-test, verify, install, deploy, pre-clean, clean, post-clean, pre-site, site, post-site, site-deploy. -> [Help 1]
[ERROR] 
[ERROR] To see the full stack trace of the errors, re-run Maven with the -e switch.
[ERROR] Re-run Maven using the -X switch to enable full debug logging.
[ERROR] 
[ERROR] For more information about the errors and possible solutions, please read the following articles:
[ERROR] [Help 1] http://cwiki.apache.org/confluence/display/MAVEN/LifecyclePhaseNotFoundException
training-machine5@training-machine5:~/docker-training-java/spring-boot$ mvn clean build
[INFO] Scanning for projects...
[INFO] 
[INFO] -------------------< zama.training:spring-boot-demo >-------------------
[INFO] Building spring-boot-demo 1.0
[INFO] --------------------------------[ jar ]---------------------------------
[INFO] ------------------------------------------------------------------------
[INFO] BUILD FAILURE
[INFO] ------------------------------------------------------------------------
[INFO] Total time:  0.986 s
[INFO] Finished at: 2019-08-21T13:35:01+05:30
[INFO] ------------------------------------------------------------------------
[ERROR] Unknown lifecycle phase "build". You must specify a valid lifecycle phase or a goal in the format <plugin-prefix>:<goal> or <plugin-group-id>:<plugin-artifact-id>[:<plugin-version>]:<goal>. Available lifecycle phases are: validate, initialize, generate-sources, process-sources, generate-resources, process-resources, compile, process-classes, generate-test-sources, process-test-sources, generate-test-resources, process-test-resources, test-compile, process-test-classes, test, prepare-package, package, pre-integration-test, integration-test, post-integration-test, verify, install, deploy, pre-clean, clean, post-clean, pre-site, site, post-site, site-deploy. -> [Help 1]
[ERROR] 
[ERROR] To see the full stack trace of the errors, re-run Maven with the -e switch.
[ERROR] Re-run Maven using the -X switch to enable full debug logging.
[ERROR] 
[ERROR] For more information about the errors and possible solutions, please read the following articles:
[ERROR] [Help 1] http://cwiki.apache.org/confluence/display/MAVEN/LifecyclePhaseNotFoundException
training-machine5@training-machine5:~/docker-training-java/spring-boot$ mvn clean jar
[INFO] Scanning for projects...
[INFO] 
[INFO] -------------------< zama.training:spring-boot-demo >-------------------
[INFO] Building spring-boot-demo 1.0
[INFO] --------------------------------[ jar ]---------------------------------
[INFO] ------------------------------------------------------------------------
[INFO] BUILD FAILURE
[INFO] ------------------------------------------------------------------------
[INFO] Total time:  0.947 s
[INFO] Finished at: 2019-08-21T13:37:48+05:30
[INFO] ------------------------------------------------------------------------
[ERROR] Unknown lifecycle phase "jar". You must specify a valid lifecycle phase or a goal in the format <plugin-prefix>:<goal> or <plugin-group-id>:<plugin-artifact-id>[:<plugin-version>]:<goal>. Available lifecycle phases are: validate, initialize, generate-sources, process-sources, generate-resources, process-resources, compile, process-classes, generate-test-sources, process-test-sources, generate-test-resources, process-test-resources, test-compile, process-test-classes, test, prepare-package, package, pre-integration-test, integration-test, post-integration-test, verify, install, deploy, pre-clean, clean, post-clean, pre-site, site, post-site, site-deploy. -> [Help 1]
[ERROR] 
[ERROR] To see the full stack trace of the errors, re-run Maven with the -e switch.
[ERROR] Re-run Maven using the -X switch to enable full debug logging.
[ERROR] 
[ERROR] For more information about the errors and possible solutions, please read the following articles:
[ERROR] [Help 1] http://cwiki.apache.org/confluence/display/MAVEN/LifecyclePhaseNotFoundException
training-machine5@training-machine5:~/docker-training-java/spring-boot$ mvn clean jar
[INFO] Scanning for projects...
[INFO] 
[INFO] -------------------< zama.training:spring-boot-demo >-------------------
[INFO] Building spring-boot-demo 1.0
[INFO] --------------------------------[ jar ]---------------------------------
[INFO] ------------------------------------------------------------------------
[INFO] BUILD FAILURE
[INFO] ------------------------------------------------------------------------
[INFO] Total time:  1.007 s
[INFO] Finished at: 2019-08-21T13:42:52+05:30
[INFO] ------------------------------------------------------------------------
[ERROR] Unknown lifecycle phase "jar". You must specify a valid lifecycle phase or a goal in the format <plugin-prefix>:<goal> or <plugin-group-id>:<plugin-artifact-id>[:<plugin-version>]:<goal>. Available lifecycle phases are: validate, initialize, generate-sources, process-sources, generate-resources, process-resources, compile, process-classes, generate-test-sources, process-test-sources, generate-test-resources, process-test-resources, test-compile, process-test-classes, test, prepare-package, package, pre-integration-test, integration-test, post-integration-test, verify, install, deploy, pre-clean, clean, post-clean, pre-site, site, post-site, site-deploy. -> [Help 1]
[ERROR] 
[ERROR] To see the full stack trace of the errors, re-run Maven with the -e switch.
[ERROR] Re-run Maven using the -X switch to enable full debug logging.
[ERROR] 
[ERROR] For more information about the errors and possible solutions, please read the following articles:
[ERROR] [Help 1] http://cwiki.apache.org/confluence/display/MAVEN/LifecyclePhaseNotFoundException
training-machine5@training-machine5:~/docker-training-java/spring-boot$ mvn clean compile package 
[INFO] Scanning for projects...
[INFO] 
[INFO] -------------------< zama.training:spring-boot-demo >-------------------
[INFO] Building spring-boot-demo 1.0
[INFO] --------------------------------[ jar ]---------------------------------
Downloading from central: https://repo.maven.apache.org/maven2/org/apache/maven/plugins/maven-clean-plugin/3.1.0/maven-clean-plugin-3.1.0.pom
Downloaded from central: https://repo.maven.apache.org/maven2/org/apache/maven/plugins/maven-clean-plugin/3.1.0/maven-clean-plugin-3.1.0.pom (5.2 kB at 2.9 kB/s)
Downloading from central: https://repo.maven.apache.org/maven2/org/apache/maven/plugins/maven-plugins/31/maven-plugins-31.pom
Downloaded from central: https://repo.maven.apache.org/maven2/org/apache/maven/plugins/maven-plugins/31/maven-plugins-31.pom (10 kB at 18 kB/s)
Downloading from central: https://repo.maven.apache.org/maven2/org/apache/maven/plugins/maven-clean-plugin/3.1.0/maven-clean-plugin-3.1.0.jar
Downloaded from central: https://repo.maven.apache.org/maven2/org/apache/maven/plugins/maven-clean-plugin/3.1.0/maven-clean-plugin-3.1.0.jar (30 kB at 24 kB/s)
Downloading from central: https://repo.maven.apache.org/maven2/org/apache/maven/plugins/maven-resources-plugin/3.1.0/maven-resources-plugin-3.1.0.pom
Downloaded from central: https://repo.maven.apache.org/maven2/org/apache/maven/plugins/maven-resources-plugin/3.1.0/maven-resources-plugin-3.1.0.pom (7.2 kB at 12 kB/s)
Downloading from central: https://repo.maven.apache.org/maven2/org/apache/maven/plugins/maven-resources-plugin/3.1.0/maven-resources-plugin-3.1.0.jar
Downloaded from central: https://repo.maven.apache.org/maven2/org/apache/maven/plugins/maven-resources-plugin/3.1.0/maven-resources-plugin-3.1.0.jar (32 kB at 19 kB/s)
Downloading from central: https://repo.maven.apache.org/maven2/org/apache/maven/plugins/maven-compiler-plugin/3.8.1/maven-compiler-plugin-3.8.1.pom
Downloaded from central: https://repo.maven.apache.org/maven2/org/apache/maven/plugins/maven-compiler-plugin/3.8.1/maven-compiler-plugin-3.8.1.pom (12 kB at 22 kB/s)
Downloading from central: https://repo.maven.apache.org/maven2/org/apache/maven/plugins/maven-plugins/33/maven-plugins-33.pom
Downloaded from central: https://repo.maven.apache.org/maven2/org/apache/maven/plugins/maven-plugins/33/maven-plugins-33.pom (11 kB at 15 kB/s)
Downloading from central: https://repo.maven.apache.org/maven2/org/apache/maven/maven-parent/33/maven-parent-33.pom
Downloaded from central: https://repo.maven.apache.org/maven2/org/apache/maven/maven-parent/33/maven-parent-33.pom (44 kB at 22 kB/s)
Downloading from central: https://repo.maven.apache.org/maven2/org/apache/apache/21/apache-21.pom
Downloaded from central: https://repo.maven.apache.org/maven2/org/apache/apache/21/apache-21.pom (17 kB at 24 kB/s)
Downloading from central: https://repo.maven.apache.org/maven2/org/apache/maven/plugins/maven-compiler-plugin/3.8.1/maven-compiler-plugin-3.8.1.jar
Downloaded from central: https://repo.maven.apache.org/maven2/org/apache/maven/plugins/maven-compiler-plugin/3.8.1/maven-compiler-plugin-3.8.1.jar (62 kB at 40 kB/s)
Downloading from central: https://repo.maven.apache.org/maven2/org/apache/maven/plugins/maven-surefire-plugin/2.22.2/maven-surefire-plugin-2.22.2.pom
Downloaded from central: https://repo.maven.apache.org/maven2/org/apache/maven/plugins/maven-surefire-plugin/2.22.2/maven-surefire-plugin-2.22.2.pom (5.0 kB at 11 kB/s)
Downloading from central: https://repo.maven.apache.org/maven2/org/apache/maven/surefire/surefire/2.22.2/surefire-2.22.2.pom
Downloaded from central: https://repo.maven.apache.org/maven2/org/apache/maven/surefire/surefire/2.22.2/surefire-2.22.2.pom (26 kB at 28 kB/s)
Downloading from central: https://repo.maven.apache.org/maven2/org/apache/maven/plugins/maven-surefire-plugin/2.22.2/maven-surefire-plugin-2.22.2.jar
Downloaded from central: https://repo.maven.apache.org/maven2/org/apache/maven/plugins/maven-surefire-plugin/2.22.2/maven-surefire-plugin-2.22.2.jar (41 kB at 24 kB/s)
Downloading from central: https://repo.maven.apache.org/maven2/org/apache/maven/plugins/maven-jar-plugin/3.1.1/maven-jar-plugin-3.1.1.pom
Downloaded from central: https://repo.maven.apache.org/maven2/org/apache/maven/plugins/maven-jar-plugin/3.1.1/maven-jar-plugin-3.1.1.pom (6.7 kB at 14 kB/s)
Downloading from central: https://repo.maven.apache.org/maven2/org/apache/maven/plugins/maven-jar-plugin/3.1.1/maven-jar-plugin-3.1.1.jar
Downloaded from central: https://repo.maven.apache.org/maven2/org/apache/maven/plugins/maven-jar-plugin/3.1.1/maven-jar-plugin-3.1.1.jar (27 kB at 32 kB/s)
Downloading from central: https://repo.maven.apache.org/maven2/org/springframework/boot/spring-boot-starter-web/2.1.6.RELEASE/spring-boot-starter-web-2.1.6.RELEASE.pom
Downloaded from central: https://repo.maven.apache.org/maven2/org/springframework/boot/spring-boot-starter-web/2.1.6.RELEASE/spring-boot-starter-web-2.1.6.RELEASE.pom (3.2 kB at 11 kB/s)
Downloading from central: https://repo.maven.apache.org/maven2/org/springframework/boot/spring-boot-starters/2.1.6.RELEASE/spring-boot-starters-2.1.6.RELEASE.pom
Downloaded from central: https://repo.maven.apache.org/maven2/org/springframework/boot/spring-boot-starters/2.1.6.RELEASE/spring-boot-starters-2.1.6.RELEASE.pom (1.8 kB at 6.3 kB/s)
Downloading from central: https://repo.maven.apache.org/maven2/org/springframework/boot/spring-boot-starter/2.1.6.RELEASE/spring-boot-starter-2.1.6.RELEASE.pom
Downloaded from central: https://repo.maven.apache.org/maven2/org/springframework/boot/spring-boot-starter/2.1.6.RELEASE/spring-boot-starter-2.1.6.RELEASE.pom (3.1 kB at 11 kB/s)
Downloading from central: https://repo.maven.apache.org/maven2/org/springframework/boot/spring-boot/2.1.6.RELEASE/spring-boot-2.1.6.RELEASE.pom
Downloaded from central: https://repo.maven.apache.org/maven2/org/springframework/boot/spring-boot/2.1.6.RELEASE/spring-boot-2.1.6.RELEASE.pom (14 kB at 24 kB/s)
Downloading from central: https://repo.maven.apache.org/maven2/org/springframework/spring-core/5.1.8.RELEASE/spring-core-5.1.8.RELEASE.pom
Downloaded from central: https://repo.maven.apache.org/maven2/org/springframework/spring-core/5.1.8.RELEASE/spring-core-5.1.8.RELEASE.pom (3.6 kB at 13 kB/s)
Downloading from central: https://repo.maven.apache.org/maven2/org/springframework/spring-jcl/5.1.8.RELEASE/spring-jcl-5.1.8.RELEASE.pom
Downloaded from central: https://repo.maven.apache.org/maven2/org/springframework/spring-jcl/5.1.8.RELEASE/spring-jcl-5.1.8.RELEASE.pom (1.9 kB at 6.9 kB/s)
Downloading from central: https://repo.maven.apache.org/maven2/org/springframework/spring-context/5.1.8.RELEASE/spring-context-5.1.8.RELEASE.pom
Downloaded from central: https://repo.maven.apache.org/maven2/org/springframework/spring-context/5.1.8.RELEASE/spring-context-5.1.8.RELEASE.pom (5.7 kB at 9.3 kB/s)
Downloading from central: https://repo.maven.apache.org/maven2/org/springframework/spring-aop/5.1.8.RELEASE/spring-aop-5.1.8.RELEASE.pom
Downloaded from central: https://repo.maven.apache.org/maven2/org/springframework/spring-aop/5.1.8.RELEASE/spring-aop-5.1.8.RELEASE.pom (2.5 kB at 5.9 kB/s)
Downloading from central: https://repo.maven.apache.org/maven2/org/springframework/spring-beans/5.1.8.RELEASE/spring-beans-5.1.8.RELEASE.pom
Downloaded from central: https://repo.maven.apache.org/maven2/org/springframework/spring-beans/5.1.8.RELEASE/spring-beans-5.1.8.RELEASE.pom (2.7 kB at 9.6 kB/s)
Downloading from central: https://repo.maven.apache.org/maven2/org/springframework/spring-expression/5.1.8.RELEASE/spring-expression-5.1.8.RELEASE.pom
Downloaded from central: https://repo.maven.apache.org/maven2/org/springframework/spring-expression/5.1.8.RELEASE/spring-expression-5.1.8.RELEASE.pom (1.7 kB at 6.1 kB/s)
Downloading from central: https://repo.maven.apache.org/maven2/org/springframework/boot/spring-boot-autoconfigure/2.1.6.RELEASE/spring-boot-autoconfigure-2.1.6.RELEASE.pom
Downloaded from central: https://repo.maven.apache.org/maven2/org/springframework/boot/spring-boot-autoconfigure/2.1.6.RELEASE/spring-boot-autoconfigure-2.1.6.RELEASE.pom (34 kB at 30 kB/s)
Downloading from central: https://repo.maven.apache.org/maven2/org/springframework/boot/spring-boot-starter-logging/2.1.6.RELEASE/spring-boot-starter-logging-2.1.6.RELEASE.pom
Downloaded from central: https://repo.maven.apache.org/maven2/org/springframework/boot/spring-boot-starter-logging/2.1.6.RELEASE/spring-boot-starter-logging-2.1.6.RELEASE.pom (2.5 kB at 8.5 kB/s)
Downloading from central: https://repo.maven.apache.org/maven2/ch/qos/logback/logback-classic/1.2.3/logback-classic-1.2.3.pom
Downloaded from central: https://repo.maven.apache.org/maven2/ch/qos/logback/logback-classic/1.2.3/logback-classic-1.2.3.pom (13 kB at 24 kB/s)
Downloading from central: https://repo.maven.apache.org/maven2/ch/qos/logback/logback-parent/1.2.3/logback-parent-1.2.3.pom
Downloaded from central: https://repo.maven.apache.org/maven2/ch/qos/logback/logback-parent/1.2.3/logback-parent-1.2.3.pom (18 kB at 18 kB/s)
Downloading from central: https://repo.maven.apache.org/maven2/ch/qos/logback/logback-core/1.2.3/logback-core-1.2.3.pom
Downloaded from central: https://repo.maven.apache.org/maven2/ch/qos/logback/logback-core/1.2.3/logback-core-1.2.3.pom (4.2 kB at 10.0 kB/s)
Downloading from central: https://repo.maven.apache.org/maven2/org/slf4j/slf4j-api/1.7.26/slf4j-api-1.7.26.pom
Downloaded from central: https://repo.maven.apache.org/maven2/org/slf4j/slf4j-api/1.7.26/slf4j-api-1.7.26.pom (3.8 kB at 8.4 kB/s)
Downloading from central: https://repo.maven.apache.org/maven2/org/slf4j/slf4j-parent/1.7.26/slf4j-parent-1.7.26.pom
Downloaded from central: https://repo.maven.apache.org/maven2/org/slf4j/slf4j-parent/1.7.26/slf4j-parent-1.7.26.pom (14 kB at 24 kB/s)
Downloading from central: https://repo.maven.apache.org/maven2/org/apache/logging/log4j/log4j-to-slf4j/2.11.2/log4j-to-slf4j-2.11.2.pom
Downloaded from central: https://repo.maven.apache.org/maven2/org/apache/logging/log4j/log4j-to-slf4j/2.11.2/log4j-to-slf4j-2.11.2.pom (7.2 kB at 13 kB/s)
Downloading from central: https://repo.maven.apache.org/maven2/org/apache/logging/log4j/log4j/2.11.2/log4j-2.11.2.pom
Downloaded from central: https://repo.maven.apache.org/maven2/org/apache/logging/log4j/log4j/2.11.2/log4j-2.11.2.pom (62 kB at 36 kB/s)
Downloading from central: https://repo.maven.apache.org/maven2/org/apache/logging/log4j/log4j-api/2.11.2/log4j-api-2.11.2.pom
Downloaded from central: https://repo.maven.apache.org/maven2/org/apache/logging/log4j/log4j-api/2.11.2/log4j-api-2.11.2.pom (13 kB at 24 kB/s)
Downloading from central: https://repo.maven.apache.org/maven2/org/slf4j/jul-to-slf4j/1.7.26/jul-to-slf4j-1.7.26.pom
Downloaded from central: https://repo.maven.apache.org/maven2/org/slf4j/jul-to-slf4j/1.7.26/jul-to-slf4j-1.7.26.pom (990 B at 3.4 kB/s)
Downloading from central: https://repo.maven.apache.org/maven2/javax/annotation/javax.annotation-api/1.3.2/javax.annotation-api-1.3.2.pom
Downloaded from central: https://repo.maven.apache.org/maven2/javax/annotation/javax.annotation-api/1.3.2/javax.annotation-api-1.3.2.pom (14 kB at 34 kB/s)
Downloading from central: https://repo.maven.apache.org/maven2/org/yaml/snakeyaml/1.23/snakeyaml-1.23.pom
Downloaded from central: https://repo.maven.apache.org/maven2/org/yaml/snakeyaml/1.23/snakeyaml-1.23.pom (38 kB at 39 kB/s)
Downloading from central: https://repo.maven.apache.org/maven2/org/springframework/boot/spring-boot-starter-json/2.1.6.RELEASE/spring-boot-starter-json-2.1.6.RELEASE.pom
Downloaded from central: https://repo.maven.apache.org/maven2/org/springframework/boot/spring-boot-starter-json/2.1.6.RELEASE/spring-boot-starter-json-2.1.6.RELEASE.pom (3.1 kB at 11 kB/s)
Downloading from central: https://repo.maven.apache.org/maven2/org/springframework/spring-web/5.1.8.RELEASE/spring-web-5.1.8.RELEASE.pom
Downloaded from central: https://repo.maven.apache.org/maven2/org/springframework/spring-web/5.1.8.RELEASE/spring-web-5.1.8.RELEASE.pom (12 kB at 21 kB/s)
Downloading from central: https://repo.maven.apache.org/maven2/com/fasterxml/jackson/core/jackson-databind/2.9.9/jackson-databind-2.9.9.pom
Downloaded from central: https://repo.maven.apache.org/maven2/com/fasterxml/jackson/core/jackson-databind/2.9.9/jackson-databind-2.9.9.pom (6.4 kB at 15 kB/s)
Downloading from central: https://repo.maven.apache.org/maven2/com/fasterxml/jackson/jackson-base/2.9.9/jackson-base-2.9.9.pom
Downloaded from central: https://repo.maven.apache.org/maven2/com/fasterxml/jackson/jackson-base/2.9.9/jackson-base-2.9.9.pom (5.5 kB at 12 kB/s)
Downloading from central: https://repo.maven.apache.org/maven2/com/fasterxml/jackson/core/jackson-core/2.9.9/jackson-core-2.9.9.pom
Downloaded from central: https://repo.maven.apache.org/maven2/com/fasterxml/jackson/core/jackson-core/2.9.9/jackson-core-2.9.9.pom (4.1 kB at 9.8 kB/s)
Downloading from central: https://repo.maven.apache.org/maven2/com/fasterxml/jackson/datatype/jackson-datatype-jdk8/2.9.9/jackson-datatype-jdk8-2.9.9.pom
Downloaded from central: https://repo.maven.apache.org/maven2/com/fasterxml/jackson/datatype/jackson-datatype-jdk8/2.9.9/jackson-datatype-jdk8-2.9.9.pom (1.9 kB at 6.2 kB/s)
Downloading from central: https://repo.maven.apache.org/maven2/com/fasterxml/jackson/module/jackson-modules-java8/2.9.9/jackson-modules-java8-2.9.9.pom
Downloaded from central: https://repo.maven.apache.org/maven2/com/fasterxml/jackson/module/jackson-modules-java8/2.9.9/jackson-modules-java8-2.9.9.pom (2.8 kB at 3.5 kB/s)
Downloading from central: https://repo.maven.apache.org/maven2/com/fasterxml/jackson/datatype/jackson-datatype-jsr310/2.9.9/jackson-datatype-jsr310-2.9.9.pom
Downloaded from central: https://repo.maven.apache.org/maven2/com/fasterxml/jackson/datatype/jackson-datatype-jsr310/2.9.9/jackson-datatype-jsr310-2.9.9.pom (4.3 kB at 7.1 kB/s)
Downloading from central: https://repo.maven.apache.org/maven2/com/fasterxml/jackson/module/jackson-module-parameter-names/2.9.9/jackson-module-parameter-names-2.9.9.pom
Downloaded from central: https://repo.maven.apache.org/maven2/com/fasterxml/jackson/module/jackson-module-parameter-names/2.9.9/jackson-module-parameter-names-2.9.9.pom (3.7 kB at 8.3 kB/s)
Downloading from central: https://repo.maven.apache.org/maven2/org/springframework/boot/spring-boot-starter-tomcat/2.1.6.RELEASE/spring-boot-starter-tomcat-2.1.6.RELEASE.pom
Downloaded from central: https://repo.maven.apache.org/maven2/org/springframework/boot/spring-boot-starter-tomcat/2.1.6.RELEASE/spring-boot-starter-tomcat-2.1.6.RELEASE.pom (3.0 kB at 3.8 kB/s)
Downloading from central: https://repo.maven.apache.org/maven2/org/apache/tomcat/embed/tomcat-embed-core/9.0.21/tomcat-embed-core-9.0.21.pom
Downloaded from central: https://repo.maven.apache.org/maven2/org/apache/tomcat/embed/tomcat-embed-core/9.0.21/tomcat-embed-core-9.0.21.pom (1.8 kB at 6.4 kB/s)
Downloading from central: https://repo.maven.apache.org/maven2/org/apache/tomcat/embed/tomcat-embed-el/9.0.21/tomcat-embed-el-9.0.21.pom
Downloaded from central: https://repo.maven.apache.org/maven2/org/apache/tomcat/embed/tomcat-embed-el/9.0.21/tomcat-embed-el-9.0.21.pom (1.5 kB at 5.4 kB/s)
Downloading from central: https://repo.maven.apache.org/maven2/org/apache/tomcat/embed/tomcat-embed-websocket/9.0.21/tomcat-embed-websocket-9.0.21.pom
Downloaded from central: https://repo.maven.apache.org/maven2/org/apache/tomcat/embed/tomcat-embed-websocket/9.0.21/tomcat-embed-websocket-9.0.21.pom (1.8 kB at 6.2 kB/s)
Downloading from central: https://repo.maven.apache.org/maven2/org/apache/tomcat/tomcat-annotations-api/9.0.21/tomcat-annotations-api-9.0.21.pom
Downloaded from central: https://repo.maven.apache.org/maven2/org/apache/tomcat/tomcat-annotations-api/9.0.21/tomcat-annotations-api-9.0.21.pom (1.5 kB at 5.3 kB/s)
Downloading from central: https://repo.maven.apache.org/maven2/org/hibernate/validator/hibernate-validator/6.0.17.Final/hibernate-validator-6.0.17.Final.pom
Downloaded from central: https://repo.maven.apache.org/maven2/org/hibernate/validator/hibernate-validator/6.0.17.Final/hibernate-validator-6.0.17.Final.pom (15 kB at 21 kB/s)
Downloading from central: https://repo.maven.apache.org/maven2/org/hibernate/validator/hibernate-validator-parent/6.0.17.Final/hibernate-validator-parent-6.0.17.Final.pom
Downloaded from central: https://repo.maven.apache.org/maven2/org/hibernate/validator/hibernate-validator-parent/6.0.17.Final/hibernate-validator-parent-6.0.17.Final.pom (61 kB at 37 kB/s)
Downloading from central: https://repo.maven.apache.org/maven2/org/jboss/arquillian/arquillian-bom/1.1.11.Final/arquillian-bom-1.1.11.Final.pom
Downloaded from central: https://repo.maven.apache.org/maven2/org/jboss/arquillian/arquillian-bom/1.1.11.Final/arquillian-bom-1.1.11.Final.pom (11 kB at 15 kB/s)
Downloading from central: https://repo.maven.apache.org/maven2/org/jboss/shrinkwrap/shrinkwrap-bom/1.2.3/shrinkwrap-bom-1.2.3.pom
Downloaded from central: https://repo.maven.apache.org/maven2/org/jboss/shrinkwrap/shrinkwrap-bom/1.2.3/shrinkwrap-bom-1.2.3.pom (4.0 kB at 8.8 kB/s)
Downloading from central: https://repo.maven.apache.org/maven2/org/jboss/shrinkwrap/resolver/shrinkwrap-resolver-bom/2.2.0/shrinkwrap-resolver-bom-2.2.0.pom
Downloaded from central: https://repo.maven.apache.org/maven2/org/jboss/shrinkwrap/resolver/shrinkwrap-resolver-bom/2.2.0/shrinkwrap-resolver-bom-2.2.0.pom (5.3 kB at 8.7 kB/s)
Downloading from central: https://repo.maven.apache.org/maven2/org/jboss/shrinkwrap/descriptors/shrinkwrap-descriptors-bom/2.0.0-alpha-8/shrinkwrap-descriptors-bom-2.0.0-alpha-8.pom
Downloaded from central: https://repo.maven.apache.org/maven2/org/jboss/shrinkwrap/descriptors/shrinkwrap-descriptors-bom/2.0.0-alpha-8/shrinkwrap-descriptors-bom-2.0.0-alpha-8.pom (5.2 kB at 12 kB/s)
Downloading from central: https://repo.maven.apache.org/maven2/javax/validation/validation-api/2.0.1.Final/validation-api-2.0.1.Final.pom
Downloaded from central: https://repo.maven.apache.org/maven2/javax/validation/validation-api/2.0.1.Final/validation-api-2.0.1.Final.pom (12 kB at 11 kB/s)
Downloading from central: https://repo.maven.apache.org/maven2/org/jboss/logging/jboss-logging/3.3.2.Final/jboss-logging-3.3.2.Final.pom
Downloaded from central: https://repo.maven.apache.org/maven2/org/jboss/logging/jboss-logging/3.3.2.Final/jboss-logging-3.3.2.Final.pom (6.4 kB at 15 kB/s)
Downloading from central: https://repo.maven.apache.org/maven2/org/jboss/jboss-parent/15/jboss-parent-15.pom
Downloaded from central: https://repo.maven.apache.org/maven2/org/jboss/jboss-parent/15/jboss-parent-15.pom (32 kB at 20 kB/s)
Downloading from central: https://repo.maven.apache.org/maven2/com/fasterxml/classmate/1.4.0/classmate-1.4.0.pom
Downloaded from central: https://repo.maven.apache.org/maven2/com/fasterxml/classmate/1.4.0/classmate-1.4.0.pom (5.9 kB at 10.0 kB/s)
Downloading from central: https://repo.maven.apache.org/maven2/com/fasterxml/oss-parent/24/oss-parent-24.pom
Downloaded from central: https://repo.maven.apache.org/maven2/com/fasterxml/oss-parent/24/oss-parent-24.pom (19 kB at 19 kB/s)
Downloading from central: https://repo.maven.apache.org/maven2/org/springframework/spring-webmvc/5.1.8.RELEASE/spring-webmvc-5.1.8.RELEASE.pom
Downloaded from central: https://repo.maven.apache.org/maven2/org/springframework/spring-webmvc/5.1.8.RELEASE/spring-webmvc-5.1.8.RELEASE.pom (9.5 kB at 13 kB/s)
Downloading from central: https://repo.maven.apache.org/maven2/org/springframework/boot/spring-boot-starter-test/2.1.6.RELEASE/spring-boot-starter-test-2.1.6.RELEASE.pom
Downloaded from central: https://repo.maven.apache.org/maven2/org/springframework/boot/spring-boot-starter-test/2.1.6.RELEASE/spring-boot-starter-test-2.1.6.RELEASE.pom (4.4 kB at 7.3 kB/s)
Downloading from central: https://repo.maven.apache.org/maven2/org/springframework/boot/spring-boot-test/2.1.6.RELEASE/spring-boot-test-2.1.6.RELEASE.pom
Downloaded from central: https://repo.maven.apache.org/maven2/org/springframework/boot/spring-boot-test/2.1.6.RELEASE/spring-boot-test-2.1.6.RELEASE.pom (7.1 kB at 13 kB/s)
Downloading from central: https://repo.maven.apache.org/maven2/org/springframework/boot/spring-boot-test-autoconfigure/2.1.6.RELEASE/spring-boot-test-autoconfigure-2.1.6.RELEASE.pom
Downloaded from central: https://repo.maven.apache.org/maven2/org/springframework/boot/spring-boot-test-autoconfigure/2.1.6.RELEASE/spring-boot-test-autoconfigure-2.1.6.RELEASE.pom (9.9 kB at 14 kB/s)
Downloading from central: https://repo.maven.apache.org/maven2/com/jayway/jsonpath/json-path/2.4.0/json-path-2.4.0.pom
Downloaded from central: https://repo.maven.apache.org/maven2/com/jayway/jsonpath/json-path/2.4.0/json-path-2.4.0.pom (2.6 kB at 3.4 kB/s)
Downloading from central: https://repo.maven.apache.org/maven2/net/minidev/json-smart/2.3/json-smart-2.3.pom
Downloaded from central: https://repo.maven.apache.org/maven2/net/minidev/json-smart/2.3/json-smart-2.3.pom (9.0 kB at 12 kB/s)
Downloading from central: https://repo.maven.apache.org/maven2/net/minidev/minidev-parent/2.3/minidev-parent-2.3.pom
Downloaded from central: https://repo.maven.apache.org/maven2/net/minidev/minidev-parent/2.3/minidev-parent-2.3.pom (8.5 kB at 8.1 kB/s)
Downloading from central: https://repo.maven.apache.org/maven2/net/minidev/accessors-smart/1.2/accessors-smart-1.2.pom
Downloaded from central: https://repo.maven.apache.org/maven2/net/minidev/accessors-smart/1.2/accessors-smart-1.2.pom (12 kB at 13 kB/s)
Downloading from central: https://repo.maven.apache.org/maven2/org/ow2/asm/asm/5.0.4/asm-5.0.4.pom
Downloaded from central: https://repo.maven.apache.org/maven2/org/ow2/asm/asm/5.0.4/asm-5.0.4.pom (1.9 kB at 6.9 kB/s)
Downloading from central: https://repo.maven.apache.org/maven2/org/ow2/asm/asm-parent/5.0.4/asm-parent-5.0.4.pom
Downloaded from central: https://repo.maven.apache.org/maven2/org/ow2/asm/asm-parent/5.0.4/asm-parent-5.0.4.pom (5.5 kB at 6.0 kB/s)
Downloading from central: https://repo.maven.apache.org/maven2/junit/junit/4.12/junit-4.12.pom
Downloaded from central: https://repo.maven.apache.org/maven2/junit/junit/4.12/junit-4.12.pom (24 kB at 18 kB/s)
Downloading from central: https://repo.maven.apache.org/maven2/org/hamcrest/hamcrest-core/1.3/hamcrest-core-1.3.pom
Downloaded from central: https://repo.maven.apache.org/maven2/org/hamcrest/hamcrest-core/1.3/hamcrest-core-1.3.pom (766 B at 2.7 kB/s)
Downloading from central: https://repo.maven.apache.org/maven2/org/hamcrest/hamcrest-parent/1.3/hamcrest-parent-1.3.pom
Downloaded from central: https://repo.maven.apache.org/maven2/org/hamcrest/hamcrest-parent/1.3/hamcrest-parent-1.3.pom (2.0 kB at 6.9 kB/s)
Downloading from central: https://repo.maven.apache.org/maven2/org/assertj/assertj-core/3.11.1/assertj-core-3.11.1.pom
Downloaded from central: https://repo.maven.apache.org/maven2/org/assertj/assertj-core/3.11.1/assertj-core-3.11.1.pom (14 kB at 19 kB/s)
Downloading from central: https://repo.maven.apache.org/maven2/org/assertj/assertj-parent-pom/2.2.1/assertj-parent-pom-2.2.1.pom
Downloaded from central: https://repo.maven.apache.org/maven2/org/assertj/assertj-parent-pom/2.2.1/assertj-parent-pom-2.2.1.pom (15 kB at 18 kB/s)
Downloading from central: https://repo.maven.apache.org/maven2/org/junit/junit-bom/5.2.0/junit-bom-5.2.0.pom
Downloaded from central: https://repo.maven.apache.org/maven2/org/junit/junit-bom/5.2.0/junit-bom-5.2.0.pom (4.2 kB at 15 kB/s)
Downloading from central: https://repo.maven.apache.org/maven2/org/mockito/mockito-core/2.23.4/mockito-core-2.23.4.pom
Downloaded from central: https://repo.maven.apache.org/maven2/org/mockito/mockito-core/2.23.4/mockito-core-2.23.4.pom (18 kB at 25 kB/s)
Downloading from central: https://repo.maven.apache.org/maven2/net/bytebuddy/byte-buddy/1.9.13/byte-buddy-1.9.13.pom
Downloaded from central: https://repo.maven.apache.org/maven2/net/bytebuddy/byte-buddy/1.9.13/byte-buddy-1.9.13.pom (10 kB at 15 kB/s)
Downloading from central: https://repo.maven.apache.org/maven2/net/bytebuddy/byte-buddy-parent/1.9.13/byte-buddy-parent-1.9.13.pom
Downloaded from central: https://repo.maven.apache.org/maven2/net/bytebuddy/byte-buddy-parent/1.9.13/byte-buddy-parent-1.9.13.pom (36 kB at 19 kB/s)
Downloading from central: https://repo.maven.apache.org/maven2/net/bytebuddy/byte-buddy-agent/1.9.13/byte-buddy-agent-1.9.13.pom
Downloaded from central: https://repo.maven.apache.org/maven2/net/bytebuddy/byte-buddy-agent/1.9.13/byte-buddy-agent-1.9.13.pom (6.0 kB at 7.6 kB/s)
Downloading from central: https://repo.maven.apache.org/maven2/org/objenesis/objenesis/2.6/objenesis-2.6.pom
Downloaded from central: https://repo.maven.apache.org/maven2/org/objenesis/objenesis/2.6/objenesis-2.6.pom (2.8 kB at 6.7 kB/s)
Downloading from central: https://repo.maven.apache.org/maven2/org/objenesis/objenesis-parent/2.6/objenesis-parent-2.6.pom
Downloaded from central: https://repo.maven.apache.org/maven2/org/objenesis/objenesis-parent/2.6/objenesis-parent-2.6.pom (17 kB at 20 kB/s)
Downloading from central: https://repo.maven.apache.org/maven2/org/hamcrest/hamcrest-library/1.3/hamcrest-library-1.3.pom
Downloaded from central: https://repo.maven.apache.org/maven2/org/hamcrest/hamcrest-library/1.3/hamcrest-library-1.3.pom (820 B at 2.8 kB/s)
Downloading from central: https://repo.maven.apache.org/maven2/org/skyscreamer/jsonassert/1.5.0/jsonassert-1.5.0.pom
Downloaded from central: https://repo.maven.apache.org/maven2/org/skyscreamer/jsonassert/1.5.0/jsonassert-1.5.0.pom (5.2 kB at 8.5 kB/s)
Downloading from central: https://repo.maven.apache.org/maven2/com/vaadin/external/google/android-json/0.0.20131108.vaadin1/android-json-0.0.20131108.vaadin1.pom
Downloaded from central: https://repo.maven.apache.org/maven2/com/vaadin/external/google/android-json/0.0.20131108.vaadin1/android-json-0.0.20131108.vaadin1.pom (2.8 kB at 9.8 kB/s)
Downloading from central: https://repo.maven.apache.org/maven2/org/springframework/spring-test/5.1.8.RELEASE/spring-test-5.1.8.RELEASE.pom
Downloaded from central: https://repo.maven.apache.org/maven2/org/springframework/spring-test/5.1.8.RELEASE/spring-test-5.1.8.RELEASE.pom (9.9 kB at 13 kB/s)
Downloading from central: https://repo.maven.apache.org/maven2/org/xmlunit/xmlunit-core/2.6.2/xmlunit-core-2.6.2.pom
Downloaded from central: https://repo.maven.apache.org/maven2/org/xmlunit/xmlunit-core/2.6.2/xmlunit-core-2.6.2.pom (2.7 kB at 6.5 kB/s)
Downloading from central: https://repo.maven.apache.org/maven2/org/xmlunit/xmlunit-parent/2.6.2/xmlunit-parent-2.6.2.pom
Downloaded from central: https://repo.maven.apache.org/maven2/org/xmlunit/xmlunit-parent/2.6.2/xmlunit-parent-2.6.2.pom (18 kB at 25 kB/s)
Downloading from central: https://repo.maven.apache.org/maven2/org/springframework/boot/spring-boot-starter-web/2.1.6.RELEASE/spring-boot-starter-web-2.1.6.RELEASE.jar
Downloading from central: https://repo.maven.apache.org/maven2/org/springframework/boot/spring-boot-starter/2.1.6.RELEASE/spring-boot-starter-2.1.6.RELEASE.jar
Downloading from central: https://repo.maven.apache.org/maven2/org/springframework/boot/spring-boot/2.1.6.RELEASE/spring-boot-2.1.6.RELEASE.jar
Downloading from central: https://repo.maven.apache.org/maven2/org/springframework/boot/spring-boot-starter-logging/2.1.6.RELEASE/spring-boot-starter-logging-2.1.6.RELEASE.jar
Downloading from central: https://repo.maven.apache.org/maven2/org/springframework/boot/spring-boot-autoconfigure/2.1.6.RELEASE/spring-boot-autoconfigure-2.1.6.RELEASE.jar
Downloaded from central: https://repo.maven.apache.org/maven2/org/springframework/boot/spring-boot-starter-web/2.1.6.RELEASE/spring-boot-starter-web-2.1.6.RELEASE.jar (403 B at 1.3 kB/s)
Downloading from central: https://repo.maven.apache.org/maven2/ch/qos/logback/logback-classic/1.2.3/logback-classic-1.2.3.jar
Downloaded from central: https://repo.maven.apache.org/maven2/org/springframework/boot/spring-boot-starter/2.1.6.RELEASE/spring-boot-starter-2.1.6.RELEASE.jar (397 B at 685 B/s)
Downloading from central: https://repo.maven.apache.org/maven2/ch/qos/logback/logback-core/1.2.3/logback-core-1.2.3.jar
Downloaded from central: https://repo.maven.apache.org/maven2/org/springframework/boot/spring-boot-starter-logging/2.1.6.RELEASE/spring-boot-starter-logging-2.1.6.RELEASE.jar (405 B at 694 B/s)
Downloading from central: https://repo.maven.apache.org/maven2/org/apache/logging/log4j/log4j-to-slf4j/2.11.2/log4j-to-slf4j-2.11.2.jar
Downloaded from central: https://repo.maven.apache.org/maven2/org/apache/logging/log4j/log4j-to-slf4j/2.11.2/log4j-to-slf4j-2.11.2.jar (18 kB at 18 kB/s)
Downloading from central: https://repo.maven.apache.org/maven2/org/apache/logging/log4j/log4j-api/2.11.2/log4j-api-2.11.2.jar
Downloaded from central: https://repo.maven.apache.org/maven2/ch/qos/logback/logback-classic/1.2.3/logback-classic-1.2.3.jar (290 kB at 50 kB/s)
Downloading from central: https://repo.maven.apache.org/maven2/org/slf4j/jul-to-slf4j/1.7.26/jul-to-slf4j-1.7.26.jar
Downloaded from central: https://repo.maven.apache.org/maven2/org/slf4j/jul-to-slf4j/1.7.26/jul-to-slf4j-1.7.26.jar (4.6 kB at 736 B/s)
Downloading from central: https://repo.maven.apache.org/maven2/javax/annotation/javax.annotation-api/1.3.2/javax.annotation-api-1.3.2.jar
Downloaded from central: https://repo.maven.apache.org/maven2/javax/annotation/javax.annotation-api/1.3.2/javax.annotation-api-1.3.2.jar (27 kB at 3.8 kB/s)
Downloading from central: https://repo.maven.apache.org/maven2/org/yaml/snakeyaml/1.23/snakeyaml-1.23.jar
Downloaded from central: https://repo.maven.apache.org/maven2/org/apache/logging/log4j/log4j-api/2.11.2/log4j-api-2.11.2.jar (266 kB at 34 kB/s)
Downloading from central: https://repo.maven.apache.org/maven2/org/springframework/boot/spring-boot-starter-json/2.1.6.RELEASE/spring-boot-starter-json-2.1.6.RELEASE.jar
Downloaded from central: https://repo.maven.apache.org/maven2/org/springframework/boot/spring-boot-starter-json/2.1.6.RELEASE/spring-boot-starter-json-2.1.6.RELEASE.jar (403 B at 49 B/s)
Downloading from central: https://repo.maven.apache.org/maven2/com/fasterxml/jackson/core/jackson-databind/2.9.9/jackson-databind-2.9.9.jar
Downloaded from central: https://repo.maven.apache.org/maven2/ch/qos/logback/logback-core/1.2.3/logback-core-1.2.3.jar (472 kB at 54 kB/s)
Downloading from central: https://repo.maven.apache.org/maven2/com/fasterxml/jackson/core/jackson-core/2.9.9/jackson-core-2.9.9.jar
Downloaded from central: https://repo.maven.apache.org/maven2/org/yaml/snakeyaml/1.23/snakeyaml-1.23.jar (301 kB at 24 kB/s)
Downloading from central: https://repo.maven.apache.org/maven2/com/fasterxml/jackson/datatype/jackson-datatype-jdk8/2.9.9/jackson-datatype-jdk8-2.9.9.jar
Downloaded from central: https://repo.maven.apache.org/maven2/com/fasterxml/jackson/datatype/jackson-datatype-jdk8/2.9.9/jackson-datatype-jdk8-2.9.9.jar (33 kB at 2.5 kB/s)
Downloading from central: https://repo.maven.apache.org/maven2/com/fasterxml/jackson/datatype/jackson-datatype-jsr310/2.9.9/jackson-datatype-jsr310-2.9.9.jar
Downloaded from central: https://repo.maven.apache.org/maven2/com/fasterxml/jackson/core/jackson-core/2.9.9/jackson-core-2.9.9.jar (326 kB at 24 kB/s)
Downloading from central: https://repo.maven.apache.org/maven2/com/fasterxml/jackson/module/jackson-module-parameter-names/2.9.9/jackson-module-parameter-names-2.9.9.jar
Downloaded from central: https://repo.maven.apache.org/maven2/com/fasterxml/jackson/module/jackson-module-parameter-names/2.9.9/jackson-module-parameter-names-2.9.9.jar (8.6 kB at 614 B/s)
Downloading from central: https://repo.maven.apache.org/maven2/org/springframework/boot/spring-boot-starter-tomcat/2.1.6.RELEASE/spring-boot-starter-tomcat-2.1.6.RELEASE.jar
Downloaded from central: https://repo.maven.apache.org/maven2/org/springframework/boot/spring-boot-starter-tomcat/2.1.6.RELEASE/spring-boot-starter-tomcat-2.1.6.RELEASE.jar (404 B at 28 B/s)
Downloading from central: https://repo.maven.apache.org/maven2/org/apache/tomcat/embed/tomcat-embed-core/9.0.21/tomcat-embed-core-9.0.21.jar
Downloaded from central: https://repo.maven.apache.org/maven2/com/fasterxml/jackson/datatype/jackson-datatype-jsr310/2.9.9/jackson-datatype-jsr310-2.9.9.jar (101 kB at 6.2 kB/s)
Downloading from central: https://repo.maven.apache.org/maven2/org/apache/tomcat/embed/tomcat-embed-el/9.0.21/tomcat-embed-el-9.0.21.jar
Downloaded from central: https://repo.maven.apache.org/maven2/org/springframework/boot/spring-boot/2.1.6.RELEASE/spring-boot-2.1.6.RELEASE.jar (953 kB at 52 kB/s)
Downloading from central: https://repo.maven.apache.org/maven2/org/apache/tomcat/embed/tomcat-embed-websocket/9.0.21/tomcat-embed-websocket-9.0.21.jar
Downloaded from central: https://repo.maven.apache.org/maven2/org/apache/tomcat/embed/tomcat-embed-el/9.0.21/tomcat-embed-el-9.0.21.jar (250 kB at 10 kB/s)
Downloading from central: https://repo.maven.apache.org/maven2/org/hibernate/validator/hibernate-validator/6.0.17.Final/hibernate-validator-6.0.17.Final.jar
Downloaded from central: https://repo.maven.apache.org/maven2/org/apache/tomcat/embed/tomcat-embed-websocket/9.0.21/tomcat-embed-websocket-9.0.21.jar (265 kB at 11 kB/s)
Downloading from central: https://repo.maven.apache.org/maven2/javax/validation/validation-api/2.0.1.Final/validation-api-2.0.1.Final.jar
Downloaded from central: https://repo.maven.apache.org/maven2/org/springframework/boot/spring-boot-autoconfigure/2.1.6.RELEASE/spring-boot-autoconfigure-2.1.6.RELEASE.jar (1.3 MB at 46 kB/s)
Downloading from central: https://repo.maven.apache.org/maven2/org/jboss/logging/jboss-logging/3.3.2.Final/jboss-logging-3.3.2.Final.jar
Downloaded from central: https://repo.maven.apache.org/maven2/org/jboss/logging/jboss-logging/3.3.2.Final/jboss-logging-3.3.2.Final.jar (66 kB at 2.3 kB/s)
Downloaded from central: https://repo.maven.apache.org/maven2/javax/validation/validation-api/2.0.1.Final/validation-api-2.0.1.Final.jar (93 kB at 3.2 kB/s)
Downloading from central: https://repo.maven.apache.org/maven2/com/fasterxml/classmate/1.4.0/classmate-1.4.0.jar
Downloading from central: https://repo.maven.apache.org/maven2/org/springframework/spring-web/5.1.8.RELEASE/spring-web-5.1.8.RELEASE.jar
Downloaded from central: https://repo.maven.apache.org/maven2/com/fasterxml/classmate/1.4.0/classmate-1.4.0.jar (67 kB at 2.1 kB/s)
Downloading from central: https://repo.maven.apache.org/maven2/org/springframework/spring-beans/5.1.8.RELEASE/spring-beans-5.1.8.RELEASE.jar
Downloaded from central: https://repo.maven.apache.org/maven2/com/fasterxml/jackson/core/jackson-databind/2.9.9/jackson-databind-2.9.9.jar (1.3 MB at 30 kB/s)
Downloading from central: https://repo.maven.apache.org/maven2/org/springframework/spring-webmvc/5.1.8.RELEASE/spring-webmvc-5.1.8.RELEASE.jar
Downloaded from central: https://repo.maven.apache.org/maven2/org/springframework/spring-beans/5.1.8.RELEASE/spring-beans-5.1.8.RELEASE.jar (674 kB at 14 kB/s)
Downloading from central: https://repo.maven.apache.org/maven2/org/springframework/spring-aop/5.1.8.RELEASE/spring-aop-5.1.8.RELEASE.jar
Downloaded from central: https://repo.maven.apache.org/maven2/org/hibernate/validator/hibernate-validator/6.0.17.Final/hibernate-validator-6.0.17.Final.jar (1.2 MB at 21 kB/s)
Downloading from central: https://repo.maven.apache.org/maven2/org/springframework/spring-context/5.1.8.RELEASE/spring-context-5.1.8.RELEASE.jar
Downloaded from central: https://repo.maven.apache.org/maven2/org/springframework/spring-web/5.1.8.RELEASE/spring-web-5.1.8.RELEASE.jar (1.4 MB at 23 kB/s)
Downloading from central: https://repo.maven.apache.org/maven2/org/springframework/spring-expression/5.1.8.RELEASE/spring-expression-5.1.8.RELEASE.jar
Downloaded from central: https://repo.maven.apache.org/maven2/org/springframework/spring-aop/5.1.8.RELEASE/spring-aop-5.1.8.RELEASE.jar (369 kB at 6.0 kB/s)
Downloading from central: https://repo.maven.apache.org/maven2/org/springframework/boot/spring-boot-starter-test/2.1.6.RELEASE/spring-boot-starter-test-2.1.6.RELEASE.jar
Downloaded from central: https://repo.maven.apache.org/maven2/org/springframework/boot/spring-boot-starter-test/2.1.6.RELEASE/spring-boot-starter-test-2.1.6.RELEASE.jar (402 B at 6 B/s)
Downloading from central: https://repo.maven.apache.org/maven2/org/springframework/boot/spring-boot-test/2.1.6.RELEASE/spring-boot-test-2.1.6.RELEASE.jar
Downloaded from central: https://repo.maven.apache.org/maven2/org/springframework/boot/spring-boot-test/2.1.6.RELEASE/spring-boot-test-2.1.6.RELEASE.jar (197 kB at 2.9 kB/s)
Downloading from central: https://repo.maven.apache.org/maven2/org/springframework/boot/spring-boot-test-autoconfigure/2.1.6.RELEASE/spring-boot-test-autoconfigure-2.1.6.RELEASE.jar
Downloaded from central: https://repo.maven.apache.org/maven2/org/springframework/spring-webmvc/5.1.8.RELEASE/spring-webmvc-5.1.8.RELEASE.jar (801 kB at 12 kB/s)
Downloading from central: https://repo.maven.apache.org/maven2/com/jayway/jsonpath/json-path/2.4.0/json-path-2.4.0.jar
Downloaded from central: https://repo.maven.apache.org/maven2/org/springframework/spring-expression/5.1.8.RELEASE/spring-expression-5.1.8.RELEASE.jar (281 kB at 4.1 kB/s)
Downloading from central: https://repo.maven.apache.org/maven2/net/minidev/json-smart/2.3/json-smart-2.3.jar
Downloaded from central: https://repo.maven.apache.org/maven2/net/minidev/json-smart/2.3/json-smart-2.3.jar (120 kB at 1.7 kB/s)
Downloading from central: https://repo.maven.apache.org/maven2/net/minidev/accessors-smart/1.2/accessors-smart-1.2.jar
Downloaded from central: https://repo.maven.apache.org/maven2/net/minidev/accessors-smart/1.2/accessors-smart-1.2.jar (30 kB at 419 B/s)
Downloading from central: https://repo.maven.apache.org/maven2/org/ow2/asm/asm/5.0.4/asm-5.0.4.jar
Downloaded from central: https://repo.maven.apache.org/maven2/org/springframework/boot/spring-boot-test-autoconfigure/2.1.6.RELEASE/spring-boot-test-autoconfigure-2.1.6.RELEASE.jar (172 kB at 2.4 kB/s)
Downloading from central: https://repo.maven.apache.org/maven2/org/slf4j/slf4j-api/1.7.26/slf4j-api-1.7.26.jar
Downloaded from central: https://repo.maven.apache.org/maven2/org/ow2/asm/asm/5.0.4/asm-5.0.4.jar (53 kB at 726 B/s)
Downloading from central: https://repo.maven.apache.org/maven2/junit/junit/4.12/junit-4.12.jar
Downloaded from central: https://repo.maven.apache.org/maven2/org/slf4j/slf4j-api/1.7.26/slf4j-api-1.7.26.jar (41 kB at 554 B/s)
Downloading from central: https://repo.maven.apache.org/maven2/org/assertj/assertj-core/3.11.1/assertj-core-3.11.1.jar
Downloaded from central: https://repo.maven.apache.org/maven2/com/jayway/jsonpath/json-path/2.4.0/json-path-2.4.0.jar (223 kB at 2.9 kB/s)
Downloading from central: https://repo.maven.apache.org/maven2/org/mockito/mockito-core/2.23.4/mockito-core-2.23.4.jar
Downloaded from central: https://repo.maven.apache.org/maven2/junit/junit/4.12/junit-4.12.jar (315 kB at 3.9 kB/s)
Downloading from central: https://repo.maven.apache.org/maven2/net/bytebuddy/byte-buddy/1.9.13/byte-buddy-1.9.13.jar
Downloaded from central: https://repo.maven.apache.org/maven2/org/springframework/spring-context/5.1.8.RELEASE/spring-context-5.1.8.RELEASE.jar (1.1 MB at 13 kB/s)
Downloading from central: https://repo.maven.apache.org/maven2/net/bytebuddy/byte-buddy-agent/1.9.13/byte-buddy-agent-1.9.13.jar
Downloaded from central: https://repo.maven.apache.org/maven2/net/bytebuddy/byte-buddy-agent/1.9.13/byte-buddy-agent-1.9.13.jar (44 kB at 514 B/s)
Downloading from central: https://repo.maven.apache.org/maven2/org/objenesis/objenesis/2.6/objenesis-2.6.jar
Downloaded from central: https://repo.maven.apache.org/maven2/org/objenesis/objenesis/2.6/objenesis-2.6.jar (56 kB at 641 B/s)
Downloading from central: https://repo.maven.apache.org/maven2/org/hamcrest/hamcrest-core/1.3/hamcrest-core-1.3.jar
Downloaded from central: https://repo.maven.apache.org/maven2/org/mockito/mockito-core/2.23.4/mockito-core-2.23.4.jar (565 kB at 6.4 kB/s)
Downloading from central: https://repo.maven.apache.org/maven2/org/hamcrest/hamcrest-library/1.3/hamcrest-library-1.3.jar
Downloaded from central: https://repo.maven.apache.org/maven2/org/hamcrest/hamcrest-core/1.3/hamcrest-core-1.3.jar (45 kB at 506 B/s)
Downloading from central: https://repo.maven.apache.org/maven2/org/skyscreamer/jsonassert/1.5.0/jsonassert-1.5.0.jar
Downloaded from central: https://repo.maven.apache.org/maven2/org/skyscreamer/jsonassert/1.5.0/jsonassert-1.5.0.jar (30 kB at 335 B/s)
Downloading from central: https://repo.maven.apache.org/maven2/com/vaadin/external/google/android-json/0.0.20131108.vaadin1/android-json-0.0.20131108.vaadin1.jar
Downloaded from central: https://repo.maven.apache.org/maven2/org/hamcrest/hamcrest-library/1.3/hamcrest-library-1.3.jar (53 kB at 582 B/s)
Downloading from central: https://repo.maven.apache.org/maven2/org/springframework/spring-core/5.1.8.RELEASE/spring-core-5.1.8.RELEASE.jar
Downloaded from central: https://repo.maven.apache.org/maven2/com/vaadin/external/google/android-json/0.0.20131108.vaadin1/android-json-0.0.20131108.vaadin1.jar (18 kB at 199 B/s)
Downloading from central: https://repo.maven.apache.org/maven2/org/springframework/spring-jcl/5.1.8.RELEASE/spring-jcl-5.1.8.RELEASE.jar
Downloaded from central: https://repo.maven.apache.org/maven2/org/springframework/spring-jcl/5.1.8.RELEASE/spring-jcl-5.1.8.RELEASE.jar (24 kB at 255 B/s)
Downloading from central: https://repo.maven.apache.org/maven2/org/springframework/spring-test/5.1.8.RELEASE/spring-test-5.1.8.RELEASE.jar
Downloaded from central: https://repo.maven.apache.org/maven2/org/apache/tomcat/embed/tomcat-embed-core/9.0.21/tomcat-embed-core-9.0.21.jar (3.3 MB at 35 kB/s)
Downloading from central: https://repo.maven.apache.org/maven2/org/xmlunit/xmlunit-core/2.6.2/xmlunit-core-2.6.2.jar
Downloaded from central: https://repo.maven.apache.org/maven2/org/xmlunit/xmlunit-core/2.6.2/xmlunit-core-2.6.2.jar (168 kB at 1.7 kB/s)
Downloaded from central: https://repo.maven.apache.org/maven2/org/springframework/spring-test/5.1.8.RELEASE/spring-test-5.1.8.RELEASE.jar (620 kB at 5.6 kB/s)
Downloaded from central: https://repo.maven.apache.org/maven2/org/springframework/spring-core/5.1.8.RELEASE/spring-core-5.1.8.RELEASE.jar (1.3 MB at 10 kB/s)
Progress (2): 3.8/4.1 MB | 3.1/3.3 MB
Progress (2): 3.8/4.1 MB | 3.1/3.3 MB

Downloaded from central: https://repo.maven.apache.org/maven2/org/assertj/assertj-core/3.11.1/assertj-core-3.11.1.jar (4.1 MB at 25 kB/s)
Downloaded from central: https://repo.maven.apache.org/maven2/net/bytebuddy/byte-buddy/1.9.13/byte-buddy-1.9.13.jar (3.3 MB at 20 kB/s)
[INFO] 
[INFO] --- maven-clean-plugin:3.1.0:clean (default-clean) @ spring-boot-demo ---
Downloading from central: https://repo.maven.apache.org/maven2/org/apache/maven/maven-plugin-api/3.0/maven-plugin-api-3.0.jar
Downloading from central: https://repo.maven.apache.org/maven2/org/apache/maven/maven-model/3.0/maven-model-3.0.jar
Downloading from central: https://repo.maven.apache.org/maven2/org/apache/maven/maven-artifact/3.0/maven-artifact-3.0.jar
Downloading from central: https://repo.maven.apache.org/maven2/org/codehaus/plexus/plexus-utils/2.0.4/plexus-utils-2.0.4.jar
Downloading from central: https://repo.maven.apache.org/maven2/org/sonatype/sisu/sisu-inject-plexus/1.4.2/sisu-inject-plexus-1.4.2.jar
Downloaded from central: https://repo.maven.apache.org/maven2/org/apache/maven/maven-artifact/3.0/maven-artifact-3.0.jar (52 kB at 37 kB/s)
Downloading from central: https://repo.maven.apache.org/maven2/org/codehaus/plexus/plexus-classworlds/2.2.3/plexus-classworlds-2.2.3.jar
Downloaded from central: https://repo.maven.apache.org/maven2/org/apache/maven/maven-plugin-api/3.0/maven-plugin-api-3.0.jar (49 kB at 22 kB/s)
Downloading from central: https://repo.maven.apache.org/maven2/org/sonatype/sisu/sisu-inject-bean/1.4.2/sisu-inject-bean-1.4.2.jar
Downloaded from central: https://repo.maven.apache.org/maven2/org/codehaus/plexus/plexus-classworlds/2.2.3/plexus-classworlds-2.2.3.jar (46 kB at 17 kB/s)
Downloading from central: https://repo.maven.apache.org/maven2/org/sonatype/sisu/sisu-guice/2.1.7/sisu-guice-2.1.7-noaop.jar
Downloaded from central: https://repo.maven.apache.org/maven2/org/sonatype/sisu/sisu-inject-plexus/1.4.2/sisu-inject-plexus-1.4.2.jar (202 kB at 58 kB/s)
Downloaded from central: https://repo.maven.apache.org/maven2/org/codehaus/plexus/plexus-utils/2.0.4/plexus-utils-2.0.4.jar (222 kB at 45 kB/s)
Downloaded from central: https://repo.maven.apache.org/maven2/org/apache/maven/maven-model/3.0/maven-model-3.0.jar (165 kB at 30 kB/s)
Downloaded from central: https://repo.maven.apache.org/maven2/org/sonatype/sisu/sisu-inject-bean/1.4.2/sisu-inject-bean-1.4.2.jar (153 kB at 23 kB/s)
Downloaded from central: https://repo.maven.apache.org/maven2/org/sonatype/sisu/sisu-guice/2.1.7/sisu-guice-2.1.7-noaop.jar (472 kB at 30 kB/s)
[INFO] 
[INFO] --- maven-resources-plugin:3.1.0:resources (default-resources) @ spring-boot-demo ---
Downloading from central: https://repo.maven.apache.org/maven2/org/codehaus/plexus/plexus-interpolation/1.14/plexus-interpolation-1.14.pom
Downloaded from central: https://repo.maven.apache.org/maven2/org/codehaus/plexus/plexus-interpolation/1.14/plexus-interpolation-1.14.pom (910 B at 3.1 kB/s)
Downloading from central: https://repo.maven.apache.org/maven2/org/codehaus/plexus/plexus-components/1.1.18/plexus-components-1.1.18.pom
Downloaded from central: https://repo.maven.apache.org/maven2/org/codehaus/plexus/plexus-components/1.1.18/plexus-components-1.1.18.pom (5.4 kB at 11 kB/s)
Downloading from central: https://repo.maven.apache.org/maven2/org/apache/maven/shared/maven-filtering/3.1.1/maven-filtering-3.1.1.pom
Downloaded from central: https://repo.maven.apache.org/maven2/org/apache/maven/shared/maven-filtering/3.1.1/maven-filtering-3.1.1.pom (5.7 kB at 14 kB/s)
Downloading from central: https://repo.maven.apache.org/maven2/org/apache/maven/shared/maven-shared-utils/3.0.0/maven-shared-utils-3.0.0.pom
Downloaded from central: https://repo.maven.apache.org/maven2/org/apache/maven/shared/maven-shared-utils/3.0.0/maven-shared-utils-3.0.0.pom (5.6 kB at 19 kB/s)
Downloading from central: https://repo.maven.apache.org/maven2/org/apache/maven/shared/maven-shared-components/21/maven-shared-components-21.pom
Downloaded from central: https://repo.maven.apache.org/maven2/org/apache/maven/shared/maven-shared-components/21/maven-shared-components-21.pom (5.1 kB at 11 kB/s)
Downloading from central: https://repo.maven.apache.org/maven2/org/apache/maven/maven-parent/25/maven-parent-25.pom
Downloaded from central: https://repo.maven.apache.org/maven2/org/apache/maven/maven-parent/25/maven-parent-25.pom (37 kB at 29 kB/s)
Downloading from central: https://repo.maven.apache.org/maven2/org/apache/apache/15/apache-15.pom
Downloaded from central: https://repo.maven.apache.org/maven2/org/apache/apache/15/apache-15.pom (15 kB at 18 kB/s)
Downloading from central: https://repo.maven.apache.org/maven2/commons-io/commons-io/2.4/commons-io-2.4.pom
Downloaded from central: https://repo.maven.apache.org/maven2/commons-io/commons-io/2.4/commons-io-2.4.pom (10 kB at 14 kB/s)
Downloading from central: https://repo.maven.apache.org/maven2/org/apache/commons/commons-parent/25/commons-parent-25.pom
Downloaded from central: https://repo.maven.apache.org/maven2/org/apache/commons/commons-parent/25/commons-parent-25.pom (48 kB at 23 kB/s)
Downloading from central: https://repo.maven.apache.org/maven2/org/apache/apache/9/apache-9.pom
Downloaded from central: https://repo.maven.apache.org/maven2/org/apache/apache/9/apache-9.pom (15 kB at 17 kB/s)
Downloading from central: https://repo.maven.apache.org/maven2/org/codehaus/plexus/plexus-interpolation/1.22/plexus-interpolation-1.22.pom
Downloaded from central: https://repo.maven.apache.org/maven2/org/codehaus/plexus/plexus-interpolation/1.22/plexus-interpolation-1.22.pom (1.5 kB at 5.5 kB/s)
Downloading from central: https://repo.maven.apache.org/maven2/org/sonatype/plexus/plexus-build-api/0.0.7/plexus-build-api-0.0.7.pom
Downloaded from central: https://repo.maven.apache.org/maven2/org/sonatype/plexus/plexus-build-api/0.0.7/plexus-build-api-0.0.7.pom (3.2 kB at 4.1 kB/s)
Downloading from central: https://repo.maven.apache.org/maven2/org/sonatype/spice/spice-parent/15/spice-parent-15.pom
Downloaded from central: https://repo.maven.apache.org/maven2/org/sonatype/spice/spice-parent/15/spice-parent-15.pom (8.4 kB at 15 kB/s)
Downloading from central: https://repo.maven.apache.org/maven2/org/apache/maven/maven-core/3.0/maven-core-3.0.jar
Downloading from central: https://repo.maven.apache.org/maven2/org/apache/maven/maven-settings/3.0/maven-settings-3.0.jar
Downloading from central: https://repo.maven.apache.org/maven2/org/apache/maven/maven-settings-builder/3.0/maven-settings-builder-3.0.jar
Downloading from central: https://repo.maven.apache.org/maven2/org/apache/maven/maven-repository-metadata/3.0/maven-repository-metadata-3.0.jar
Downloading from central: https://repo.maven.apache.org/maven2/org/apache/maven/maven-model-builder/3.0/maven-model-builder-3.0.jar
Downloaded from central: https://repo.maven.apache.org/maven2/org/apache/maven/maven-settings/3.0/maven-settings-3.0.jar (47 kB at 34 kB/s)
Downloading from central: https://repo.maven.apache.org/maven2/org/apache/maven/maven-aether-provider/3.0/maven-aether-provider-3.0.jar
Downloaded from central: https://repo.maven.apache.org/maven2/org/apache/maven/maven-settings-builder/3.0/maven-settings-builder-3.0.jar (38 kB at 25 kB/s)
Downloading from central: https://repo.maven.apache.org/maven2/org/sonatype/aether/aether-impl/1.7/aether-impl-1.7.jar
Downloaded from central: https://repo.maven.apache.org/maven2/org/apache/maven/maven-repository-metadata/3.0/maven-repository-metadata-3.0.jar (30 kB at 17 kB/s)
Downloading from central: https://repo.maven.apache.org/maven2/org/sonatype/aether/aether-spi/1.7/aether-spi-1.7.jar
Downloaded from central: https://repo.maven.apache.org/maven2/org/sonatype/aether/aether-spi/1.7/aether-spi-1.7.jar (14 kB at 5.6 kB/s)
Downloading from central: https://repo.maven.apache.org/maven2/org/sonatype/aether/aether-api/1.7/aether-api-1.7.jar
Downloaded from central: https://repo.maven.apache.org/maven2/org/apache/maven/maven-aether-provider/3.0/maven-aether-provider-3.0.jar (51 kB at 19 kB/s)
Downloading from central: https://repo.maven.apache.org/maven2/org/sonatype/aether/aether-util/1.7/aether-util-1.7.jar
Downloaded from central: https://repo.maven.apache.org/maven2/org/apache/maven/maven-model-builder/3.0/maven-model-builder-3.0.jar (148 kB at 53 kB/s)
Downloading from central: https://repo.maven.apache.org/maven2/org/sonatype/plexus/plexus-sec-dispatcher/1.3/plexus-sec-dispatcher-1.3.jar
Downloaded from central: https://repo.maven.apache.org/maven2/org/sonatype/plexus/plexus-sec-dispatcher/1.3/plexus-sec-dispatcher-1.3.jar (29 kB at 8.2 kB/s)
Downloading from central: https://repo.maven.apache.org/maven2/org/apache/maven/shared/maven-filtering/3.1.1/maven-filtering-3.1.1.jar
Downloaded from central: https://repo.maven.apache.org/maven2/org/sonatype/aether/aether-util/1.7/aether-util-1.7.jar (108 kB at 23 kB/s)
Downloading from central: https://repo.maven.apache.org/maven2/org/apache/maven/shared/maven-shared-utils/3.0.0/maven-shared-utils-3.0.0.jar
Downloaded from central: https://repo.maven.apache.org/maven2/org/apache/maven/shared/maven-filtering/3.1.1/maven-filtering-3.1.1.jar (51 kB at 10 kB/s)
Downloading from central: https://repo.maven.apache.org/maven2/org/sonatype/plexus/plexus-build-api/0.0.7/plexus-build-api-0.0.7.jar
Downloaded from central: https://repo.maven.apache.org/maven2/org/sonatype/aether/aether-impl/1.7/aether-impl-1.7.jar (106 kB at 20 kB/s)
Downloaded from central: https://repo.maven.apache.org/maven2/org/sonatype/plexus/plexus-build-api/0.0.7/plexus-build-api-0.0.7.jar (8.5 kB at 1.6 kB/s)
Downloaded from central: https://repo.maven.apache.org/maven2/org/sonatype/aether/aether-api/1.7/aether-api-1.7.jar (74 kB at 13 kB/s)
Downloaded from central: https://repo.maven.apache.org/maven2/org/apache/maven/shared/maven-shared-utils/3.0.0/maven-shared-utils-3.0.0.jar (155 kB at 21 kB/s)
Downloaded from central: https://repo.maven.apache.org/maven2/org/apache/maven/maven-core/3.0/maven-core-3.0.jar (527 kB at 65 kB/s)
[INFO] Using 'UTF-8' encoding to copy filtered resources.
[INFO] Copying 1 resource
[INFO] Copying 0 resource
[INFO] 
[INFO] --- maven-compiler-plugin:3.8.1:compile (default-compile) @ spring-boot-demo ---
Downloading from central: https://repo.maven.apache.org/maven2/org/codehaus/plexus/plexus-java/0.9.10/plexus-java-0.9.10.pom
Downloaded from central: https://repo.maven.apache.org/maven2/org/codehaus/plexus/plexus-java/0.9.10/plexus-java-0.9.10.pom (5.1 kB at 11 kB/s)
Downloading from central: https://repo.maven.apache.org/maven2/org/codehaus/plexus/plexus-languages/0.9.10/plexus-languages-0.9.10.pom
Downloaded from central: https://repo.maven.apache.org/maven2/org/codehaus/plexus/plexus-languages/0.9.10/plexus-languages-0.9.10.pom (4.1 kB at 15 kB/s)
Downloading from central: https://repo.maven.apache.org/maven2/org/ow2/asm/asm/6.2/asm-6.2.pom
Downloaded from central: https://repo.maven.apache.org/maven2/org/ow2/asm/asm/6.2/asm-6.2.pom (2.9 kB at 10 kB/s)
Downloading from central: https://repo.maven.apache.org/maven2/org/ow2/ow2/1.5/ow2-1.5.pom
Downloaded from central: https://repo.maven.apache.org/maven2/org/ow2/ow2/1.5/ow2-1.5.pom (11 kB at 27 kB/s)
Downloading from central: https://repo.maven.apache.org/maven2/com/thoughtworks/qdox/qdox/2.0-M9/qdox-2.0-M9.pom
Downloaded from central: https://repo.maven.apache.org/maven2/com/thoughtworks/qdox/qdox/2.0-M9/qdox-2.0-M9.pom (16 kB at 29 kB/s)
Downloading from central: https://repo.maven.apache.org/maven2/org/codehaus/plexus/plexus-compiler-api/2.8.4/plexus-compiler-api-2.8.4.pom
Downloaded from central: https://repo.maven.apache.org/maven2/org/codehaus/plexus/plexus-compiler-api/2.8.4/plexus-compiler-api-2.8.4.pom (867 B at 3.1 kB/s)
Downloading from central: https://repo.maven.apache.org/maven2/org/codehaus/plexus/plexus-compiler/2.8.4/plexus-compiler-2.8.4.pom
Downloaded from central: https://repo.maven.apache.org/maven2/org/codehaus/plexus/plexus-compiler/2.8.4/plexus-compiler-2.8.4.pom (6.0 kB at 7.6 kB/s)
Downloading from central: https://repo.maven.apache.org/maven2/org/codehaus/plexus/plexus-components/4.0/plexus-components-4.0.pom
Downloaded from central: https://repo.maven.apache.org/maven2/org/codehaus/plexus/plexus-components/4.0/plexus-components-4.0.pom (2.7 kB at 9.4 kB/s)
Downloading from central: https://repo.maven.apache.org/maven2/org/codehaus/plexus/plexus-utils/3.0.22/plexus-utils-3.0.22.pom
Downloaded from central: https://repo.maven.apache.org/maven2/org/codehaus/plexus/plexus-utils/3.0.22/plexus-utils-3.0.22.pom (3.8 kB at 14 kB/s)
Downloading from central: https://repo.maven.apache.org/maven2/org/codehaus/plexus/plexus-compiler-manager/2.8.4/plexus-compiler-manager-2.8.4.pom
Downloaded from central: https://repo.maven.apache.org/maven2/org/codehaus/plexus/plexus-compiler-manager/2.8.4/plexus-compiler-manager-2.8.4.pom (692 B at 2.5 kB/s)
Downloading from central: https://repo.maven.apache.org/maven2/org/codehaus/plexus/plexus-compiler-javac/2.8.4/plexus-compiler-javac-2.8.4.pom
Downloaded from central: https://repo.maven.apache.org/maven2/org/codehaus/plexus/plexus-compiler-javac/2.8.4/plexus-compiler-javac-2.8.4.pom (771 B at 2.8 kB/s)
Downloading from central: https://repo.maven.apache.org/maven2/org/codehaus/plexus/plexus-compilers/2.8.4/plexus-compilers-2.8.4.pom
Downloaded from central: https://repo.maven.apache.org/maven2/org/codehaus/plexus/plexus-compilers/2.8.4/plexus-compilers-2.8.4.pom (1.3 kB at 4.8 kB/s)
Downloading from central: https://repo.maven.apache.org/maven2/org/codehaus/plexus/plexus-interpolation/1.14/plexus-interpolation-1.14.jar
Downloading from central: https://repo.maven.apache.org/maven2/org/codehaus/plexus/plexus-java/0.9.10/plexus-java-0.9.10.jar
Downloading from central: https://repo.maven.apache.org/maven2/com/thoughtworks/qdox/qdox/2.0-M9/qdox-2.0-M9.jar
Downloading from central: https://repo.maven.apache.org/maven2/org/ow2/asm/asm/6.2/asm-6.2.jar
Downloading from central: https://repo.maven.apache.org/maven2/org/codehaus/plexus/plexus-compiler-api/2.8.4/plexus-compiler-api-2.8.4.jar
Downloaded from central: https://repo.maven.apache.org/maven2/org/codehaus/plexus/plexus-java/0.9.10/plexus-java-0.9.10.jar (39 kB at 49 kB/s)
Downloading from central: https://repo.maven.apache.org/maven2/org/codehaus/plexus/plexus-compiler-manager/2.8.4/plexus-compiler-manager-2.8.4.jar
Downloaded from central: https://repo.maven.apache.org/maven2/org/codehaus/plexus/plexus-compiler-api/2.8.4/plexus-compiler-api-2.8.4.jar (27 kB at 22 kB/s)
Downloading from central: https://repo.maven.apache.org/maven2/org/codehaus/plexus/plexus-compiler-javac/2.8.4/plexus-compiler-javac-2.8.4.jar
Downloaded from central: https://repo.maven.apache.org/maven2/org/codehaus/plexus/plexus-compiler-manager/2.8.4/plexus-compiler-manager-2.8.4.jar (4.7 kB at 3.8 kB/s)
Downloaded from central: https://repo.maven.apache.org/maven2/org/codehaus/plexus/plexus-compiler-javac/2.8.4/plexus-compiler-javac-2.8.4.jar (21 kB at 9.9 kB/s)
Downloaded from central: https://repo.maven.apache.org/maven2/org/codehaus/plexus/plexus-interpolation/1.14/plexus-interpolation-1.14.jar (61 kB at 24 kB/s)
Downloaded from central: https://repo.maven.apache.org/maven2/org/ow2/asm/asm/6.2/asm-6.2.jar (111 kB at 22 kB/s)
Downloaded from central: https://repo.maven.apache.org/maven2/com/thoughtworks/qdox/qdox/2.0-M9/qdox-2.0-M9.jar (317 kB at 43 kB/s)
[INFO] Changes detected - recompiling the module!
[INFO] Compiling 3 source files to /home/training-machine5/docker-training-java/spring-boot/target/classes
[INFO] 
[INFO] --- maven-resources-plugin:3.1.0:resources (default-resources) @ spring-boot-demo ---
[INFO] Using 'UTF-8' encoding to copy filtered resources.
[INFO] Copying 1 resource
[INFO] Copying 0 resource
[INFO] 
[INFO] --- maven-compiler-plugin:3.8.1:compile (default-compile) @ spring-boot-demo ---
[INFO] Changes detected - recompiling the module!
[INFO] Compiling 3 source files to /home/training-machine5/docker-training-java/spring-boot/target/classes
[INFO] 
[INFO] --- maven-resources-plugin:3.1.0:testResources (default-testResources) @ spring-boot-demo ---
[INFO] Using 'UTF-8' encoding to copy filtered resources.
[INFO] skip non existing resourceDirectory /home/training-machine5/docker-training-java/spring-boot/src/test/resources
[INFO] 
[INFO] --- maven-compiler-plugin:3.8.1:testCompile (default-testCompile) @ spring-boot-demo ---
[INFO] Changes detected - recompiling the module!
[INFO] Compiling 1 source file to /home/training-machine5/docker-training-java/spring-boot/target/test-classes
[INFO] 
[INFO] --- maven-surefire-plugin:2.22.2:test (default-test) @ spring-boot-demo ---
Downloading from central: https://repo.maven.apache.org/maven2/org/apache/maven/surefire/maven-surefire-common/2.22.2/maven-surefire-common-2.22.2.pom
Downloaded from central: https://repo.maven.apache.org/maven2/org/apache/maven/surefire/maven-surefire-common/2.22.2/maven-surefire-common-2.22.2.pom (11 kB at 16 kB/s)
Downloading from central: https://repo.maven.apache.org/maven2/org/apache/maven/plugin-tools/maven-plugin-annotations/3.5.2/maven-plugin-annotations-3.5.2.pom
Downloaded from central: https://repo.maven.apache.org/maven2/org/apache/maven/plugin-tools/maven-plugin-annotations/3.5.2/maven-plugin-annotations-3.5.2.pom (1.6 kB at 5.6 kB/s)
Downloading from central: https://repo.maven.apache.org/maven2/org/apache/maven/plugin-tools/maven-plugin-tools/3.5.2/maven-plugin-tools-3.5.2.pom
Downloaded from central: https://repo.maven.apache.org/maven2/org/apache/maven/plugin-tools/maven-plugin-tools/3.5.2/maven-plugin-tools-3.5.2.pom (15 kB at 18 kB/s)
Downloading from central: https://repo.maven.apache.org/maven2/org/apache/maven/surefire/surefire-api/2.22.2/surefire-api-2.22.2.pom
Downloaded from central: https://repo.maven.apache.org/maven2/org/apache/maven/surefire/surefire-api/2.22.2/surefire-api-2.22.2.pom (3.5 kB at 4.5 kB/s)
Downloading from central: https://repo.maven.apache.org/maven2/org/apache/maven/surefire/surefire-logger-api/2.22.2/surefire-logger-api-2.22.2.pom
Downloaded from central: https://repo.maven.apache.org/maven2/org/apache/maven/surefire/surefire-logger-api/2.22.2/surefire-logger-api-2.22.2.pom (2.0 kB at 7.0 kB/s)
Downloading from central: https://repo.maven.apache.org/maven2/org/apache/maven/surefire/surefire-booter/2.22.2/surefire-booter-2.22.2.pom
Downloaded from central: https://repo.maven.apache.org/maven2/org/apache/maven/surefire/surefire-booter/2.22.2/surefire-booter-2.22.2.pom (7.5 kB at 15 kB/s)
Downloading from central: https://repo.maven.apache.org/maven2/org/apache/maven/reporting/maven-reporting-api/3.0/maven-reporting-api-3.0.pom
Downloaded from central: https://repo.maven.apache.org/maven2/org/apache/maven/reporting/maven-reporting-api/3.0/maven-reporting-api-3.0.pom (2.4 kB at 3.0 kB/s)
Downloading from central: https://repo.maven.apache.org/maven2/org/apache/maven/shared/maven-shared-components/15/maven-shared-components-15.pom
Downloaded from central: https://repo.maven.apache.org/maven2/org/apache/maven/shared/maven-shared-components/15/maven-shared-components-15.pom (9.3 kB at 12 kB/s)
Downloading from central: https://repo.maven.apache.org/maven2/org/apache/maven/maven-parent/16/maven-parent-16.pom
Downloaded from central: https://repo.maven.apache.org/maven2/org/apache/maven/maven-parent/16/maven-parent-16.pom (23 kB at 18 kB/s)
Downloading from central: https://repo.maven.apache.org/maven2/org/apache/maven/maven-toolchain/2.2.1/maven-toolchain-2.2.1.pom
Downloaded from central: https://repo.maven.apache.org/maven2/org/apache/maven/maven-toolchain/2.2.1/maven-toolchain-2.2.1.pom (3.3 kB at 12 kB/s)
Downloading from central: https://repo.maven.apache.org/maven2/com/thoughtworks/qdox/qdox/2.0-M8/qdox-2.0-M8.pom
Downloaded from central: https://repo.maven.apache.org/maven2/com/thoughtworks/qdox/qdox/2.0-M8/qdox-2.0-M8.pom (16 kB at 23 kB/s)
Downloading from central: https://repo.maven.apache.org/maven2/org/apache/maven/surefire/maven-surefire-common/2.22.2/maven-surefire-common-2.22.2.jar
Downloading from central: https://repo.maven.apache.org/maven2/org/apache/maven/maven-plugin-api/2.2.1/maven-plugin-api-2.2.1.jar
Downloading from central: https://repo.maven.apache.org/maven2/org/apache/maven/plugin-tools/maven-plugin-annotations/3.5.2/maven-plugin-annotations-3.5.2.jar
Downloading from central: https://repo.maven.apache.org/maven2/org/apache/maven/surefire/surefire-api/2.22.2/surefire-api-2.22.2.jar
Downloading from central: https://repo.maven.apache.org/maven2/org/apache/maven/surefire/surefire-logger-api/2.22.2/surefire-logger-api-2.22.2.jar
Downloaded from central: https://repo.maven.apache.org/maven2/org/apache/maven/plugin-tools/maven-plugin-annotations/3.5.2/maven-plugin-annotations-3.5.2.jar (14 kB at 16 kB/s)
Downloading from central: https://repo.maven.apache.org/maven2/org/apache/maven/surefire/surefire-booter/2.22.2/surefire-booter-2.22.2.jar
Downloaded from central: https://repo.maven.apache.org/maven2/org/apache/maven/surefire/surefire-logger-api/2.22.2/surefire-logger-api-2.22.2.jar (13 kB at 15 kB/s)
Downloading from central: https://repo.maven.apache.org/maven2/org/apache/maven/maven-artifact/2.2.1/maven-artifact-2.2.1.jar
Downloaded from central: https://repo.maven.apache.org/maven2/org/apache/maven/maven-plugin-api/2.2.1/maven-plugin-api-2.2.1.jar (12 kB at 14 kB/s)
Downloading from central: https://repo.maven.apache.org/maven2/org/codehaus/plexus/plexus-utils/1.5.15/plexus-utils-1.5.15.jar
Downloaded from central: https://repo.maven.apache.org/maven2/org/apache/maven/maven-artifact/2.2.1/maven-artifact-2.2.1.jar (80 kB at 22 kB/s)
Downloading from central: https://repo.maven.apache.org/maven2/org/apache/maven/maven-plugin-descriptor/2.2.1/maven-plugin-descriptor-2.2.1.jar
Downloaded from central: https://repo.maven.apache.org/maven2/org/apache/maven/maven-plugin-descriptor/2.2.1/maven-plugin-descriptor-2.2.1.jar (39 kB at 7.8 kB/s)
Downloading from central: https://repo.maven.apache.org/maven2/org/apache/maven/maven-project/2.2.1/maven-project-2.2.1.jar
Downloaded from central: https://repo.maven.apache.org/maven2/org/codehaus/plexus/plexus-utils/1.5.15/plexus-utils-1.5.15.jar (228 kB at 42 kB/s)
Downloading from central: https://repo.maven.apache.org/maven2/org/apache/maven/maven-settings/2.2.1/maven-settings-2.2.1.jar
Downloaded from central: https://repo.maven.apache.org/maven2/org/apache/maven/surefire/surefire-api/2.22.2/surefire-api-2.22.2.jar (186 kB at 33 kB/s)
Downloading from central: https://repo.maven.apache.org/maven2/org/apache/maven/maven-profile/2.2.1/maven-profile-2.2.1.jar
Downloaded from central: https://repo.maven.apache.org/maven2/org/apache/maven/maven-settings/2.2.1/maven-settings-2.2.1.jar (49 kB at 7.1 kB/s)
Downloading from central: https://repo.maven.apache.org/maven2/org/apache/maven/maven-artifact-manager/2.2.1/maven-artifact-manager-2.2.1.jar
Downloaded from central: https://repo.maven.apache.org/maven2/org/apache/maven/maven-profile/2.2.1/maven-profile-2.2.1.jar (35 kB at 4.8 kB/s)
Downloading from central: https://repo.maven.apache.org/maven2/backport-util-concurrent/backport-util-concurrent/3.1/backport-util-concurrent-3.1.jar
Downloaded from central: https://repo.maven.apache.org/maven2/org/apache/maven/maven-artifact-manager/2.2.1/maven-artifact-manager-2.2.1.jar (68 kB at 7.8 kB/s)
Downloading from central: https://repo.maven.apache.org/maven2/org/apache/maven/maven-plugin-registry/2.2.1/maven-plugin-registry-2.2.1.jar
Downloaded from central: https://repo.maven.apache.org/maven2/org/apache/maven/maven-project/2.2.1/maven-project-2.2.1.jar (156 kB at 17 kB/s)
Downloading from central: https://repo.maven.apache.org/maven2/org/codehaus/plexus/plexus-interpolation/1.11/plexus-interpolation-1.11.jar
Downloaded from central: https://repo.maven.apache.org/maven2/org/apache/maven/maven-plugin-registry/2.2.1/maven-plugin-registry-2.2.1.jar (30 kB at 3.0 kB/s)
Downloading from central: https://repo.maven.apache.org/maven2/org/apache/maven/maven-model/2.2.1/maven-model-2.2.1.jar
Downloaded from central: https://repo.maven.apache.org/maven2/org/apache/maven/surefire/surefire-booter/2.22.2/surefire-booter-2.22.2.jar (274 kB at 25 kB/s)
Downloading from central: https://repo.maven.apache.org/maven2/org/apache/maven/maven-core/2.2.1/maven-core-2.2.1.jar
Downloaded from central: https://repo.maven.apache.org/maven2/org/codehaus/plexus/plexus-interpolation/1.11/plexus-interpolation-1.11.jar (51 kB at 4.7 kB/s)
Downloading from central: https://repo.maven.apache.org/maven2/org/apache/maven/maven-plugin-parameter-documenter/2.2.1/maven-plugin-parameter-documenter-2.2.1.jar
Downloaded from central: https://repo.maven.apache.org/maven2/org/apache/maven/maven-model/2.2.1/maven-model-2.2.1.jar (88 kB at 7.1 kB/s)
Downloading from central: https://repo.maven.apache.org/maven2/org/slf4j/slf4j-jdk14/1.5.6/slf4j-jdk14-1.5.6.jar
Downloaded from central: https://repo.maven.apache.org/maven2/org/apache/maven/maven-plugin-parameter-documenter/2.2.1/maven-plugin-parameter-documenter-2.2.1.jar (22 kB at 1.8 kB/s)
Downloading from central: https://repo.maven.apache.org/maven2/org/slf4j/slf4j-api/1.5.6/slf4j-api-1.5.6.jar
Downloaded from central: https://repo.maven.apache.org/maven2/org/slf4j/slf4j-jdk14/1.5.6/slf4j-jdk14-1.5.6.jar (8.8 kB at 692 B/s)
Downloading from central: https://repo.maven.apache.org/maven2/org/slf4j/jcl-over-slf4j/1.5.6/jcl-over-slf4j-1.5.6.jar
Downloaded from central: https://repo.maven.apache.org/maven2/org/slf4j/jcl-over-slf4j/1.5.6/jcl-over-slf4j-1.5.6.jar (17 kB at 1.2 kB/s)
Downloading from central: https://repo.maven.apache.org/maven2/org/apache/maven/reporting/maven-reporting-api/3.0/maven-reporting-api-3.0.jar
Downloaded from central: https://repo.maven.apache.org/maven2/org/slf4j/slf4j-api/1.5.6/slf4j-api-1.5.6.jar (22 kB at 1.6 kB/s)
Downloading from central: https://repo.maven.apache.org/maven2/org/apache/maven/maven-repository-metadata/2.2.1/maven-repository-metadata-2.2.1.jar
Downloaded from central: https://repo.maven.apache.org/maven2/org/apache/maven/reporting/maven-reporting-api/3.0/maven-reporting-api-3.0.jar (11 kB at 781 B/s)
Downloading from central: https://repo.maven.apache.org/maven2/org/apache/maven/maven-error-diagnostics/2.2.1/maven-error-diagnostics-2.2.1.jar
Downloaded from central: https://repo.maven.apache.org/maven2/org/apache/maven/surefire/maven-surefire-common/2.22.2/maven-surefire-common-2.22.2.jar (528 kB at 36 kB/s)
Downloading from central: https://repo.maven.apache.org/maven2/org/apache/maven/maven-monitor/2.2.1/maven-monitor-2.2.1.jar
Downloaded from central: https://repo.maven.apache.org/maven2/org/apache/maven/maven-repository-metadata/2.2.1/maven-repository-metadata-2.2.1.jar (26 kB at 1.7 kB/s)
Downloading from central: https://repo.maven.apache.org/maven2/org/apache/maven/maven-toolchain/2.2.1/maven-toolchain-2.2.1.jar
Downloaded from central: https://repo.maven.apache.org/maven2/org/apache/maven/maven-core/2.2.1/maven-core-2.2.1.jar (178 kB at 12 kB/s)
Downloading from central: https://repo.maven.apache.org/maven2/com/thoughtworks/qdox/qdox/2.0-M8/qdox-2.0-M8.jar
Downloaded from central: https://repo.maven.apache.org/maven2/org/apache/maven/maven-monitor/2.2.1/maven-monitor-2.2.1.jar (10 kB at 685 B/s)
Downloaded from central: https://repo.maven.apache.org/maven2/org/apache/maven/maven-error-diagnostics/2.2.1/maven-error-diagnostics-2.2.1.jar (13 kB at 842 B/s)
Downloaded from central: https://repo.maven.apache.org/maven2/org/apache/maven/maven-toolchain/2.2.1/maven-toolchain-2.2.1.jar (38 kB at 2.3 kB/s)
Downloaded from central: https://repo.maven.apache.org/maven2/backport-util-concurrent/backport-util-concurrent/3.1/backport-util-concurrent-3.1.jar (332 kB at 20 kB/s)
Downloaded from central: https://repo.maven.apache.org/maven2/com/thoughtworks/qdox/qdox/2.0-M8/qdox-2.0-M8.jar (316 kB at 14 kB/s)
Downloading from central: https://repo.maven.apache.org/maven2/org/apache/maven/surefire/surefire-junit4/2.22.2/surefire-junit4-2.22.2.pom
Downloaded from central: https://repo.maven.apache.org/maven2/org/apache/maven/surefire/surefire-junit4/2.22.2/surefire-junit4-2.22.2.pom (3.1 kB at 7.6 kB/s)
Downloading from central: https://repo.maven.apache.org/maven2/org/apache/maven/surefire/surefire-providers/2.22.2/surefire-providers-2.22.2.pom
Downloaded from central: https://repo.maven.apache.org/maven2/org/apache/maven/surefire/surefire-providers/2.22.2/surefire-providers-2.22.2.pom (2.5 kB at 6.1 kB/s)
Downloading from central: https://repo.maven.apache.org/maven2/org/apache/maven/surefire/surefire-junit4/2.22.2/surefire-junit4-2.22.2.jar
Downloaded from central: https://repo.maven.apache.org/maven2/org/apache/maven/surefire/surefire-junit4/2.22.2/surefire-junit4-2.22.2.jar (85 kB at 29 kB/s)
[INFO] 
[INFO] -------------------------------------------------------
[INFO]  T E S T S
[INFO] -------------------------------------------------------
[INFO] Running zama.training.springboot.DemoApplicationTests
13:48:31.394 [main] DEBUG org.springframework.test.context.junit4.SpringJUnit4ClassRunner - SpringJUnit4ClassRunner constructor called with [class zama.training.springboot.DemoApplicationTests]
13:48:31.402 [main] DEBUG org.springframework.test.context.BootstrapUtils - Instantiating CacheAwareContextLoaderDelegate from class [org.springframework.test.context.cache.DefaultCacheAwareContextLoaderDelegate]
13:48:31.415 [main] DEBUG org.springframework.test.context.BootstrapUtils - Instantiating BootstrapContext using constructor [public org.springframework.test.context.support.DefaultBootstrapContext(java.lang.Class,org.springframework.test.context.CacheAwareContextLoaderDelegate)]
13:48:31.454 [main] DEBUG org.springframework.test.context.BootstrapUtils - Instantiating TestContextBootstrapper for test class [zama.training.springboot.DemoApplicationTests] from class [org.springframework.boot.test.context.SpringBootTestContextBootstrapper]
13:48:31.475 [main] INFO org.springframework.boot.test.context.SpringBootTestContextBootstrapper - Neither @ContextConfiguration nor @ContextHierarchy found for test class [zama.training.springboot.DemoApplicationTests], using SpringBootContextLoader
13:48:31.481 [main] DEBUG org.springframework.test.context.support.AbstractContextLoader - Did not detect default resource location for test class [zama.training.springboot.DemoApplicationTests]: class path resource [zama/training/springboot/DemoApplicationTests-context.xml] does not exist
13:48:31.482 [main] DEBUG org.springframework.test.context.support.AbstractContextLoader - Did not detect default resource location for test class [zama.training.springboot.DemoApplicationTests]: class path resource [zama/training/springboot/DemoApplicationTestsContext.groovy] does not exist
13:48:31.483 [main] INFO org.springframework.test.context.support.AbstractContextLoader - Could not detect default resource locations for test class [zama.training.springboot.DemoApplicationTests]: no resource found for suffixes {-context.xml, Context.groovy}.
13:48:31.485 [main] INFO org.springframework.test.context.support.AnnotationConfigContextLoaderUtils - Could not detect default configuration classes for test class [zama.training.springboot.DemoApplicationTests]: DemoApplicationTests does not declare any static, non-private, non-final, nested classes annotated with @Configuration.
13:48:31.555 [main] DEBUG org.springframework.test.context.support.ActiveProfilesUtils - Could not find an 'annotation declaring class' for annotation type [org.springframework.test.context.ActiveProfiles] and class [zama.training.springboot.DemoApplicationTests]
13:48:31.698 [main] DEBUG org.springframework.context.annotation.ClassPathScanningCandidateComponentProvider - Identified candidate component class: file [/home/training-machine5/docker-training-java/spring-boot/target/classes/zama/training/springboot/DemoApplication.class]
13:48:31.715 [main] INFO org.springframework.boot.test.context.SpringBootTestContextBootstrapper - Found @SpringBootConfiguration zama.training.springboot.DemoApplication for test class zama.training.springboot.DemoApplicationTests
13:48:31.910 [main] DEBUG org.springframework.boot.test.context.SpringBootTestContextBootstrapper - @TestExecutionListeners is not present for class [zama.training.springboot.DemoApplicationTests]: using defaults.
13:48:31.911 [main] INFO org.springframework.boot.test.context.SpringBootTestContextBootstrapper - Loaded default TestExecutionListener class names from location [META-INF/spring.factories]: [org.springframework.boot.test.mock.mockito.MockitoTestExecutionListener, org.springframework.boot.test.mock.mockito.ResetMocksTestExecutionListener, org.springframework.boot.test.autoconfigure.restdocs.RestDocsTestExecutionListener, org.springframework.boot.test.autoconfigure.web.client.MockRestServiceServerResetTestExecutionListener, org.springframework.boot.test.autoconfigure.web.servlet.MockMvcPrintOnlyOnFailureTestExecutionListener, org.springframework.boot.test.autoconfigure.web.servlet.WebDriverTestExecutionListener, org.springframework.test.context.web.ServletTestExecutionListener, org.springframework.test.context.support.DirtiesContextBeforeModesTestExecutionListener, org.springframework.test.context.support.DependencyInjectionTestExecutionListener, org.springframework.test.context.support.DirtiesContextTestExecutionListener, org.springframework.test.context.transaction.TransactionalTestExecutionListener, org.springframework.test.context.jdbc.SqlScriptsTestExecutionListener]
13:48:31.925 [main] DEBUG org.springframework.boot.test.context.SpringBootTestContextBootstrapper - Skipping candidate TestExecutionListener [org.springframework.test.context.transaction.TransactionalTestExecutionListener] due to a missing dependency. Specify custom listener classes or make the default listener classes and their required dependencies available. Offending class: [org/springframework/transaction/TransactionDefinition]
13:48:31.926 [main] DEBUG org.springframework.boot.test.context.SpringBootTestContextBootstrapper - Skipping candidate TestExecutionListener [org.springframework.test.context.jdbc.SqlScriptsTestExecutionListener] due to a missing dependency. Specify custom listener classes or make the default listener classes and their required dependencies available. Offending class: [org/springframework/transaction/interceptor/TransactionAttribute]
13:48:31.927 [main] INFO org.springframework.boot.test.context.SpringBootTestContextBootstrapper - Using TestExecutionListeners: [org.springframework.test.context.web.ServletTestExecutionListener@15c43bd9, org.springframework.test.context.support.DirtiesContextBeforeModesTestExecutionListener@3d74bf60, org.springframework.boot.test.mock.mockito.MockitoTestExecutionListener@4f209819, org.springframework.boot.test.autoconfigure.SpringBootDependencyInjectionTestExecutionListener@15eb5ee5, org.springframework.test.context.support.DirtiesContextTestExecutionListener@2145b572, org.springframework.boot.test.mock.mockito.ResetMocksTestExecutionListener@39529185, org.springframework.boot.test.autoconfigure.restdocs.RestDocsTestExecutionListener@72f926e6, org.springframework.boot.test.autoconfigure.web.client.MockRestServiceServerResetTestExecutionListener@3daa422a, org.springframework.boot.test.autoconfigure.web.servlet.MockMvcPrintOnlyOnFailureTestExecutionListener@31c88ec8, org.springframework.boot.test.autoconfigure.web.servlet.WebDriverTestExecutionListener@1cbbffcd]
13:48:31.929 [main] DEBUG org.springframework.test.annotation.ProfileValueUtils - Retrieved @ProfileValueSourceConfiguration [null] for test class [zama.training.springboot.DemoApplicationTests]
13:48:31.930 [main] DEBUG org.springframework.test.annotation.ProfileValueUtils - Retrieved ProfileValueSource type [class org.springframework.test.annotation.SystemProfileValueSource] for class [zama.training.springboot.DemoApplicationTests]
13:48:31.932 [main] DEBUG org.springframework.test.annotation.ProfileValueUtils - Retrieved @ProfileValueSourceConfiguration [null] for test class [zama.training.springboot.DemoApplicationTests]
13:48:31.933 [main] DEBUG org.springframework.test.annotation.ProfileValueUtils - Retrieved ProfileValueSource type [class org.springframework.test.annotation.SystemProfileValueSource] for class [zama.training.springboot.DemoApplicationTests]
13:48:31.934 [main] DEBUG org.springframework.test.annotation.ProfileValueUtils - Retrieved @ProfileValueSourceConfiguration [null] for test class [zama.training.springboot.DemoApplicationTests]
13:48:31.934 [main] DEBUG org.springframework.test.annotation.ProfileValueUtils - Retrieved ProfileValueSource type [class org.springframework.test.annotation.SystemProfileValueSource] for class [zama.training.springboot.DemoApplicationTests]
13:48:31.939 [main] DEBUG org.springframework.test.context.support.AbstractDirtiesContextTestExecutionListener - Before test class: context [DefaultTestContext@55b7a4e0 testClass = DemoApplicationTests, testInstance = [null], testMethod = [null], testException = [null], mergedContextConfiguration = [WebMergedContextConfiguration@5f058f00 testClass = DemoApplicationTests, locations = '{}', classes = '{class zama.training.springboot.DemoApplication}', contextInitializerClasses = '[]', activeProfiles = '{}', propertySourceLocations = '{}', propertySourceProperties = '{org.springframework.boot.test.context.SpringBootTestContextBootstrapper=true}', contextCustomizers = set[org.springframework.boot.test.context.filter.ExcludeFilterContextCustomizer@4f063c0a, org.springframework.boot.test.json.DuplicateJsonObjectContextCustomizerFactory$DuplicateJsonObjectContextCustomizer@614ddd49, org.springframework.boot.test.mock.mockito.MockitoContextCustomizer@0, org.springframework.boot.test.web.client.TestRestTemplateContextCustomizer@1786dec2, org.springframework.boot.test.autoconfigure.properties.PropertyMappingContextCustomizer@0, org.springframework.boot.test.autoconfigure.web.servlet.WebDriverContextCustomizerFactory$Customizer@11438d26], resourceBasePath = 'src/main/webapp', contextLoader = 'org.springframework.boot.test.context.SpringBootContextLoader', parent = [null]], attributes = map['org.springframework.test.context.web.ServletTestExecutionListener.activateListener' -> true]], class annotated with @DirtiesContext [false] with mode [null].
13:48:31.941 [main] DEBUG org.springframework.test.annotation.ProfileValueUtils - Retrieved @ProfileValueSourceConfiguration [null] for test class [zama.training.springboot.DemoApplicationTests]
13:48:31.941 [main] DEBUG org.springframework.test.annotation.ProfileValueUtils - Retrieved ProfileValueSource type [class org.springframework.test.annotation.SystemProfileValueSource] for class [zama.training.springboot.DemoApplicationTests]
13:48:31.974 [main] DEBUG org.springframework.test.context.support.TestPropertySourceUtils - Adding inlined properties to environment: {spring.jmx.enabled=false, org.springframework.boot.test.context.SpringBootTestContextBootstrapper=true, server.port=-1}

  .   ____          _            __ _ _
 /\\ / ___'_ __ _ _(_)_ __  __ _ \ \ \ \
( ( )\___ | '_ | '_| | '_ \/ _` | \ \ \ \
 \\/  ___)| |_)| | | | | || (_| |  ) ) ) )
  '  |____| .__|_| |_|_| |_\__, | / / / /
 =========|_|==============|___/=/_/_/_/
 :: Spring Boot ::        (v2.1.6.RELEASE)

2019-08-21 13:48:32.436  INFO 14494 --- [           main] z.t.springboot.DemoApplicationTests      : Starting DemoApplicationTests on training-machine5 with PID 14494 (started by training-machine5 in /home/training-machine5/docker-training-java/spring-boot)
2019-08-21 13:48:32.439  INFO 14494 --- [           main] z.t.springboot.DemoApplicationTests      : No active profile set, falling back to default profiles: default
2019-08-21 13:48:35.368  INFO 14494 --- [           main] o.s.s.concurrent.ThreadPoolTaskExecutor  : Initializing ExecutorService 'applicationTaskExecutor'
2019-08-21 13:48:35.872  INFO 14494 --- [           main] z.t.springboot.DemoApplicationTests      : Started DemoApplicationTests in 3.886 seconds (JVM running for 5.215)
[INFO] Tests run: 1, Failures: 0, Errors: 0, Skipped: 0, Time elapsed: 4.993 s - in zama.training.springboot.DemoApplicationTests
2019-08-21 13:48:36.185  INFO 14494 --- [       Thread-2] o.s.s.concurrent.ThreadPoolTaskExecutor  : Shutting down ExecutorService 'applicationTaskExecutor'
[INFO] 
[INFO] Results:
[INFO] 
[INFO] Tests run: 1, Failures: 0, Errors: 0, Skipped: 0
[INFO] 
[INFO] 
[INFO] --- maven-jar-plugin:3.1.1:jar (default-jar) @ spring-boot-demo ---
Downloading from central: https://repo.maven.apache.org/maven2/org/apache/maven/maven-archiver/3.3.0/maven-archiver-3.3.0.pom
Downloaded from central: https://repo.maven.apache.org/maven2/org/apache/maven/maven-archiver/3.3.0/maven-archiver-3.3.0.pom (4.4 kB at 9.9 kB/s)
Downloading from central: https://repo.maven.apache.org/maven2/org/apache/maven/shared/maven-shared-components/33/maven-shared-components-33.pom
Downloaded from central: https://repo.maven.apache.org/maven2/org/apache/maven/shared/maven-shared-components/33/maven-shared-components-33.pom (5.1 kB at 12 kB/s)
Downloading from central: https://repo.maven.apache.org/maven2/org/codehaus/plexus/plexus-archiver/3.6.0/plexus-archiver-3.6.0.pom
Downloaded from central: https://repo.maven.apache.org/maven2/org/codehaus/plexus/plexus-archiver/3.6.0/plexus-archiver-3.6.0.pom (4.8 kB at 11 kB/s)
Downloading from central: https://repo.maven.apache.org/maven2/org/codehaus/plexus/plexus-io/3.0.1/plexus-io-3.0.1.pom
Downloaded from central: https://repo.maven.apache.org/maven2/org/codehaus/plexus/plexus-io/3.0.1/plexus-io-3.0.1.pom (4.5 kB at 11 kB/s)
Downloading from central: https://repo.maven.apache.org/maven2/commons-io/commons-io/2.6/commons-io-2.6.pom
Downloaded from central: https://repo.maven.apache.org/maven2/commons-io/commons-io/2.6/commons-io-2.6.pom (14 kB at 21 kB/s)
Downloading from central: https://repo.maven.apache.org/maven2/org/apache/commons/commons-parent/42/commons-parent-42.pom
Downloaded from central: https://repo.maven.apache.org/maven2/org/apache/commons/commons-parent/42/commons-parent-42.pom (68 kB at 24 kB/s)
Downloading from central: https://repo.maven.apache.org/maven2/org/apache/commons/commons-compress/1.16.1/commons-compress-1.16.1.pom
Downloaded from central: https://repo.maven.apache.org/maven2/org/apache/commons/commons-compress/1.16.1/commons-compress-1.16.1.pom (16 kB at 23 kB/s)
Downloading from central: https://repo.maven.apache.org/maven2/org/apache/commons/commons-parent/43/commons-parent-43.pom
Downloaded from central: https://repo.maven.apache.org/maven2/org/apache/commons/commons-parent/43/commons-parent-43.pom (70 kB at 24 kB/s)
Downloading from central: https://repo.maven.apache.org/maven2/org/tukaani/xz/1.8/xz-1.8.pom
Downloaded from central: https://repo.maven.apache.org/maven2/org/tukaani/xz/1.8/xz-1.8.pom (1.9 kB at 7.0 kB/s)
Downloading from central: https://repo.maven.apache.org/maven2/org/codehaus/plexus/plexus-interpolation/1.25/plexus-interpolation-1.25.pom
Downloaded from central: https://repo.maven.apache.org/maven2/org/codehaus/plexus/plexus-interpolation/1.25/plexus-interpolation-1.25.pom (2.6 kB at 3.5 kB/s)
Downloading from central: https://repo.maven.apache.org/maven2/org/codehaus/plexus/plexus/5.1/plexus-5.1.pom
Downloaded from central: https://repo.maven.apache.org/maven2/org/codehaus/plexus/plexus/5.1/plexus-5.1.pom (23 kB at 24 kB/s)
Downloading from central: https://repo.maven.apache.org/maven2/org/codehaus/plexus/plexus-archiver/3.7.0/plexus-archiver-3.7.0.pom
Downloaded from central: https://repo.maven.apache.org/maven2/org/codehaus/plexus/plexus-archiver/3.7.0/plexus-archiver-3.7.0.pom (4.8 kB at 11 kB/s)
Downloading from central: https://repo.maven.apache.org/maven2/org/codehaus/plexus/plexus-io/3.1.0/plexus-io-3.1.0.pom
Downloaded from central: https://repo.maven.apache.org/maven2/org/codehaus/plexus/plexus-io/3.1.0/plexus-io-3.1.0.pom (4.5 kB at 11 kB/s)
Downloading from central: https://repo.maven.apache.org/maven2/org/apache/maven/maven-archiver/3.3.0/maven-archiver-3.3.0.jar
Downloading from central: https://repo.maven.apache.org/maven2/org/codehaus/plexus/plexus-archiver/3.7.0/plexus-archiver-3.7.0.jar
Downloading from central: https://repo.maven.apache.org/maven2/org/codehaus/plexus/plexus-io/3.1.0/plexus-io-3.1.0.jar
Downloading from central: https://repo.maven.apache.org/maven2/org/tukaani/xz/1.8/xz-1.8.jar
Downloaded from central: https://repo.maven.apache.org/maven2/org/apache/maven/maven-archiver/3.3.0/maven-archiver-3.3.0.jar (24 kB at 29 kB/s)
Downloaded from central: https://repo.maven.apache.org/maven2/org/codehaus/plexus/plexus-io/3.1.0/plexus-io-3.1.0.jar (75 kB at 35 kB/s)
Downloaded from central: https://repo.maven.apache.org/maven2/org/tukaani/xz/1.8/xz-1.8.jar (109 kB at 34 kB/s)
Downloaded from central: https://repo.maven.apache.org/maven2/org/codehaus/plexus/plexus-archiver/3.7.0/plexus-archiver-3.7.0.jar (192 kB at 23 kB/s)
[INFO] Building jar: /home/training-machine5/docker-training-java/spring-boot/target/spring-boot-demo-1.0.jar
[INFO] 
[INFO] --- spring-boot-maven-plugin:2.1.6.RELEASE:repackage (repackage) @ spring-boot-demo ---
Downloading from central: https://repo.maven.apache.org/maven2/org/springframework/boot/spring-boot-loader-tools/2.1.6.RELEASE/spring-boot-loader-tools-2.1.6.RELEASE.pom
Downloaded from central: https://repo.maven.apache.org/maven2/org/springframework/boot/spring-boot-loader-tools/2.1.6.RELEASE/spring-boot-loader-tools-2.1.6.RELEASE.pom (2.7 kB at 9.6 kB/s)
Downloading from central: https://repo.maven.apache.org/maven2/org/apache/commons/commons-compress/1.14/commons-compress-1.14.pom
Downloaded from central: https://repo.maven.apache.org/maven2/org/apache/commons/commons-compress/1.14/commons-compress-1.14.pom (13 kB at 16 kB/s)
Downloading from central: https://repo.maven.apache.org/maven2/org/apache/maven/maven-artifact/3.3.9/maven-artifact-3.3.9.pom
Downloaded from central: https://repo.maven.apache.org/maven2/org/apache/maven/maven-artifact/3.3.9/maven-artifact-3.3.9.pom (2.1 kB at 7.6 kB/s)
Downloading from central: https://repo.maven.apache.org/maven2/org/apache/maven/maven/3.3.9/maven-3.3.9.pom
Downloaded from central: https://repo.maven.apache.org/maven2/org/apache/maven/maven/3.3.9/maven-3.3.9.pom (24 kB at 24 kB/s)
Downloading from central: https://repo.maven.apache.org/maven2/org/apache/commons/commons-lang3/3.8.1/commons-lang3-3.8.1.pom
Downloaded from central: https://repo.maven.apache.org/maven2/org/apache/commons/commons-lang3/3.8.1/commons-lang3-3.8.1.pom (28 kB at 32 kB/s)
Downloading from central: https://repo.maven.apache.org/maven2/org/apache/maven/maven-core/3.3.9/maven-core-3.3.9.pom
Downloaded from central: https://repo.maven.apache.org/maven2/org/apache/maven/maven-core/3.3.9/maven-core-3.3.9.pom (8.3 kB at 20 kB/s)
Downloading from central: https://repo.maven.apache.org/maven2/org/apache/maven/maven-model/3.3.9/maven-model-3.3.9.pom
Downloaded from central: https://repo.maven.apache.org/maven2/org/apache/maven/maven-model/3.3.9/maven-model-3.3.9.pom (4.0 kB at 8.8 kB/s)
Downloading from central: https://repo.maven.apache.org/maven2/org/apache/maven/maven-settings/3.3.9/maven-settings-3.3.9.pom
Downloaded from central: https://repo.maven.apache.org/maven2/org/apache/maven/maven-settings/3.3.9/maven-settings-3.3.9.pom (1.8 kB at 6.6 kB/s)
Downloading from central: https://repo.maven.apache.org/maven2/org/apache/maven/maven-settings-builder/3.3.9/maven-settings-builder-3.3.9.pom
Downloaded from central: https://repo.maven.apache.org/maven2/org/apache/maven/maven-settings-builder/3.3.9/maven-settings-builder-3.3.9.pom (2.6 kB at 9.0 kB/s)
Downloading from central: https://repo.maven.apache.org/maven2/org/apache/maven/maven-builder-support/3.3.9/maven-builder-support-3.3.9.pom
Downloaded from central: https://repo.maven.apache.org/maven2/org/apache/maven/maven-builder-support/3.3.9/maven-builder-support-3.3.9.pom (1.7 kB at 5.8 kB/s)
Downloading from central: https://repo.maven.apache.org/maven2/org/codehaus/plexus/plexus-interpolation/1.21/plexus-interpolation-1.21.pom
Downloaded from central: https://repo.maven.apache.org/maven2/org/codehaus/plexus/plexus-interpolation/1.21/plexus-interpolation-1.21.pom (1.5 kB at 5.2 kB/s)
Downloading from central: https://repo.maven.apache.org/maven2/org/codehaus/plexus/plexus-component-annotations/1.6/plexus-component-annotations-1.6.pom
Downloaded from central: https://repo.maven.apache.org/maven2/org/codehaus/plexus/plexus-component-annotations/1.6/plexus-component-annotations-1.6.pom (748 B at 2.5 kB/s)
Downloading from central: https://repo.maven.apache.org/maven2/org/codehaus/plexus/plexus-containers/1.6/plexus-containers-1.6.pom
Downloaded from central: https://repo.maven.apache.org/maven2/org/codehaus/plexus/plexus-containers/1.6/plexus-containers-1.6.pom (3.8 kB at 8.2 kB/s)
Downloading from central: https://repo.maven.apache.org/maven2/org/codehaus/plexus/plexus/3.3.2/plexus-3.3.2.pom
Downloaded from central: https://repo.maven.apache.org/maven2/org/codehaus/plexus/plexus/3.3.2/plexus-3.3.2.pom (22 kB at 26 kB/s)
Downloading from central: https://repo.maven.apache.org/maven2/org/apache/maven/maven-repository-metadata/3.3.9/maven-repository-metadata-3.3.9.pom
Downloaded from central: https://repo.maven.apache.org/maven2/org/apache/maven/maven-repository-metadata/3.3.9/maven-repository-metadata-3.3.9.pom (1.9 kB at 6.6 kB/s)
Downloading from central: https://repo.maven.apache.org/maven2/org/apache/maven/maven-plugin-api/3.3.9/maven-plugin-api-3.3.9.pom
Downloaded from central: https://repo.maven.apache.org/maven2/org/apache/maven/maven-plugin-api/3.3.9/maven-plugin-api-3.3.9.pom (2.7 kB at 9.6 kB/s)
Downloading from central: https://repo.maven.apache.org/maven2/org/eclipse/sisu/org.eclipse.sisu.plexus/0.3.2/org.eclipse.sisu.plexus-0.3.2.pom
Downloaded from central: https://repo.maven.apache.org/maven2/org/eclipse/sisu/org.eclipse.sisu.plexus/0.3.2/org.eclipse.sisu.plexus-0.3.2.pom (4.2 kB at 8.6 kB/s)
Downloading from central: https://repo.maven.apache.org/maven2/org/eclipse/sisu/sisu-plexus/0.3.2/sisu-plexus-0.3.2.pom
Downloaded from central: https://repo.maven.apache.org/maven2/org/eclipse/sisu/sisu-plexus/0.3.2/sisu-plexus-0.3.2.pom (14 kB at 23 kB/s)
Downloading from central: https://repo.maven.apache.org/maven2/org/eclipse/sisu/org.eclipse.sisu.inject/0.3.2/org.eclipse.sisu.inject-0.3.2.pom
Downloaded from central: https://repo.maven.apache.org/maven2/org/eclipse/sisu/org.eclipse.sisu.inject/0.3.2/org.eclipse.sisu.inject-0.3.2.pom (2.6 kB at 9.2 kB/s)
Downloading from central: https://repo.maven.apache.org/maven2/org/eclipse/sisu/sisu-inject/0.3.2/sisu-inject-0.3.2.pom
Downloaded from central: https://repo.maven.apache.org/maven2/org/eclipse/sisu/sisu-inject/0.3.2/sisu-inject-0.3.2.pom (14 kB at 25 kB/s)
Downloading from central: https://repo.maven.apache.org/maven2/org/apache/maven/maven-model-builder/3.3.9/maven-model-builder-3.3.9.pom
Downloaded from central: https://repo.maven.apache.org/maven2/org/apache/maven/maven-model-builder/3.3.9/maven-model-builder-3.3.9.pom (3.1 kB at 11 kB/s)
Downloading from central: https://repo.maven.apache.org/maven2/org/apache/maven/maven-aether-provider/3.3.9/maven-aether-provider-3.3.9.pom
Downloaded from central: https://repo.maven.apache.org/maven2/org/apache/maven/maven-aether-provider/3.3.9/maven-aether-provider-3.3.9.pom (4.0 kB at 13 kB/s)
Downloading from central: https://repo.maven.apache.org/maven2/org/eclipse/aether/aether-api/1.0.2.v20150114/aether-api-1.0.2.v20150114.pom
Downloaded from central: https://repo.maven.apache.org/maven2/org/eclipse/aether/aether-api/1.0.2.v20150114/aether-api-1.0.2.v20150114.pom (1.8 kB at 6.5 kB/s)
Downloading from central: https://repo.maven.apache.org/maven2/org/eclipse/aether/aether/1.0.2.v20150114/aether-1.0.2.v20150114.pom
Downloaded from central: https://repo.maven.apache.org/maven2/org/eclipse/aether/aether/1.0.2.v20150114/aether-1.0.2.v20150114.pom (29 kB at 31 kB/s)
Downloading from central: https://repo.maven.apache.org/maven2/org/eclipse/aether/aether-spi/1.0.2.v20150114/aether-spi-1.0.2.v20150114.pom
Downloaded from central: https://repo.maven.apache.org/maven2/org/eclipse/aether/aether-spi/1.0.2.v20150114/aether-spi-1.0.2.v20150114.pom (2.0 kB at 7.2 kB/s)
Downloading from central: https://repo.maven.apache.org/maven2/org/eclipse/aether/aether-util/1.0.2.v20150114/aether-util-1.0.2.v20150114.pom
Downloaded from central: https://repo.maven.apache.org/maven2/org/eclipse/aether/aether-util/1.0.2.v20150114/aether-util-1.0.2.v20150114.pom (2.1 kB at 7.6 kB/s)
Downloading from central: https://repo.maven.apache.org/maven2/org/eclipse/aether/aether-impl/1.0.2.v20150114/aether-impl-1.0.2.v20150114.pom
Downloaded from central: https://repo.maven.apache.org/maven2/org/eclipse/aether/aether-impl/1.0.2.v20150114/aether-impl-1.0.2.v20150114.pom (3.4 kB at 4.4 kB/s)
Downloading from central: https://repo.maven.apache.org/maven2/com/google/inject/guice/4.0/guice-4.0.pom
Downloaded from central: https://repo.maven.apache.org/maven2/com/google/inject/guice/4.0/guice-4.0.pom (11 kB at 15 kB/s)
Downloading from central: https://repo.maven.apache.org/maven2/com/google/inject/guice-parent/4.0/guice-parent-4.0.pom
Downloaded from central: https://repo.maven.apache.org/maven2/com/google/inject/guice-parent/4.0/guice-parent-4.0.pom (15 kB at 19 kB/s)
Downloading from central: https://repo.maven.apache.org/maven2/com/google/guava/guava/16.0.1/guava-16.0.1.pom
Downloaded from central: https://repo.maven.apache.org/maven2/com/google/guava/guava/16.0.1/guava-16.0.1.pom (6.1 kB at 10 kB/s)
Downloading from central: https://repo.maven.apache.org/maven2/com/google/guava/guava-parent/16.0.1/guava-parent-16.0.1.pom
Downloaded from central: https://repo.maven.apache.org/maven2/com/google/guava/guava-parent/16.0.1/guava-parent-16.0.1.pom (7.3 kB at 13 kB/s)
Downloading from central: https://repo.maven.apache.org/maven2/org/apache/maven/shared/maven-common-artifact-filters/3.0.1/maven-common-artifact-filters-3.0.1.pom
Downloaded from central: https://repo.maven.apache.org/maven2/org/apache/maven/shared/maven-common-artifact-filters/3.0.1/maven-common-artifact-filters-3.0.1.pom (4.8 kB at 8.2 kB/s)
Downloading from central: https://repo.maven.apache.org/maven2/org/apache/maven/shared/maven-shared-utils/3.1.0/maven-shared-utils-3.1.0.pom
Downloaded from central: https://repo.maven.apache.org/maven2/org/apache/maven/shared/maven-shared-utils/3.1.0/maven-shared-utils-3.1.0.pom (5.0 kB at 12 kB/s)
Downloading from central: https://repo.maven.apache.org/maven2/org/apache/maven/plugins/maven-shade-plugin/3.2.1/maven-shade-plugin-3.2.1.pom
Downloaded from central: https://repo.maven.apache.org/maven2/org/apache/maven/plugins/maven-shade-plugin/3.2.1/maven-shade-plugin-3.2.1.pom (9.3 kB at 16 kB/s)
Downloading from central: https://repo.maven.apache.org/maven2/org/apache/maven/shared/maven-artifact-transfer/0.10.0/maven-artifact-transfer-0.10.0.pom
Downloaded from central: https://repo.maven.apache.org/maven2/org/apache/maven/shared/maven-artifact-transfer/0.10.0/maven-artifact-transfer-0.10.0.pom (12 kB at 15 kB/s)
Downloading from central: https://repo.maven.apache.org/maven2/org/apache/maven/shared/maven-shared-components/31/maven-shared-components-31.pom
Downloaded from central: https://repo.maven.apache.org/maven2/org/apache/maven/shared/maven-shared-components/31/maven-shared-components-31.pom (5.1 kB at 8.1 kB/s)
Downloading from central: https://repo.maven.apache.org/maven2/commons-codec/commons-codec/1.11/commons-codec-1.11.pom
Downloaded from central: https://repo.maven.apache.org/maven2/commons-codec/commons-codec/1.11/commons-codec-1.11.pom (14 kB at 15 kB/s)
Downloading from central: https://repo.maven.apache.org/maven2/org/ow2/asm/asm/7.0/asm-7.0.pom
Downloaded from central: https://repo.maven.apache.org/maven2/org/ow2/asm/asm/7.0/asm-7.0.pom (2.9 kB at 3.7 kB/s)
Downloading from central: https://repo.maven.apache.org/maven2/org/ow2/asm/asm-commons/7.0/asm-commons-7.0.pom
Downloaded from central: https://repo.maven.apache.org/maven2/org/ow2/asm/asm-commons/7.0/asm-commons-7.0.pom (3.7 kB at 8.7 kB/s)
Downloading from central: https://repo.maven.apache.org/maven2/org/ow2/asm/asm-tree/7.0/asm-tree-7.0.pom
Downloaded from central: https://repo.maven.apache.org/maven2/org/ow2/asm/asm-tree/7.0/asm-tree-7.0.pom (3.1 kB at 3.9 kB/s)
Downloading from central: https://repo.maven.apache.org/maven2/org/ow2/asm/asm-analysis/7.0/asm-analysis-7.0.pom
Downloaded from central: https://repo.maven.apache.org/maven2/org/ow2/asm/asm-analysis/7.0/asm-analysis-7.0.pom (3.2 kB at 7.7 kB/s)
Downloading from central: https://repo.maven.apache.org/maven2/org/jdom/jdom2/2.0.6/jdom2-2.0.6.pom
Downloaded from central: https://repo.maven.apache.org/maven2/org/jdom/jdom2/2.0.6/jdom2-2.0.6.pom (4.6 kB at 11 kB/s)
Downloading from central: https://repo.maven.apache.org/maven2/org/apache/maven/shared/maven-dependency-tree/3.0.1/maven-dependency-tree-3.0.1.pom
Downloaded from central: https://repo.maven.apache.org/maven2/org/apache/maven/shared/maven-dependency-tree/3.0.1/maven-dependency-tree-3.0.1.pom (7.5 kB at 18 kB/s)
Downloading from central: https://repo.maven.apache.org/maven2/org/eclipse/aether/aether-util/0.9.0.M2/aether-util-0.9.0.M2.pom
Downloaded from central: https://repo.maven.apache.org/maven2/org/eclipse/aether/aether-util/0.9.0.M2/aether-util-0.9.0.M2.pom (2.0 kB at 7.2 kB/s)
Downloading from central: https://repo.maven.apache.org/maven2/org/eclipse/aether/aether/0.9.0.M2/aether-0.9.0.M2.pom
Downloaded from central: https://repo.maven.apache.org/maven2/org/eclipse/aether/aether/0.9.0.M2/aether-0.9.0.M2.pom (28 kB at 22 kB/s)
Downloading from central: https://repo.maven.apache.org/maven2/org/vafer/jdependency/2.1.1/jdependency-2.1.1.pom
Downloaded from central: https://repo.maven.apache.org/maven2/org/vafer/jdependency/2.1.1/jdependency-2.1.1.pom (11 kB at 20 kB/s)
Downloading from central: https://repo.maven.apache.org/maven2/org/ow2/asm/asm/7.0-beta/asm-7.0-beta.pom
Downloaded from central: https://repo.maven.apache.org/maven2/org/ow2/asm/asm/7.0-beta/asm-7.0-beta.pom (2.9 kB at 3.7 kB/s)
Downloading from central: https://repo.maven.apache.org/maven2/org/ow2/asm/asm-analysis/7.0-beta/asm-analysis-7.0-beta.pom
Downloaded from central: https://repo.maven.apache.org/maven2/org/ow2/asm/asm-analysis/7.0-beta/asm-analysis-7.0-beta.pom (3.2 kB at 7.3 kB/s)
Downloading from central: https://repo.maven.apache.org/maven2/org/ow2/asm/asm-tree/7.0-beta/asm-tree-7.0-beta.pom
Downloaded from central: https://repo.maven.apache.org/maven2/org/ow2/asm/asm-tree/7.0-beta/asm-tree-7.0-beta.pom (3.1 kB at 4.0 kB/s)
Downloading from central: https://repo.maven.apache.org/maven2/org/ow2/asm/asm-commons/7.0-beta/asm-commons-7.0-beta.pom
Downloaded from central: https://repo.maven.apache.org/maven2/org/ow2/asm/asm-commons/7.0-beta/asm-commons-7.0-beta.pom (3.7 kB at 8.8 kB/s)
Downloading from central: https://repo.maven.apache.org/maven2/org/ow2/asm/asm-util/7.0-beta/asm-util-7.0-beta.pom
Downloaded from central: https://repo.maven.apache.org/maven2/org/ow2/asm/asm-util/7.0-beta/asm-util-7.0-beta.pom (3.7 kB at 8.7 kB/s)
Downloading from central: https://repo.maven.apache.org/maven2/org/springframework/boot/spring-boot-loader-tools/2.1.6.RELEASE/spring-boot-loader-tools-2.1.6.RELEASE.jar
Downloading from central: https://repo.maven.apache.org/maven2/org/apache/maven/shared/maven-shared-utils/3.2.0/maven-shared-utils-3.2.0.jar
Downloading from central: https://repo.maven.apache.org/maven2/org/codehaus/plexus/plexus-interpolation/1.22/plexus-interpolation-1.22.jar
Downloading from central: https://repo.maven.apache.org/maven2/org/apache/maven/maven-artifact/3.3.9/maven-artifact-3.3.9.jar
Downloading from central: https://repo.maven.apache.org/maven2/org/apache/commons/commons-lang3/3.8.1/commons-lang3-3.8.1.jar
Downloaded from central: https://repo.maven.apache.org/maven2/org/apache/maven/maven-artifact/3.3.9/maven-artifact-3.3.9.jar (55 kB at 27 kB/s)
Downloading from central: https://repo.maven.apache.org/maven2/org/apache/maven/maven-core/3.3.9/maven-core-3.3.9.jar
Downloaded from central: https://repo.maven.apache.org/maven2/org/codehaus/plexus/plexus-interpolation/1.22/plexus-interpolation-1.22.jar (77 kB at 30 kB/s)
Downloading from central: https://repo.maven.apache.org/maven2/org/apache/maven/maven-settings-builder/3.3.9/maven-settings-builder-3.3.9.jar
Downloaded from central: https://repo.maven.apache.org/maven2/org/apache/maven/maven-settings-builder/3.3.9/maven-settings-builder-3.3.9.jar (43 kB at 10 kB/s)
Downloading from central: https://repo.maven.apache.org/maven2/org/apache/maven/maven-builder-support/3.3.9/maven-builder-support-3.3.9.jar
Downloaded from central: https://repo.maven.apache.org/maven2/org/apache/maven/shared/maven-shared-utils/3.2.0/maven-shared-utils-3.2.0.jar (165 kB at 36 kB/s)
Downloading from central: https://repo.maven.apache.org/maven2/org/apache/maven/maven-repository-metadata/3.3.9/maven-repository-metadata-3.3.9.jar
Downloaded from central: https://repo.maven.apache.org/maven2/org/springframework/boot/spring-boot-loader-tools/2.1.6.RELEASE/spring-boot-loader-tools-2.1.6.RELEASE.jar (148 kB at 30 kB/s)
Downloading from central: https://repo.maven.apache.org/maven2/org/apache/maven/maven-model-builder/3.3.9/maven-model-builder-3.3.9.jar
Downloaded from central: https://repo.maven.apache.org/maven2/org/apache/maven/maven-builder-support/3.3.9/maven-builder-support-3.3.9.jar (15 kB at 3.0 kB/s)
Downloading from central: https://repo.maven.apache.org/maven2/org/apache/maven/maven-aether-provider/3.3.9/maven-aether-provider-3.3.9.jar
Downloaded from central: https://repo.maven.apache.org/maven2/org/apache/maven/maven-repository-metadata/3.3.9/maven-repository-metadata-3.3.9.jar (27 kB at 4.7 kB/s)
Downloading from central: https://repo.maven.apache.org/maven2/org/eclipse/aether/aether-spi/1.0.2.v20150114/aether-spi-1.0.2.v20150114.jar
Downloaded from central: https://repo.maven.apache.org/maven2/org/eclipse/aether/aether-spi/1.0.2.v20150114/aether-spi-1.0.2.v20150114.jar (31 kB at 4.2 kB/s)
Downloading from central: https://repo.maven.apache.org/maven2/org/eclipse/aether/aether-impl/1.0.2.v20150114/aether-impl-1.0.2.v20150114.jar
Downloaded from central: https://repo.maven.apache.org/maven2/org/apache/maven/maven-aether-provider/3.3.9/maven-aether-provider-3.3.9.jar (67 kB at 8.3 kB/s)
Downloading from central: https://repo.maven.apache.org/maven2/org/eclipse/aether/aether-api/1.0.2.v20150114/aether-api-1.0.2.v20150114.jar
Downloaded from central: https://repo.maven.apache.org/maven2/org/apache/maven/maven-model-builder/3.3.9/maven-model-builder-3.3.9.jar (177 kB at 18 kB/s)
Downloading from central: https://repo.maven.apache.org/maven2/org/eclipse/aether/aether-util/1.0.2.v20150114/aether-util-1.0.2.v20150114.jar
Downloaded from central: https://repo.maven.apache.org/maven2/org/eclipse/aether/aether-impl/1.0.2.v20150114/aether-impl-1.0.2.v20150114.jar (173 kB at 14 kB/s)
Downloading from central: https://repo.maven.apache.org/maven2/org/eclipse/sisu/org.eclipse.sisu.plexus/0.3.2/org.eclipse.sisu.plexus-0.3.2.jar
Downloaded from central: https://repo.maven.apache.org/maven2/org/eclipse/aether/aether-api/1.0.2.v20150114/aether-api-1.0.2.v20150114.jar (136 kB at 11 kB/s)
Downloading from central: https://repo.maven.apache.org/maven2/org/eclipse/sisu/org.eclipse.sisu.inject/0.3.2/org.eclipse.sisu.inject-0.3.2.jar
Downloaded from central: https://repo.maven.apache.org/maven2/org/eclipse/aether/aether-util/1.0.2.v20150114/aether-util-1.0.2.v20150114.jar (147 kB at 11 kB/s)
Downloading from central: https://repo.maven.apache.org/maven2/com/google/inject/guice/4.0/guice-4.0-no_aop.jar
Downloaded from central: https://repo.maven.apache.org/maven2/org/apache/commons/commons-lang3/3.8.1/commons-lang3-3.8.1.jar (502 kB at 30 kB/s)
Downloading from central: https://repo.maven.apache.org/maven2/org/codehaus/plexus/plexus-component-annotations/1.6/plexus-component-annotations-1.6.jar
Downloaded from central: https://repo.maven.apache.org/maven2/org/codehaus/plexus/plexus-component-annotations/1.6/plexus-component-annotations-1.6.jar (4.3 kB at 244 B/s)
Downloading from central: https://repo.maven.apache.org/maven2/org/apache/maven/maven-model/3.3.9/maven-model-3.3.9.jar
Downloaded from central: https://repo.maven.apache.org/maven2/org/eclipse/sisu/org.eclipse.sisu.plexus/0.3.2/org.eclipse.sisu.plexus-0.3.2.jar (205 kB at 11 kB/s)
Downloading from central: https://repo.maven.apache.org/maven2/org/apache/maven/maven-plugin-api/3.3.9/maven-plugin-api-3.3.9.jar
Downloaded from central: https://repo.maven.apache.org/maven2/org/apache/maven/maven-core/3.3.9/maven-core-3.3.9.jar (638 kB at 33 kB/s)
Downloading from central: https://repo.maven.apache.org/maven2/org/apache/maven/maven-settings/3.3.9/maven-settings-3.3.9.jar
Downloaded from central: https://repo.maven.apache.org/maven2/org/apache/maven/maven-plugin-api/3.3.9/maven-plugin-api-3.3.9.jar (47 kB at 2.4 kB/s)
Downloading from central: https://repo.maven.apache.org/maven2/org/apache/maven/shared/maven-common-artifact-filters/3.0.1/maven-common-artifact-filters-3.0.1.jar
Downloaded from central: https://repo.maven.apache.org/maven2/org/apache/maven/maven-settings/3.3.9/maven-settings-3.3.9.jar (44 kB at 2.2 kB/s)
Downloading from central: https://repo.maven.apache.org/maven2/org/codehaus/plexus/plexus-archiver/3.6.0/plexus-archiver-3.6.0.jar
Downloaded from central: https://repo.maven.apache.org/maven2/org/apache/maven/shared/maven-common-artifact-filters/3.0.1/maven-common-artifact-filters-3.0.1.jar (61 kB at 2.8 kB/s)
Downloading from central: https://repo.maven.apache.org/maven2/org/codehaus/plexus/plexus-io/3.0.1/plexus-io-3.0.1.jar
Downloaded from central: https://repo.maven.apache.org/maven2/com/google/inject/guice/4.0/guice-4.0-no_aop.jar (424 kB at 19 kB/s)
Downloading from central: https://repo.maven.apache.org/maven2/org/apache/maven/plugins/maven-shade-plugin/3.2.1/maven-shade-plugin-3.2.1.jar
Downloaded from central: https://repo.maven.apache.org/maven2/org/apache/maven/maven-model/3.3.9/maven-model-3.3.9.jar (164 kB at 6.9 kB/s)
Downloading from central: https://repo.maven.apache.org/maven2/org/apache/maven/shared/maven-artifact-transfer/0.10.0/maven-artifact-transfer-0.10.0.jar
Downloaded from central: https://repo.maven.apache.org/maven2/org/codehaus/plexus/plexus-io/3.0.1/plexus-io-3.0.1.jar (74 kB at 3.1 kB/s)
Downloading from central: https://repo.maven.apache.org/maven2/commons-codec/commons-codec/1.11/commons-codec-1.11.jar
Downloaded from central: https://repo.maven.apache.org/maven2/org/eclipse/sisu/org.eclipse.sisu.inject/0.3.2/org.eclipse.sisu.inject-0.3.2.jar (378 kB at 15 kB/s)
Downloading from central: https://repo.maven.apache.org/maven2/org/ow2/asm/asm/7.0/asm-7.0.jar
Downloaded from central: https://repo.maven.apache.org/maven2/org/codehaus/plexus/plexus-archiver/3.6.0/plexus-archiver-3.6.0.jar (191 kB at 7.7 kB/s)
Downloading from central: https://repo.maven.apache.org/maven2/org/ow2/asm/asm-commons/7.0/asm-commons-7.0.jar
Downloaded from central: https://repo.maven.apache.org/maven2/org/apache/maven/plugins/maven-shade-plugin/3.2.1/maven-shade-plugin-3.2.1.jar (114 kB at 4.5 kB/s)
Downloading from central: https://repo.maven.apache.org/maven2/org/ow2/asm/asm-tree/7.0/asm-tree-7.0.jar
Downloaded from central: https://repo.maven.apache.org/maven2/org/ow2/asm/asm-tree/7.0/asm-tree-7.0.jar (50 kB at 1.9 kB/s)
Downloading from central: https://repo.maven.apache.org/maven2/org/ow2/asm/asm-analysis/7.0/asm-analysis-7.0.jar
Downloaded from central: https://repo.maven.apache.org/maven2/org/ow2/asm/asm/7.0/asm-7.0.jar (114 kB at 4.2 kB/s)
Downloading from central: https://repo.maven.apache.org/maven2/org/jdom/jdom2/2.0.6/jdom2-2.0.6.jar
Downloaded from central: https://repo.maven.apache.org/maven2/org/ow2/asm/asm-commons/7.0/asm-commons-7.0.jar (80 kB at 2.9 kB/s)
Downloading from central: https://repo.maven.apache.org/maven2/org/apache/maven/shared/maven-dependency-tree/3.0.1/maven-dependency-tree-3.0.1.jar
Downloaded from central: https://repo.maven.apache.org/maven2/org/apache/maven/shared/maven-artifact-transfer/0.10.0/maven-artifact-transfer-0.10.0.jar (128 kB at 4.6 kB/s)
Downloading from central: https://repo.maven.apache.org/maven2/org/vafer/jdependency/2.1.1/jdependency-2.1.1.jar
Downloaded from central: https://repo.maven.apache.org/maven2/org/ow2/asm/asm-analysis/7.0/asm-analysis-7.0.jar (33 kB at 1.2 kB/s)
Downloading from central: https://repo.maven.apache.org/maven2/org/ow2/asm/asm-util/7.0-beta/asm-util-7.0-beta.jar
Downloaded from central: https://repo.maven.apache.org/maven2/org/apache/maven/shared/maven-dependency-tree/3.0.1/maven-dependency-tree-3.0.1.jar (37 kB at 1.3 kB/s)
Downloading from central: https://repo.maven.apache.org/maven2/com/google/guava/guava/19.0/guava-19.0.jar
Downloaded from central: https://repo.maven.apache.org/maven2/commons-codec/commons-codec/1.11/commons-codec-1.11.jar (335 kB at 11 kB/s)
Downloaded from central: https://repo.maven.apache.org/maven2/org/ow2/asm/asm-util/7.0-beta/asm-util-7.0-beta.jar (81 kB at 2.5 kB/s)
Downloaded from central: https://repo.maven.apache.org/maven2/org/vafer/jdependency/2.1.1/jdependency-2.1.1.jar (186 kB at 5.8 kB/s)
Downloaded from central: https://repo.maven.apache.org/maven2/org/jdom/jdom2/2.0.6/jdom2-2.0.6.jar (305 kB at 8.4 kB/s)
Downloaded from central: https://repo.maven.apache.org/maven2/com/google/guava/guava/19.0/guava-19.0.jar (2.3 MB at 27 kB/s)
[INFO] Replacing main artifact with repackaged archive
[INFO] 
[INFO] --- dockerfile-maven-plugin:1.4.10:build (default) @ spring-boot-demo ---
[INFO] dockerfile: null
[INFO] contextDirectory: /home/training-machine5/docker-training-java/spring-boot
[INFO] Building Docker context /home/training-machine5/docker-training-java/spring-boot
[INFO] Path(dockerfile): null
[INFO] Path(contextDirectory): /home/training-machine5/docker-training-java/spring-boot
[INFO] 
[INFO] Image will be built as VamukaGit/docker-training-java:v1.0
[INFO] 
Aug 21, 2019 1:50:55 PM com.spotify.docker.client.shaded.org.apache.http.impl.execchain.RetryExec execute
INFO: I/O exception (java.io.IOException) caught when processing request to {}->unix://localhost:80: Connection reset by peer
[WARNING] An attempt failed, will retry 1 more times
org.apache.maven.plugin.MojoExecutionException: Could not build image
    at com.spotify.plugin.dockerfile.BuildMojo.buildImage (BuildMojo.java:234)
    at com.spotify.plugin.dockerfile.BuildMojo.execute (BuildMojo.java:129)
    at com.spotify.plugin.dockerfile.AbstractDockerMojo.tryExecute (AbstractDockerMojo.java:265)
    at com.spotify.plugin.dockerfile.AbstractDockerMojo.execute (AbstractDockerMojo.java:254)
    at org.apache.maven.plugin.DefaultBuildPluginManager.executeMojo (DefaultBuildPluginManager.java:137)
    at org.apache.maven.lifecycle.internal.MojoExecutor.execute (MojoExecutor.java:210)
    at org.apache.maven.lifecycle.internal.MojoExecutor.execute (MojoExecutor.java:156)
    at org.apache.maven.lifecycle.internal.MojoExecutor.execute (MojoExecutor.java:148)
    at org.apache.maven.lifecycle.internal.LifecycleModuleBuilder.buildProject (LifecycleModuleBuilder.java:117)
    at org.apache.maven.lifecycle.internal.LifecycleModuleBuilder.buildProject (LifecycleModuleBuilder.java:81)
    at org.apache.maven.lifecycle.internal.builder.singlethreaded.SingleThreadedBuilder.build (SingleThreadedBuilder.java:56)
    at org.apache.maven.lifecycle.internal.LifecycleStarter.execute (LifecycleStarter.java:128)
    at org.apache.maven.DefaultMaven.doExecute (DefaultMaven.java:305)
    at org.apache.maven.DefaultMaven.doExecute (DefaultMaven.java:192)
    at org.apache.maven.DefaultMaven.execute (DefaultMaven.java:105)
    at org.apache.maven.cli.MavenCli.execute (MavenCli.java:956)
    at org.apache.maven.cli.MavenCli.doMain (MavenCli.java:288)
    at org.apache.maven.cli.MavenCli.main (MavenCli.java:192)
    at sun.reflect.NativeMethodAccessorImpl.invoke0 (Native Method)
    at sun.reflect.NativeMethodAccessorImpl.invoke (NativeMethodAccessorImpl.java:62)
    at sun.reflect.DelegatingMethodAccessorImpl.invoke (DelegatingMethodAccessorImpl.java:43)
    at java.lang.reflect.Method.invoke (Method.java:498)
    at org.codehaus.plexus.classworlds.launcher.Launcher.launchEnhanced (Launcher.java:289)
    at org.codehaus.plexus.classworlds.launcher.Launcher.launch (Launcher.java:229)
    at org.codehaus.plexus.classworlds.launcher.Launcher.mainWithExitCode (Launcher.java:415)
    at org.codehaus.plexus.classworlds.launcher.Launcher.main (Launcher.java:356)
Caused by: com.spotify.docker.client.exceptions.DockerException: java.util.concurrent.ExecutionException: com.spotify.docker.client.shaded.javax.ws.rs.ProcessingException: com.spotify.docker.client.shaded.org.apache.http.client.ClientProtocolException
    at com.spotify.docker.client.DefaultDockerClient.propagate (DefaultDockerClient.java:2828)
    at com.spotify.docker.client.DefaultDockerClient.request (DefaultDockerClient.java:2703)
    at com.spotify.docker.client.DefaultDockerClient.requestAndTail (DefaultDockerClient.java:2770)
    at com.spotify.docker.client.DefaultDockerClient.build (DefaultDockerClient.java:1475)
    at com.spotify.docker.client.DefaultDockerClient.build (DefaultDockerClient.java:1445)
    at com.spotify.plugin.dockerfile.BuildMojo.buildImage (BuildMojo.java:227)
    at com.spotify.plugin.dockerfile.BuildMojo.execute (BuildMojo.java:129)
    at com.spotify.plugin.dockerfile.AbstractDockerMojo.tryExecute (AbstractDockerMojo.java:265)
    at com.spotify.plugin.dockerfile.AbstractDockerMojo.execute (AbstractDockerMojo.java:254)
    at org.apache.maven.plugin.DefaultBuildPluginManager.executeMojo (DefaultBuildPluginManager.java:137)
    at org.apache.maven.lifecycle.internal.MojoExecutor.execute (MojoExecutor.java:210)
    at org.apache.maven.lifecycle.internal.MojoExecutor.execute (MojoExecutor.java:156)
    at org.apache.maven.lifecycle.internal.MojoExecutor.execute (MojoExecutor.java:148)
    at org.apache.maven.lifecycle.internal.LifecycleModuleBuilder.buildProject (LifecycleModuleBuilder.java:117)
    at org.apache.maven.lifecycle.internal.LifecycleModuleBuilder.buildProject (LifecycleModuleBuilder.java:81)
    at org.apache.maven.lifecycle.internal.builder.singlethreaded.SingleThreadedBuilder.build (SingleThreadedBuilder.java:56)
    at org.apache.maven.lifecycle.internal.LifecycleStarter.execute (LifecycleStarter.java:128)
    at org.apache.maven.DefaultMaven.doExecute (DefaultMaven.java:305)
    at org.apache.maven.DefaultMaven.doExecute (DefaultMaven.java:192)
    at org.apache.maven.DefaultMaven.execute (DefaultMaven.java:105)
    at org.apache.maven.cli.MavenCli.execute (MavenCli.java:956)
    at org.apache.maven.cli.MavenCli.doMain (MavenCli.java:288)
    at org.apache.maven.cli.MavenCli.main (MavenCli.java:192)
    at sun.reflect.NativeMethodAccessorImpl.invoke0 (Native Method)
    at sun.reflect.NativeMethodAccessorImpl.invoke (NativeMethodAccessorImpl.java:62)
    at sun.reflect.DelegatingMethodAccessorImpl.invoke (DelegatingMethodAccessorImpl.java:43)
    at java.lang.reflect.Method.invoke (Method.java:498)
    at org.codehaus.plexus.classworlds.launcher.Launcher.launchEnhanced (Launcher.java:289)
    at org.codehaus.plexus.classworlds.launcher.Launcher.launch (Launcher.java:229)
    at org.codehaus.plexus.classworlds.launcher.Launcher.mainWithExitCode (Launcher.java:415)
    at org.codehaus.plexus.classworlds.launcher.Launcher.main (Launcher.java:356)
Caused by: java.util.concurrent.ExecutionException: com.spotify.docker.client.shaded.javax.ws.rs.ProcessingException: com.spotify.docker.client.shaded.org.apache.http.client.ClientProtocolException
    at jersey.repackaged.com.google.common.util.concurrent.AbstractFuture$Sync.getValue (AbstractFuture.java:299)
    at jersey.repackaged.com.google.common.util.concurrent.AbstractFuture$Sync.get (AbstractFuture.java:286)
    at jersey.repackaged.com.google.common.util.concurrent.AbstractFuture.get (AbstractFuture.java:116)
    at com.spotify.docker.client.DefaultDockerClient.request (DefaultDockerClient.java:2701)
    at com.spotify.docker.client.DefaultDockerClient.requestAndTail (DefaultDockerClient.java:2770)
    at com.spotify.docker.client.DefaultDockerClient.build (DefaultDockerClient.java:1475)
    at com.spotify.docker.client.DefaultDockerClient.build (DefaultDockerClient.java:1445)
    at com.spotify.plugin.dockerfile.BuildMojo.buildImage (BuildMojo.java:227)
    at com.spotify.plugin.dockerfile.BuildMojo.execute (BuildMojo.java:129)
    at com.spotify.plugin.dockerfile.AbstractDockerMojo.tryExecute (AbstractDockerMojo.java:265)
    at com.spotify.plugin.dockerfile.AbstractDockerMojo.execute (AbstractDockerMojo.java:254)
    at org.apache.maven.plugin.DefaultBuildPluginManager.executeMojo (DefaultBuildPluginManager.java:137)
    at org.apache.maven.lifecycle.internal.MojoExecutor.execute (MojoExecutor.java:210)
    at org.apache.maven.lifecycle.internal.MojoExecutor.execute (MojoExecutor.java:156)
    at org.apache.maven.lifecycle.internal.MojoExecutor.execute (MojoExecutor.java:148)
    at org.apache.maven.lifecycle.internal.LifecycleModuleBuilder.buildProject (LifecycleModuleBuilder.java:117)
    at org.apache.maven.lifecycle.internal.LifecycleModuleBuilder.buildProject (LifecycleModuleBuilder.java:81)
    at org.apache.maven.lifecycle.internal.builder.singlethreaded.SingleThreadedBuilder.build (SingleThreadedBuilder.java:56)
    at org.apache.maven.lifecycle.internal.LifecycleStarter.execute (LifecycleStarter.java:128)
    at org.apache.maven.DefaultMaven.doExecute (DefaultMaven.java:305)
    at org.apache.maven.DefaultMaven.doExecute (DefaultMaven.java:192)
    at org.apache.maven.DefaultMaven.execute (DefaultMaven.java:105)
    at org.apache.maven.cli.MavenCli.execute (MavenCli.java:956)
    at org.apache.maven.cli.MavenCli.doMain (MavenCli.java:288)
    at org.apache.maven.cli.MavenCli.main (MavenCli.java:192)
    at sun.reflect.NativeMethodAccessorImpl.invoke0 (Native Method)
    at sun.reflect.NativeMethodAccessorImpl.invoke (NativeMethodAccessorImpl.java:62)
    at sun.reflect.DelegatingMethodAccessorImpl.invoke (DelegatingMethodAccessorImpl.java:43)
    at java.lang.reflect.Method.invoke (Method.java:498)
    at org.codehaus.plexus.classworlds.launcher.Launcher.launchEnhanced (Launcher.java:289)
    at org.codehaus.plexus.classworlds.launcher.Launcher.launch (Launcher.java:229)
    at org.codehaus.plexus.classworlds.launcher.Launcher.mainWithExitCode (Launcher.java:415)
    at org.codehaus.plexus.classworlds.launcher.Launcher.main (Launcher.java:356)
Caused by: com.spotify.docker.client.shaded.javax.ws.rs.ProcessingException: com.spotify.docker.client.shaded.org.apache.http.client.ClientProtocolException
    at com.spotify.docker.client.shaded.org.glassfish.jersey.apache.connector.ApacheConnector.apply (ApacheConnector.java:481)
    at com.spotify.docker.client.shaded.org.glassfish.jersey.apache.connector.ApacheConnector$1.run (ApacheConnector.java:491)
    at java.util.concurrent.Executors$RunnableAdapter.call (Executors.java:511)
    at java.util.concurrent.FutureTask.run (FutureTask.java:266)
    at jersey.repackaged.com.google.common.util.concurrent.MoreExecutors$DirectExecutorService.execute (MoreExecutors.java:299)
    at java.util.concurrent.AbstractExecutorService.submit (AbstractExecutorService.java:112)
    at jersey.repackaged.com.google.common.util.concurrent.AbstractListeningExecutorService.submit (AbstractListeningExecutorService.java:50)
    at jersey.repackaged.com.google.common.util.concurrent.AbstractListeningExecutorService.submit (AbstractListeningExecutorService.java:37)
    at com.spotify.docker.client.shaded.org.glassfish.jersey.apache.connector.ApacheConnector.apply (ApacheConnector.java:487)
    at com.spotify.docker.client.shaded.org.glassfish.jersey.client.ClientRuntime$2.run (ClientRuntime.java:178)
    at com.spotify.docker.client.shaded.org.glassfish.jersey.internal.Errors$1.call (Errors.java:271)
    at com.spotify.docker.client.shaded.org.glassfish.jersey.internal.Errors$1.call (Errors.java:267)
    at com.spotify.docker.client.shaded.org.glassfish.jersey.internal.Errors.process (Errors.java:315)
    at com.spotify.docker.client.shaded.org.glassfish.jersey.internal.Errors.process (Errors.java:297)
    at com.spotify.docker.client.shaded.org.glassfish.jersey.internal.Errors.process (Errors.java:267)
    at com.spotify.docker.client.shaded.org.glassfish.jersey.process.internal.RequestScope.runInScope (RequestScope.java:340)
    at com.spotify.docker.client.shaded.org.glassfish.jersey.client.ClientRuntime$3.run (ClientRuntime.java:210)
    at java.util.concurrent.Executors$RunnableAdapter.call (Executors.java:511)
    at java.util.concurrent.FutureTask.run (FutureTask.java:266)
    at java.util.concurrent.ThreadPoolExecutor.runWorker (ThreadPoolExecutor.java:1149)
    at java.util.concurrent.ThreadPoolExecutor$Worker.run (ThreadPoolExecutor.java:624)
    at java.lang.Thread.run (Thread.java:748)
Caused by: com.spotify.docker.client.shaded.org.apache.http.client.ClientProtocolException
    at com.spotify.docker.client.shaded.org.apache.http.impl.client.InternalHttpClient.doExecute (InternalHttpClient.java:186)
    at com.spotify.docker.client.shaded.org.apache.http.impl.client.CloseableHttpClient.execute (CloseableHttpClient.java:71)
    at com.spotify.docker.client.shaded.org.glassfish.jersey.apache.connector.ApacheConnector.apply (ApacheConnector.java:435)
    at com.spotify.docker.client.shaded.org.glassfish.jersey.apache.connector.ApacheConnector$1.run (ApacheConnector.java:491)
    at java.util.concurrent.Executors$RunnableAdapter.call (Executors.java:511)
    at java.util.concurrent.FutureTask.run (FutureTask.java:266)
    at jersey.repackaged.com.google.common.util.concurrent.MoreExecutors$DirectExecutorService.execute (MoreExecutors.java:299)
    at java.util.concurrent.AbstractExecutorService.submit (AbstractExecutorService.java:112)
    at jersey.repackaged.com.google.common.util.concurrent.AbstractListeningExecutorService.submit (AbstractListeningExecutorService.java:50)
    at jersey.repackaged.com.google.common.util.concurrent.AbstractListeningExecutorService.submit (AbstractListeningExecutorService.java:37)
    at com.spotify.docker.client.shaded.org.glassfish.jersey.apache.connector.ApacheConnector.apply (ApacheConnector.java:487)
    at com.spotify.docker.client.shaded.org.glassfish.jersey.client.ClientRuntime$2.run (ClientRuntime.java:178)
    at com.spotify.docker.client.shaded.org.glassfish.jersey.internal.Errors$1.call (Errors.java:271)
    at com.spotify.docker.client.shaded.org.glassfish.jersey.internal.Errors$1.call (Errors.java:267)
    at com.spotify.docker.client.shaded.org.glassfish.jersey.internal.Errors.process (Errors.java:315)
    at com.spotify.docker.client.shaded.org.glassfish.jersey.internal.Errors.process (Errors.java:297)
    at com.spotify.docker.client.shaded.org.glassfish.jersey.internal.Errors.process (Errors.java:267)
    at com.spotify.docker.client.shaded.org.glassfish.jersey.process.internal.RequestScope.runInScope (RequestScope.java:340)
    at com.spotify.docker.client.shaded.org.glassfish.jersey.client.ClientRuntime$3.run (ClientRuntime.java:210)
    at java.util.concurrent.Executors$RunnableAdapter.call (Executors.java:511)
    at java.util.concurrent.FutureTask.run (FutureTask.java:266)
    at java.util.concurrent.ThreadPoolExecutor.runWorker (ThreadPoolExecutor.java:1149)
    at java.util.concurrent.ThreadPoolExecutor$Worker.run (ThreadPoolExecutor.java:624)
    at java.lang.Thread.run (Thread.java:748)
Caused by: com.spotify.docker.client.shaded.org.apache.http.client.NonRepeatableRequestException: Cannot retry request with a non-repeatable request entity
    at com.spotify.docker.client.shaded.org.apache.http.impl.execchain.RetryExec.execute (RetryExec.java:107)
    at com.spotify.docker.client.shaded.org.apache.http.impl.execchain.RedirectExec.execute (RedirectExec.java:110)
    at com.spotify.docker.client.shaded.org.apache.http.impl.client.InternalHttpClient.doExecute (InternalHttpClient.java:184)
    at com.spotify.docker.client.shaded.org.apache.http.impl.client.CloseableHttpClient.execute (CloseableHttpClient.java:71)
    at com.spotify.docker.client.shaded.org.glassfish.jersey.apache.connector.ApacheConnector.apply (ApacheConnector.java:435)
    at com.spotify.docker.client.shaded.org.glassfish.jersey.apache.connector.ApacheConnector$1.run (ApacheConnector.java:491)
    at java.util.concurrent.Executors$RunnableAdapter.call (Executors.java:511)
    at java.util.concurrent.FutureTask.run (FutureTask.java:266)
    at jersey.repackaged.com.google.common.util.concurrent.MoreExecutors$DirectExecutorService.execute (MoreExecutors.java:299)
    at java.util.concurrent.AbstractExecutorService.submit (AbstractExecutorService.java:112)
    at jersey.repackaged.com.google.common.util.concurrent.AbstractListeningExecutorService.submit (AbstractListeningExecutorService.java:50)
    at jersey.repackaged.com.google.common.util.concurrent.AbstractListeningExecutorService.submit (AbstractListeningExecutorService.java:37)
    at com.spotify.docker.client.shaded.org.glassfish.jersey.apache.connector.ApacheConnector.apply (ApacheConnector.java:487)
    at com.spotify.docker.client.shaded.org.glassfish.jersey.client.ClientRuntime$2.run (ClientRuntime.java:178)
    at com.spotify.docker.client.shaded.org.glassfish.jersey.internal.Errors$1.call (Errors.java:271)
    at com.spotify.docker.client.shaded.org.glassfish.jersey.internal.Errors$1.call (Errors.java:267)
    at com.spotify.docker.client.shaded.org.glassfish.jersey.internal.Errors.process (Errors.java:315)
    at com.spotify.docker.client.shaded.org.glassfish.jersey.internal.Errors.process (Errors.java:297)
    at com.spotify.docker.client.shaded.org.glassfish.jersey.internal.Errors.process (Errors.java:267)
    at com.spotify.docker.client.shaded.org.glassfish.jersey.process.internal.RequestScope.runInScope (RequestScope.java:340)
    at com.spotify.docker.client.shaded.org.glassfish.jersey.client.ClientRuntime$3.run (ClientRuntime.java:210)
    at java.util.concurrent.Executors$RunnableAdapter.call (Executors.java:511)
    at java.util.concurrent.FutureTask.run (FutureTask.java:266)
    at java.util.concurrent.ThreadPoolExecutor.runWorker (ThreadPoolExecutor.java:1149)
    at java.util.concurrent.ThreadPoolExecutor$Worker.run (ThreadPoolExecutor.java:624)
    at java.lang.Thread.run (Thread.java:748)
Caused by: java.io.IOException: Connection reset by peer
    at jnr.enxio.channels.Common.write (Common.java:109)
    at jnr.enxio.channels.AbstractNativeSocketChannel.write (AbstractNativeSocketChannel.java:72)
    at jnr.unixsocket.UnixSocketChannel.write (UnixSocketChannel.java:261)
    at java.nio.channels.Channels.writeFullyImpl (Channels.java:78)
    at java.nio.channels.Channels.writeFully (Channels.java:98)
    at java.nio.channels.Channels.access$000 (Channels.java:61)
    at java.nio.channels.Channels$1.write (Channels.java:174)
    at com.spotify.docker.client.shaded.org.apache.http.impl.io.SessionOutputBufferImpl.streamWrite (SessionOutputBufferImpl.java:124)
    at com.spotify.docker.client.shaded.org.apache.http.impl.io.SessionOutputBufferImpl.flushBuffer (SessionOutputBufferImpl.java:136)
    at com.spotify.docker.client.shaded.org.apache.http.impl.io.SessionOutputBufferImpl.write (SessionOutputBufferImpl.java:167)
    at com.spotify.docker.client.shaded.org.apache.http.impl.io.ChunkedOutputStream.flushCacheWithAppend (ChunkedOutputStream.java:122)
    at com.spotify.docker.client.shaded.org.apache.http.impl.io.ChunkedOutputStream.write (ChunkedOutputStream.java:179)
    at com.spotify.docker.client.shaded.org.glassfish.jersey.message.internal.CommittingOutputStream.write (CommittingOutputStream.java:229)
    at com.spotify.docker.client.shaded.org.glassfish.jersey.message.internal.WriterInterceptorExecutor$UnCloseableOutputStream.write (WriterInterceptorExecutor.java:299)
    at com.spotify.docker.client.shaded.org.glassfish.jersey.message.internal.ReaderWriter.writeTo (ReaderWriter.java:116)
    at com.spotify.docker.client.shaded.org.glassfish.jersey.message.internal.AbstractMessageReaderWriterProvider.writeTo (AbstractMessageReaderWriterProvider.java:79)
    at com.spotify.docker.client.shaded.org.glassfish.jersey.message.internal.InputStreamProvider.writeTo (InputStreamProvider.java:105)
    at com.spotify.docker.client.shaded.org.glassfish.jersey.message.internal.InputStreamProvider.writeTo (InputStreamProvider.java:60)
    at com.spotify.docker.client.shaded.org.glassfish.jersey.message.internal.WriterInterceptorExecutor$TerminalWriterInterceptor.invokeWriteTo (WriterInterceptorExecutor.java:265)
    at com.spotify.docker.client.shaded.org.glassfish.jersey.message.internal.WriterInterceptorExecutor$TerminalWriterInterceptor.aroundWriteTo (WriterInterceptorExecutor.java:250)
    at com.spotify.docker.client.shaded.org.glassfish.jersey.message.internal.WriterInterceptorExecutor.proceed (WriterInterceptorExecutor.java:162)
    at com.spotify.docker.client.shaded.org.glassfish.jersey.message.internal.MessageBodyFactory.writeTo (MessageBodyFactory.java:1130)
    at com.spotify.docker.client.shaded.org.glassfish.jersey.client.ClientRequest.doWriteEntity (ClientRequest.java:517)
    at com.spotify.docker.client.shaded.org.glassfish.jersey.client.ClientRequest.writeEntity (ClientRequest.java:499)
    at com.spotify.docker.client.shaded.org.glassfish.jersey.apache.connector.ApacheConnector$2.writeTo (ApacheConnector.java:583)
    at com.spotify.docker.client.shaded.org.apache.http.impl.execchain.RequestEntityProxy.writeTo (RequestEntityProxy.java:123)
    at com.spotify.docker.client.shaded.org.apache.http.impl.DefaultBHttpClientConnection.sendRequestEntity (DefaultBHttpClientConnection.java:156)
    at com.spotify.docker.client.shaded.org.apache.http.impl.conn.CPoolProxy.sendRequestEntity (CPoolProxy.java:162)
    at com.spotify.docker.client.shaded.org.apache.http.protocol.HttpRequestExecutor.doSendRequest (HttpRequestExecutor.java:238)
    at com.spotify.docker.client.shaded.org.apache.http.protocol.HttpRequestExecutor.execute (HttpRequestExecutor.java:123)
    at com.spotify.docker.client.shaded.org.apache.http.impl.execchain.MainClientExec.execute (MainClientExec.java:271)
    at com.spotify.docker.client.shaded.org.apache.http.impl.execchain.ProtocolExec.execute (ProtocolExec.java:184)
    at com.spotify.docker.client.shaded.org.apache.http.impl.execchain.RetryExec.execute (RetryExec.java:88)
    at com.spotify.docker.client.shaded.org.apache.http.impl.execchain.RedirectExec.execute (RedirectExec.java:110)
    at com.spotify.docker.client.shaded.org.apache.http.impl.client.InternalHttpClient.doExecute (InternalHttpClient.java:184)
    at com.spotify.docker.client.shaded.org.apache.http.impl.client.CloseableHttpClient.execute (CloseableHttpClient.java:71)
    at com.spotify.docker.client.shaded.org.glassfish.jersey.apache.connector.ApacheConnector.apply (ApacheConnector.java:435)
    at com.spotify.docker.client.shaded.org.glassfish.jersey.apache.connector.ApacheConnector$1.run (ApacheConnector.java:491)
    at java.util.concurrent.Executors$RunnableAdapter.call (Executors.java:511)
    at java.util.concurrent.FutureTask.run (FutureTask.java:266)
    at jersey.repackaged.com.google.common.util.concurrent.MoreExecutors$DirectExecutorService.execute (MoreExecutors.java:299)
    at java.util.concurrent.AbstractExecutorService.submit (AbstractExecutorService.java:112)
    at jersey.repackaged.com.google.common.util.concurrent.AbstractListeningExecutorService.submit (AbstractListeningExecutorService.java:50)
    at jersey.repackaged.com.google.common.util.concurrent.AbstractListeningExecutorService.submit (AbstractListeningExecutorService.java:37)
    at com.spotify.docker.client.shaded.org.glassfish.jersey.apache.connector.ApacheConnector.apply (ApacheConnector.java:487)
    at com.spotify.docker.client.shaded.org.glassfish.jersey.client.ClientRuntime$2.run (ClientRuntime.java:178)
    at com.spotify.docker.client.shaded.org.glassfish.jersey.internal.Errors$1.call (Errors.java:271)
    at com.spotify.docker.client.shaded.org.glassfish.jersey.internal.Errors$1.call (Errors.java:267)
    at com.spotify.docker.client.shaded.org.glassfish.jersey.internal.Errors.process (Errors.java:315)
    at com.spotify.docker.client.shaded.org.glassfish.jersey.internal.Errors.process (Errors.java:297)
    at com.spotify.docker.client.shaded.org.glassfish.jersey.internal.Errors.process (Errors.java:267)
    at com.spotify.docker.client.shaded.org.glassfish.jersey.process.internal.RequestScope.runInScope (RequestScope.java:340)
    at com.spotify.docker.client.shaded.org.glassfish.jersey.client.ClientRuntime$3.run (ClientRuntime.java:210)
    at java.util.concurrent.Executors$RunnableAdapter.call (Executors.java:511)
    at java.util.concurrent.FutureTask.run (FutureTask.java:266)
    at java.util.concurrent.ThreadPoolExecutor.runWorker (ThreadPoolExecutor.java:1149)
    at java.util.concurrent.ThreadPoolExecutor$Worker.run (ThreadPoolExecutor.java:624)
    at java.lang.Thread.run (Thread.java:748)
[INFO] dockerfile: null
[INFO] contextDirectory: /home/training-machine5/docker-training-java/spring-boot
[INFO] Building Docker context /home/training-machine5/docker-training-java/spring-boot
[INFO] Path(dockerfile): null
[INFO] Path(contextDirectory): /home/training-machine5/docker-training-java/spring-boot
[INFO] 
[INFO] Image will be built as VamukaGit/docker-training-java:v1.0
[INFO] 
Aug 21, 2019 1:50:56 PM com.spotify.docker.client.shaded.org.apache.http.impl.execchain.RetryExec execute
INFO: I/O exception (java.io.IOException) caught when processing request to {}->unix://localhost:80: Connection reset by peer
[INFO] ------------------------------------------------------------------------
[INFO] BUILD FAILURE
[INFO] ------------------------------------------------------------------------
[INFO] Total time:  07:39 min
[INFO] Finished at: 2019-08-21T13:50:56+05:30
[INFO] ------------------------------------------------------------------------
[ERROR] Failed to execute goal com.spotify:dockerfile-maven-plugin:1.4.10:build (default) on project spring-boot-demo: Could not build image: java.util.concurrent.ExecutionException: com.spotify.docker.client.shaded.javax.ws.rs.ProcessingException: com.spotify.docker.client.shaded.org.apache.http.client.ClientProtocolException: Cannot retry request with a non-repeatable request entity: Connection reset by peer -> [Help 1]
[ERROR] 
[ERROR] To see the full stack trace of the errors, re-run Maven with the -e switch.
[ERROR] Re-run Maven using the -X switch to enable full debug logging.
[ERROR] 
[ERROR] For more information about the errors and possible solutions, please read the following articles:
[ERROR] [Help 1] http://cwiki.apache.org/confluence/display/MAVEN/MojoExecutionException
training-machine5@training-machine5:~/docker-training-java/spring-boot$ 
training-machine5@training-machine5:~/docker-training-java/spring-boot$ 
training-machine5@training-machine5:~/docker-training-java/spring-boot$ 
training-machine5@training-machine5:~/docker-training-java/spring-boot$ java -jar target/s
spring-boot-demo-1.0.jar  surefire-reports/         
training-machine5@training-machine5:~/docker-training-java/spring-boot$ java -jar target/spring-boot-demo-1.0.jar 

  .   ____          _            __ _ _
 /\\ / ___'_ __ _ _(_)_ __  __ _ \ \ \ \
( ( )\___ | '_ | '_| | '_ \/ _` | \ \ \ \
 \\/  ___)| |_)| | | | | || (_| |  ) ) ) )
  '  |____| .__|_| |_|_| |_\__, | / / / /
 =========|_|==============|___/=/_/_/_/
 :: Spring Boot ::        (v2.1.6.RELEASE)

2019-08-21 13:52:02.417  INFO 14594 --- [           main] z.training.springboot.DemoApplication    : Starting DemoApplication v1.0 on training-machine5 with PID 14594 (/home/training-machine5/docker-training-java/spring-boot/target/spring-boot-demo-1.0.jar started by training-machine5 in /home/training-machine5/docker-training-java/spring-boot)
2019-08-21 13:52:02.423  INFO 14594 --- [           main] z.training.springboot.DemoApplication    : No active profile set, falling back to default profiles: default
2019-08-21 13:52:04.947  INFO 14594 --- [           main] o.s.b.w.embedded.tomcat.TomcatWebServer  : Tomcat initialized with port(s): 8085 (http)
2019-08-21 13:52:05.041  INFO 14594 --- [           main] o.apache.catalina.core.StandardService   : Starting service [Tomcat]
2019-08-21 13:52:05.043  INFO 14594 --- [           main] org.apache.catalina.core.StandardEngine  : Starting Servlet engine: [Apache Tomcat/9.0.21]
2019-08-21 13:52:05.260  INFO 14594 --- [           main] o.a.c.c.C.[Tomcat].[localhost].[/]       : Initializing Spring embedded WebApplicationContext
2019-08-21 13:52:05.260  INFO 14594 --- [           main] o.s.web.context.ContextLoader            : Root WebApplicationContext: initialization completed in 2674 ms
2019-08-21 13:52:05.754  INFO 14594 --- [           main] o.s.s.concurrent.ThreadPoolTaskExecutor  : Initializing ExecutorService 'applicationTaskExecutor'
2019-08-21 13:52:06.136  INFO 14594 --- [           main] o.s.b.w.embedded.tomcat.TomcatWebServer  : Tomcat started on port(s): 8085 (http) with context path ''
2019-08-21 13:52:06.141  INFO 14594 --- [           main] z.training.springboot.DemoApplication    : Started DemoApplication in 4.58 seconds (JVM running for 5.426)
^C2019-08-21 13:52:13.066  INFO 14594 --- [       Thread-3] o.s.s.concurrent.ThreadPoolTaskExecutor  : Shutting down ExecutorService 'applicationTaskExecutor'
training-machine5@training-machine5:~/docker-training-java/spring-boot$ docker build -t spring-boot-demo .
Sending build context to Docker daemon  16.88MB
Step 1/4 : FROM openjdk:8-jdk-alpine
8-jdk-alpine: Pulling from library/openjdk
e7c96db7181b: Pull complete 
f910a506b6cb: Pull complete 
c2274a1a0e27: Pull complete 
Digest: sha256:94792824df2df33402f201713f932b58cb9de94a0cd524164a0f2283343547b3
Status: Downloaded newer image for openjdk:8-jdk-alpine
 ---> a3562aa0b991
Step 2/4 : COPY target/spring-boot-demo-1.0.jar app.jar
 ---> 5bb7c731587d
Step 3/4 : EXPOSE 8085
 ---> Running in 1144dd87c4bc
Removing intermediate container 1144dd87c4bc
 ---> a9a5b5f03f21
Step 4/4 : ENTRYPOINT ["java","-Djava.security.egd=file:/dev/./urandom","-jar","/app.jar"]
 ---> Running in 5262ae8b50e6
Removing intermediate container 5262ae8b50e6
 ---> a4ba02f49370
Successfully built a4ba02f49370
Successfully tagged spring-boot-demo:latest
training-machine5@training-machine5:~/docker-training-java/spring-boot$ docker run -d --name spring-boot 
hello-world                           java8-app_test                        spring-boot-demo:latest
hello-world:latest                    java8-app_test:latest                 vasanthakumarss/java-8-app-test
java8-app                             openjdk                               vasanthakumarss/java-8-app-test:v1.0
java8-app123                          openjdk:8                             vasanthakumarss/java-8-app-test:v2.0
java8-app123:latest                   openjdk:8-jdk-alpine                  zamadockertraining/standalone
java8-app:latest                      spring-boot-demo                      zamadockertraining/standalone:1.0
training-machine5@training-machine5:~/docker-training-java/spring-boot$ docker run -d --name spring-boot-c1 spring-boot-demo
0c0344043a76bb605cc01600ec355d0824aaff9652a3490378234919b7d938c7
training-machine5@training-machine5:~/docker-training-java/spring-boot$ docker rm -f spring-boot-c1 
spring-boot-c1
training-machine5@training-machine5:~/docker-training-java/spring-boot$ docker run -p 9999:8085 --name spring-boot-c1 spring-boot-demo

  .   ____          _            __ _ _
 /\\ / ___'_ __ _ _(_)_ __  __ _ \ \ \ \
( ( )\___ | '_ | '_| | '_ \/ _` | \ \ \ \
 \\/  ___)| |_)| | | | | || (_| |  ) ) ) )
  '  |____| .__|_| |_|_| |_\__, | / / / /
 =========|_|==============|___/=/_/_/_/
 :: Spring Boot ::        (v2.1.6.RELEASE)

2019-08-21 08:26:49.795  INFO 1 --- [           main] z.training.springboot.DemoApplication    : Starting DemoApplication v1.0 on 265e406c8b85 with PID 1 (/app.jar started by root in /)
2019-08-21 08:26:49.804  INFO 1 --- [           main] z.training.springboot.DemoApplication    : No active profile set, falling back to default profiles: default
2019-08-21 08:26:52.520  INFO 1 --- [           main] o.s.b.w.embedded.tomcat.TomcatWebServer  : Tomcat initialized with port(s): 8085 (http)
2019-08-21 08:26:52.609  INFO 1 --- [           main] o.apache.catalina.core.StandardService   : Starting service [Tomcat]
2019-08-21 08:26:52.610  INFO 1 --- [           main] org.apache.catalina.core.StandardEngine  : Starting Servlet engine: [Apache Tomcat/9.0.21]
2019-08-21 08:26:52.783  INFO 1 --- [           main] o.a.c.c.C.[Tomcat].[localhost].[/]       : Initializing Spring embedded WebApplicationContext
2019-08-21 08:26:52.784  INFO 1 --- [           main] o.s.web.context.ContextLoader            : Root WebApplicationContext: initialization completed in 2856 ms
2019-08-21 08:26:53.355  INFO 1 --- [           main] o.s.s.concurrent.ThreadPoolTaskExecutor  : Initializing ExecutorService 'applicationTaskExecutor'
2019-08-21 08:26:53.821  INFO 1 --- [           main] o.s.b.w.embedded.tomcat.TomcatWebServer  : Tomcat started on port(s): 8085 (http) with context path ''
2019-08-21 08:26:53.826  INFO 1 --- [           main] z.training.springboot.DemoApplication    : Started DemoApplication in 5.004 seconds (JVM running for 5.888)
2019-08-21 08:27:07.953  INFO 1 --- [nio-8085-exec-1] o.a.c.c.C.[Tomcat].[localhost].[/]       : Initializing Spring DispatcherServlet 'dispatcherServlet'
2019-08-21 08:27:07.954  INFO 1 --- [nio-8085-exec-1] o.s.web.servlet.DispatcherServlet        : Initializing Servlet 'dispatcherServlet'
2019-08-21 08:27:07.969  INFO 1 --- [nio-8085-exec-1] o.s.web.servlet.DispatcherServlet        : Completed initialization in 15 ms
2019-08-21 08:27:22.769  INFO 1 --- [nio-8085-exec-3] z.training.springboot.DemoApplication    : Processing request for /greet --> Learner
^Z^X^C2019-08-21 08:30:07.919  INFO 1 --- [       Thread-3] o.s.s.concurrent.ThreadPoolTaskExecutor  : Shutting down ExecutorService 'applicationTaskExecutor'
training-machine5@training-machine5:~/docker-training-java/spring-boot$ ^C
training-machine5@training-machine5:~/docker-training-java/spring-boot$ docker tag spring-boot-demo docker push vasanthakumarss/spring-boot-demo:v1.0
"docker tag" requires exactly 2 arguments.
See 'docker tag --help'.

Usage:  docker tag SOURCE_IMAGE[:TAG] TARGET_IMAGE[:TAG]

Create a tag TARGET_IMAGE that refers to SOURCE_IMAGE
training-machine5@training-machine5:~/docker-training-java/spring-boot$ docker login
Authenticating with existing credentials...
Login Succeeded
training-machine5@training-machine5:~/docker-training-java/spring-boot$ docker tag spring-boot-demo docker push vasanthakumarss/spring-boot-demo:v1.0
"docker tag" requires exactly 2 arguments.
See 'docker tag --help'.

Usage:  docker tag SOURCE_IMAGE[:TAG] TARGET_IMAGE[:TAG]

Create a tag TARGET_IMAGE that refers to SOURCE_IMAGE
training-machine5@training-machine5:~/docker-training-java/spring-boot$ docker tag spring-boot-demo vasanthakumarss/spring-boot-demo:v1.0
training-machine5@training-machine5:~/docker-training-java/spring-boot$ docker push vasanthakumarss/spring-boot-demo:v1.0
The push refers to repository [docker.io/vasanthakumarss/spring-boot-demo]
014da23c719d: Pushed 
ceaf9e1ebef5: Mounted from library/openjdk 
9b9b7f3d56a0: Mounted from library/openjdk 
f1b5933fe4b5: Mounted from library/openjdk 
v1.0: digest: sha256:5b6d1fbfc6b77a5a6d39dcfb8d2dee0e724a31f28fbc62a79ccdd38e41947e13 size: 1159
training-machine5@training-machine5:~/docker-training-java/spring-boot$ 

